==============================================================================
STAGE6 FINAL PDF AUDIT = BLOCKED ON QUANTITATIVE EXPERIMENT-5 EVIDENCE
==============================================================================
V3_primary_completion_gate = PASS
regression = 229/229 PASS
7_baseline_contract = PASS
12_metric_contract = PASS
missing_numeric_cells = 76
ambiguous_numeric_cells = 0
MISSING | static_ADB | mask_IoU_with_constructed_oracle_future_mask
MISSING | static_ADB | vehicle_shadow_zone_violation
MISSING | static_ADB | glare_risk_exposure
MISSING | static_ADB | over_masking_area
MISSING | static_ADB | road_illumination_retention
MISSING | static_ADB | pedestrian_visibility_proxy
MISSING | static_ADB | cyclist_visibility_proxy
MISSING | static_ADB | false_dimming
MISSING | static_ADB | temporal_smoothness
MISSING | static_ADB | flicker_change_rate
MISSING | static_ADB | energy_consumption
MISSING | static_ADB | actuation_latency
MISSING | original_reactive_ADB | mask_IoU_with_constructed_oracle_future_mask
MISSING | original_reactive_ADB | vehicle_shadow_zone_violation
MISSING | original_reactive_ADB | glare_risk_exposure
MISSING | original_reactive_ADB | over_masking_area
MISSING | original_reactive_ADB | road_illumination_retention
MISSING | original_reactive_ADB | pedestrian_visibility_proxy
MISSING | original_reactive_ADB | cyclist_visibility_proxy
MISSING | original_reactive_ADB | false_dimming
evidence_report = /home/agni/waymo/iscai_stage6/reports/stage6_fullpdf_v3_evidence_audit.json
evidence_sha256 = 856d1773a110777023ef80ca9d95b12c30036691383beb8c8d6bb62ab0d5fea8
Stage6_final_certificate = NOT ISSUED
Stage7_allowed = false
==============================================================================
