==============================================================================
STAGE6 FINALIZATION = SUCCESSFUL FROZEN NEGATIVE SCIENTIFIC CLOSURE
==============================================================================
Stage5_final_authority = PASS / EXACT
PartA_frozen_commit = PASS / EXACT
Stage6_preexisting_tree = UNCHANGED
regression = 224/224 PASS

vehicle_shadow_violation = PASS
pedestrian_visibility = PASS
cyclist_visibility = PASS
overmask_noninferiority = FAIL
reactive_overmask = 0.18862460571658454
predictive_overmask = 0.26521748861081823
predictive_minus_reactive = 0.07659288289423369
frozen_allowed_delta = 0.02
excess_beyond_bound = 0.056592882894233684

formal_evaluation_run_for_failed_protocol = false
controller_rerun = false
evaluator_rerun = false
acceptance_threshold_changed = false
current_protocol_retuned = false
post_outcome_tuning = false

Stage6_implementation_scope = COMPLETE
Stage6_PDF_completion_gate = FAIL
Stage6_status = STAGE6_SCIENTIFIC_NEGATIVE_RESULT_FROZEN_FINAL
Stage7_allowed = false
new_Stage6_protocol_required_for_future_PASS = true

upstream_addendum_sha256 = 37d5c6723c57cb427ba1ce23cc4e87a4bdca07b4d35153a18ada017ccb6ce5d8
final_closure_sha256 = e36a007e4c95b0732eb7505d784fa46c1c06e135cc2dddde636ac0f73c4c1e17
stage7_block_sha256 = 1b47f5948fbb835f2a3f8b8cf8a44081e91112d2ddc8dca1a0d7c0461eea7c0e
freeze_manifest_sha256 = 205073e029d5286e2ccca0160e07d7dd2ebfbbebe5dd6a561dee3fbb7893f52d
==============================================================================
