test_01_frozen_stage4_posterior (test_block50_contracts.TestBlock50Contracts.test_01_frozen_stage4_posterior) ... ok
test_02_horizons (test_block50_contracts.TestBlock50Contracts.test_02_horizons) ... ok
test_03_receiver_policy_is_causal (test_block50_contracts.TestBlock50Contracts.test_03_receiver_policy_is_causal) ... ok
test_04_receiver_geometry_modes (test_block50_contracts.TestBlock50Contracts.test_04_receiver_geometry_modes) ... ok
test_05_codebook_sizes (test_block50_contracts.TestBlock50Contracts.test_05_codebook_sizes) ... ok
test_06_probability_mass_targets (test_block50_contracts.TestBlock50Contracts.test_06_probability_mass_targets) ... ok
test_07_beam_probability_not_gain (test_block50_contracts.TestBlock50Contracts.test_07_beam_probability_not_gain) ... ok
test_08_required_baselines (test_block50_contracts.TestBlock50Contracts.test_08_required_baselines) ... ok
test_09_optical_link_chain (test_block50_contracts.TestBlock50Contracts.test_09_optical_link_chain) ... ok
test_10_formal_is_evaluation_only (test_block50_contracts.TestBlock50Contracts.test_10_formal_is_evaluation_only) ... ok
test_11_scope_boundary (test_block50_contracts.TestBlock50Contracts.test_11_scope_boundary) ... ok
test_12_development_freeze_before_formal (test_block50_contracts.TestBlock50Contracts.test_12_development_freeze_before_formal) ... ok
test_09_centroid_baseline (test_block51_receiver_kernels.TestBlock51ReceiverGeometry.test_09_centroid_baseline) ... ok
test_10_known_offset_yaw_zero (test_block51_receiver_kernels.TestBlock51ReceiverGeometry.test_10_known_offset_yaw_zero) ... ok
test_11_known_offset_yaw_pi_over_two (test_block51_receiver_kernels.TestBlock51ReceiverGeometry.test_11_known_offset_yaw_pi_over_two) ... ok
test_12_uncertain_offset_rotates_covariance (test_block51_receiver_kernels.TestBlock51ReceiverGeometry.test_12_uncertain_offset_rotates_covariance) ... ok
test_13_invalid_non_psd_covariance_rejected (test_block51_receiver_kernels.TestBlock51ReceiverGeometry.test_13_invalid_non_psd_covariance_rejected) ... ok
test_14_asymmetric_covariance_rejected (test_block51_receiver_kernels.TestBlock51ReceiverGeometry.test_14_asymmetric_covariance_rejected) ... ok
test_15_covariance_semantics_explicit (test_block51_receiver_kernels.TestBlock51ReceiverGeometry.test_15_covariance_semantics_explicit) ... ok
test_16_geometry_api_has_no_future_truth_argument (test_block51_receiver_kernels.TestBlock51ReceiverGeometry.test_16_geometry_api_has_no_future_truth_argument) ... ok
test_01_nearest_vehicle_ahead_selected (test_block51_receiver_kernels.TestBlock51ReceiverSelection.test_01_nearest_vehicle_ahead_selected) ... ok
test_02_nonvehicle_is_not_receiver (test_block51_receiver_kernels.TestBlock51ReceiverSelection.test_02_nonvehicle_is_not_receiver) ... ok
test_03_vehicle_behind_is_not_receiver (test_block51_receiver_kernels.TestBlock51ReceiverSelection.test_03_vehicle_behind_is_not_receiver) ... ok
test_04_current_unavailable_or_invalid_excluded (test_block51_receiver_kernels.TestBlock51ReceiverSelection.test_04_current_unavailable_or_invalid_excluded) ... ok
test_05_no_receiver_is_explicit (test_block51_receiver_kernels.TestBlock51ReceiverSelection.test_05_no_receiver_is_explicit) ... ok
test_06_optional_range_gate (test_block51_receiver_kernels.TestBlock51ReceiverSelection.test_06_optional_range_gate) ... ok
test_07_planar_range_not_forward_x_is_primary_rank (test_block51_receiver_kernels.TestBlock51ReceiverSelection.test_07_planar_range_not_forward_x_is_primary_rank) ... ok
test_08_selector_api_has_no_future_metadata (test_block51_receiver_kernels.TestBlock51ReceiverSelection.test_08_selector_api_has_no_future_metadata) ... ok
test_01_primary_policy_remains_exact_existing_selector (test_block51_receiver_policy_registry_repair.TestBlock51ReceiverPolicyRegistryRepair.test_01_primary_policy_remains_exact_existing_selector) ... ok
test_02_registry_has_all_five_canonical_policies (test_block51_receiver_policy_registry_repair.TestBlock51ReceiverPolicyRegistryRepair.test_02_registry_has_all_five_canonical_policies) ... ok
test_03_nearest_alias_is_primary (test_block51_receiver_policy_registry_repair.TestBlock51ReceiverPolicyRegistryRepair.test_03_nearest_alias_is_primary) ... ok
test_04_preceding_policy (test_block51_receiver_policy_registry_repair.TestBlock51ReceiverPolicyRegistryRepair.test_04_preceding_policy) ... ok
test_05_oncoming_policy (test_block51_receiver_policy_registry_repair.TestBlock51ReceiverPolicyRegistryRepair.test_05_oncoming_policy) ... ok
test_06_oncoming_current_heading_fallback (test_block51_receiver_policy_registry_repair.TestBlock51ReceiverPolicyRegistryRepair.test_06_oncoming_current_heading_fallback) ... ok
test_07_fixed_causal_target (test_block51_receiver_policy_registry_repair.TestBlock51ReceiverPolicyRegistryRepair.test_07_fixed_causal_target) ... ok
test_08_highest_expected_link_utility (test_block51_receiver_policy_registry_repair.TestBlock51ReceiverPolicyRegistryRepair.test_08_highest_expected_link_utility) ... ok
test_09_existing_eligibility_is_reused (test_block51_receiver_policy_registry_repair.TestBlock51ReceiverPolicyRegistryRepair.test_09_existing_eligibility_is_reused) ... ok
test_10_policy_metadata_length_must_match (test_block51_receiver_policy_registry_repair.TestBlock51ReceiverPolicyRegistryRepair.test_10_policy_metadata_length_must_match) ... ok
test_11_nonprimary_policy_requires_metadata (test_block51_receiver_policy_registry_repair.TestBlock51ReceiverPolicyRegistryRepair.test_11_nonprimary_policy_requires_metadata) ... ok
test_12_fixed_target_requires_key (test_block51_receiver_policy_registry_repair.TestBlock51ReceiverPolicyRegistryRepair.test_12_fixed_target_requires_key) ... ok
test_13_selector_api_contains_no_forbidden_truth_metadata (test_block51_receiver_policy_registry_repair.TestBlock51ReceiverPolicyRegistryRepair.test_13_selector_api_contains_no_forbidden_truth_metadata) ... ok
test_14_contract_forbids_leakage (test_block51_receiver_policy_registry_repair.TestBlock51ReceiverPolicyRegistryRepair.test_14_contract_forbids_leakage) ... ok
test_15_existing_candidate_type_is_not_modified (test_block51_receiver_policy_registry_repair.TestBlock51ReceiverPolicyRegistryRepair.test_15_existing_candidate_type_is_not_modified) ... ok
test_16_original_frozen_receiver_policy_still_primary (test_block51_receiver_policy_registry_repair.TestBlock51ReceiverPolicyRegistryRepair.test_16_original_frozen_receiver_policy_still_primary) ... ok
test_01_policy_is_frozen (test_block51_stage3_bridge.TestBlock51ReceiverPolicyFreeze.test_01_policy_is_frozen) ... ok
test_02_no_arbitrary_range_cutoff (test_block51_stage3_bridge.TestBlock51ReceiverPolicyFreeze.test_02_no_arbitrary_range_cutoff) ... ok
test_03_required_eligibility (test_block51_stage3_bridge.TestBlock51ReceiverPolicyFreeze.test_03_required_eligibility) ... ok
test_04_forbidden_metadata (test_block51_stage3_bridge.TestBlock51ReceiverPolicyFreeze.test_04_forbidden_metadata) ... ok
test_05_policy_dict_preserves_no_range_cutoff (test_block51_stage3_bridge.TestBlock51ReceiverPolicyFreeze.test_05_policy_dict_preserves_no_range_cutoff) ... ok
test_06_current_estimate_to_candidate (test_block51_stage3_bridge.TestBlock51Stage3ReceiverBridge.test_06_current_estimate_to_candidate) ... ok
test_07_bridge_preserves_order (test_block51_stage3_bridge.TestBlock51Stage3ReceiverBridge.test_07_bridge_preserves_order) ... ok
test_08_bridge_rejects_nonfinite_position (test_block51_stage3_bridge.TestBlock51Stage3ReceiverBridge.test_08_bridge_rejects_nonfinite_position) ... ok
test_09_bridge_rejects_empty_class (test_block51_stage3_bridge.TestBlock51Stage3ReceiverBridge.test_09_bridge_rejects_empty_class) ... ok
test_10_source_semantics_fixed (test_block51_stage3_bridge.TestBlock51Stage3ReceiverBridge.test_10_source_semantics_fixed) ... ok
test_11_bridge_signature_has_no_forbidden_metadata (test_block51_stage3_bridge.TestBlock51Stage3ReceiverBridge.test_11_bridge_signature_has_no_forbidden_metadata) ... ok
test_12_bridge_does_not_add_identity_field (test_block51_stage3_bridge.TestBlock51Stage3ReceiverBridge.test_12_bridge_does_not_add_identity_field) ... ok
test_01_positive_x_axis (test_block52_angular_kernel.TestBlock52AngularGeometry.test_01_positive_x_axis) ... ok
test_02_positive_y_axis (test_block52_angular_kernel.TestBlock52AngularGeometry.test_02_positive_y_axis) ... ok
test_03_nonzero_elevation (test_block52_angular_kernel.TestBlock52AngularGeometry.test_03_nonzero_elevation) ... ok
test_04_undefined_azimuth_rejected (test_block52_angular_kernel.TestBlock52AngularGeometry.test_04_undefined_azimuth_rejected) ... ok
test_05_circular_difference_wrap (test_block52_angular_kernel.TestBlock52AngularGeometry.test_05_circular_difference_wrap) ... ok
test_08_zero_covariance_stays_zero (test_block52_angular_kernel.TestBlock52GaussianPropagation.test_08_zero_covariance_stays_zero) ... ok
test_09_axis_covariance_has_expected_scaling (test_block52_angular_kernel.TestBlock52GaussianPropagation.test_09_axis_covariance_has_expected_scaling) ... ok
test_10_propagated_covariance_is_psd (test_block52_angular_kernel.TestBlock52GaussianPropagation.test_10_propagated_covariance_is_psd) ... ok
test_11_non_psd_input_rejected (test_block52_angular_kernel.TestBlock52GaussianPropagation.test_11_non_psd_input_rejected) ... ok
test_12_position_uncertainties_add_only_at_position_level (test_block52_angular_kernel.TestBlock52GaussianPropagation.test_12_position_uncertainties_add_only_at_position_level) ... ok
test_13_primary_and_crosscheck_methods_distinct (test_block52_angular_kernel.TestBlock52GaussianPropagation.test_13_primary_and_crosscheck_methods_distinct) ... ok
test_14_APIs_have_no_future_truth_or_evaluator_metadata (test_block52_angular_kernel.TestBlock52GaussianPropagation.test_14_APIs_have_no_future_truth_or_evaluator_metadata) ... ok
test_06_jacobian_matches_finite_difference (test_block52_angular_kernel.TestBlock52Jacobian.test_06_jacobian_matches_finite_difference) ... ok
test_07_jacobian_axis_case (test_block52_angular_kernel.TestBlock52Jacobian.test_07_jacobian_axis_case) ... ok
test_01_frozen_alpha_applied_per_horizon (test_block52_monte_carlo.TestBlock52Calibration.test_01_frozen_alpha_applied_per_horizon) ... ok
test_02_calibration_does_not_change_mean_api (test_block52_monte_carlo.TestBlock52Calibration.test_02_calibration_does_not_change_mean_api) ... ok
test_06_straight_trajectory_heading (test_block52_monte_carlo.TestBlock52Heading.test_06_straight_trajectory_heading) ... ok
test_07_low_speed_uses_previous_heading (test_block52_monte_carlo.TestBlock52Heading.test_07_low_speed_uses_previous_heading) ... ok
test_08_heading_threshold_frozen (test_block52_monte_carlo.TestBlock52Heading.test_08_heading_threshold_frozen) ... ok
test_09_centroid_exact_repeat (test_block52_monte_carlo.TestBlock52ReceiverPosterior.test_09_centroid_exact_repeat) ... ok
test_10_known_offset_moves_receiver (test_block52_monte_carlo.TestBlock52ReceiverPosterior.test_10_known_offset_moves_receiver) ... ok
test_11_uncertain_offset_adds_variability (test_block52_monte_carlo.TestBlock52ReceiverPosterior.test_11_uncertain_offset_adds_variability) ... ok
test_12_shared_offset_semantics_frozen (test_block52_monte_carlo.TestBlock52ReceiverPosterior.test_12_shared_offset_semantics_frozen) ... ok
test_13_summary_covariance_psd (test_block52_monte_carlo.TestBlock52ReceiverPosterior.test_13_summary_covariance_psd) ... ok
test_14_four_horizon_output (test_block52_monte_carlo.TestBlock52ReceiverPosterior.test_14_four_horizon_output) ... ok
test_15_below_minimum_MC_count_rejected (test_block52_monte_carlo.TestBlock52ReceiverPosterior.test_15_below_minimum_MC_count_rejected) ... ok
test_16_no_future_or_evaluator_metadata_API (test_block52_monte_carlo.TestBlock52ReceiverPosterior.test_16_no_future_or_evaluator_metadata_API) ... ok
test_17_raw_covariance_is_calibrated_inside_primary_path (test_block52_monte_carlo.TestBlock52ReceiverPosterior.test_17_raw_covariance_is_calibrated_inside_primary_path) ... ok
test_18_geometry_modes_remain_separate (test_block52_monte_carlo.TestBlock52ReceiverPosterior.test_18_geometry_modes_remain_separate) ... ok
test_03_product_sampling_exact_repeat (test_block52_monte_carlo.TestBlock52TrajectorySampling.test_03_product_sampling_exact_repeat) ... ok
test_04_different_seed_changes_samples (test_block52_monte_carlo.TestBlock52TrajectorySampling.test_04_different_seed_changes_samples) ... ok
test_05_joint_semantics_explicit (test_block52_monte_carlo.TestBlock52TrajectorySampling.test_05_joint_semantics_explicit) ... ok
test_01_supported_beam_counts (test_block53_codebook_probability.TestBlock53Codebook.test_01_supported_beam_counts) ... ok
test_02_uniform_16_beam_width (test_block53_codebook_probability.TestBlock53Codebook.test_02_uniform_16_beam_width) ... ok
test_03_centers_are_midpoints (test_block53_codebook_probability.TestBlock53Codebook.test_03_centers_are_midpoints) ... ok
test_04_decision_cells_contiguous (test_block53_codebook_probability.TestBlock53Codebook.test_04_decision_cells_contiguous) ... ok
test_05_cells_cover_exact_support (test_block53_codebook_probability.TestBlock53Codebook.test_05_cells_cover_exact_support) ... ok
test_06_invalid_beam_count_rejected (test_block53_codebook_probability.TestBlock53Codebook.test_06_invalid_beam_count_rejected) ... ok
test_07_invalid_support_rejected (test_block53_codebook_probability.TestBlock53Codebook.test_07_invalid_support_rejected) ... ok
test_08_support_above_2pi_rejected (test_block53_codebook_probability.TestBlock53Codebook.test_08_support_above_2pi_rejected) ... ok
test_09_semantics_separate_cells_and_gain (test_block53_codebook_probability.TestBlock53Codebook.test_09_semantics_separate_cells_and_gain) ... ok
test_16_constant_gain_scores (test_block53_codebook_probability.TestBlock53GainScore.test_16_constant_gain_scores) ... ok
test_17_gain_score_can_overlap_decision_cells (test_block53_codebook_probability.TestBlock53GainScore.test_17_gain_score_can_overlap_decision_cells) ... ok
test_18_public_APIs_have_no_future_or_oracle_input (test_block53_codebook_probability.TestBlock53GainScore.test_18_public_APIs_have_no_future_or_oracle_input) ... ok
test_10_all_inside_mass_sums_to_one (test_block53_codebook_probability.TestBlock53ProbabilityMass.test_10_all_inside_mass_sums_to_one) ... ok
test_11_outside_mass_is_explicit (test_block53_codebook_probability.TestBlock53ProbabilityMass.test_11_outside_mass_is_explicit) ... ok
test_12_final_upper_boundary_is_assigned (test_block53_codebook_probability.TestBlock53ProbabilityMass.test_12_final_upper_boundary_is_assigned) ... ok
test_13_mass_plus_outside_is_one (test_block53_codebook_probability.TestBlock53ProbabilityMass.test_13_mass_plus_outside_is_one) ... ok
test_14_sample_order_does_not_change_mass (test_block53_codebook_probability.TestBlock53ProbabilityMass.test_14_sample_order_does_not_change_mass) ... ok
test_15_probability_semantics_explicit (test_block53_codebook_probability.TestBlock53ProbabilityMass.test_15_probability_semantics_explicit) ... ok
test_07_gain_model_is_constructed_not_PartA_link_gain (test_block53_part2_frozen_codebook.TestBlock53Part2Gain.test_07_gain_model_is_constructed_not_PartA_link_gain) ... ok
test_08_HPBW_rule_is_explicit (test_block53_part2_frozen_codebook.TestBlock53Part2Gain.test_08_HPBW_rule_is_explicit) ... ok
test_09_center_gain_is_one (test_block53_part2_frozen_codebook.TestBlock53Part2Gain.test_09_center_gain_is_one) ... ok
test_10_lower_boundary_is_half_power (test_block53_part2_frozen_codebook.TestBlock53Part2Gain.test_10_lower_boundary_is_half_power) ... ok
test_11_upper_boundary_is_half_power (test_block53_part2_frozen_codebook.TestBlock53Part2Gain.test_11_upper_boundary_is_half_power) ... ok
test_12_adjacent_beams_overlap_at_boundary (test_block53_part2_frozen_codebook.TestBlock53Part2Gain.test_12_adjacent_beams_overlap_at_boundary) ... ok
test_13_gain_is_finite_nonnegative (test_block53_part2_frozen_codebook.TestBlock53Part2Gain.test_13_gain_is_finite_nonnegative) ... ok
test_14_probability_plus_outside_is_one (test_block53_part2_frozen_codebook.TestBlock53Part2Scores.test_14_probability_plus_outside_is_one) ... ok
test_15_outside_support_is_not_silently_dropped (test_block53_part2_frozen_codebook.TestBlock53Part2Scores.test_15_outside_support_is_not_silently_dropped) ... ok
test_16_P_and_S_have_same_beam_count_but_distinct_values (test_block53_part2_frozen_codebook.TestBlock53Part2Scores.test_16_P_and_S_have_same_beam_count_but_distinct_values) ... ok
test_17_scoring_is_exactly_repeatable (test_block53_part2_frozen_codebook.TestBlock53Part2Scores.test_17_scoring_is_exactly_repeatable) ... ok
test_18_public_APIs_have_no_formal_or_oracle_inputs (test_block53_part2_frozen_codebook.TestBlock53Part2Scores.test_18_public_APIs_have_no_formal_or_oracle_inputs) ... ok
test_01_support_is_plus_minus_12_deg (test_block53_part2_frozen_codebook.TestBlock53Part2Support.test_01_support_is_plus_minus_12_deg) ... ok
test_02_support_provenance_is_constructed (test_block53_part2_frozen_codebook.TestBlock53Part2Support.test_02_support_provenance_is_constructed) ... ok
test_03_16_beam_width_is_1p5_deg (test_block53_part2_frozen_codebook.TestBlock53Part2Support.test_03_16_beam_width_is_1p5_deg) ... ok
test_04_32_beam_width_is_0p75_deg (test_block53_part2_frozen_codebook.TestBlock53Part2Support.test_04_32_beam_width_is_0p75_deg) ... ok
test_05_64_beam_width_is_0p375_deg (test_block53_part2_frozen_codebook.TestBlock53Part2Support.test_05_64_beam_width_is_0p375_deg) ... ok
test_06_codebook_is_symmetric (test_block53_part2_frozen_codebook.TestBlock53Part2Support.test_06_codebook_is_symmetric) ... ok
test_01_required_baselines_present (test_block54_baselines.TestBlock54BaselineRegistry.test_01_required_baselines_present) ... ok
test_02_fixed_k_values (test_block54_baselines.TestBlock54BaselineRegistry.test_02_fixed_k_values) ... ok
test_03_oracle_not_controller_baseline (test_block54_baselines.TestBlock54BaselineRegistry.test_03_oracle_not_controller_baseline) ... ok
test_04_adaptive_topk_not_in_registry (test_block54_baselines.TestBlock54BaselineRegistry.test_04_adaptive_topk_not_in_registry) ... ok
test_05_exhaustive_probes_all_16 (test_block54_baselines.TestBlock54ExhaustiveAndFixedTopK.test_05_exhaustive_probes_all_16) ... ok
test_06_fixed_top1_selects_max_Pb (test_block54_baselines.TestBlock54ExhaustiveAndFixedTopK.test_06_fixed_top1_selects_max_Pb) ... ok
test_07_fixed_top3_ordered_by_Pb (test_block54_baselines.TestBlock54ExhaustiveAndFixedTopK.test_07_fixed_top3_ordered_by_Pb) ... ok
test_08_fixed_top5_deterministic_tie_break (test_block54_baselines.TestBlock54ExhaustiveAndFixedTopK.test_08_fixed_top5_deterministic_tie_break) ... ok
test_09_invalid_fixed_k_rejected (test_block54_baselines.TestBlock54ExhaustiveAndFixedTopK.test_09_invalid_fixed_k_rejected) ... ok
test_10_probability_size_mismatch_rejected (test_block54_baselines.TestBlock54ExhaustiveAndFixedTopK.test_10_probability_size_mismatch_rejected) ... ok
test_11_outside_support_flag_propagated (test_block54_baselines.TestBlock54ExhaustiveAndFixedTopK.test_11_outside_support_flag_propagated) ... ok
test_12_geometry_exact_center (test_block54_baselines.TestBlock54GeometryAndPersistence.test_12_geometry_exact_center) ... ok
test_13_geometry_boundary_tie_is_lower_index (test_block54_baselines.TestBlock54GeometryAndPersistence.test_13_geometry_boundary_tie_is_lower_index) ... ok
test_14_geometry_outside_clips_to_edge_and_flags (test_block54_baselines.TestBlock54GeometryAndPersistence.test_14_geometry_outside_clips_to_edge_and_flags) ... ok
test_15_persistence_reuses_previous (test_block54_baselines.TestBlock54GeometryAndPersistence.test_15_persistence_reuses_previous) ... ok
test_16_persistence_initialization_uses_geometry (test_block54_baselines.TestBlock54GeometryAndPersistence.test_16_persistence_initialization_uses_geometry) ... ok
test_17_persistence_without_state_or_fallback_rejected (test_block54_baselines.TestBlock54GeometryAndPersistence.test_17_persistence_without_state_or_fallback_rejected) ... ok
test_18_oracle_best_gain_at_center (test_block54_baselines.TestBlock54OracleAndLeakage.test_18_oracle_best_gain_at_center) ... ok
test_19_oracle_outside_support_is_explicit (test_block54_baselines.TestBlock54OracleAndLeakage.test_19_oracle_outside_support_is_explicit) ... ok
test_20_controller_APIs_have_no_truth_or_oracle_inputs (test_block54_baselines.TestBlock54OracleAndLeakage.test_20_controller_APIs_have_no_truth_or_oracle_inputs) ... ok
test_13_temporal_semantics_strings_frozen (test_block54_part2_temporal_policy.TestBlock54Part2Contract.test_13_temporal_semantics_strings_frozen) ... ok
test_14_oracle_access_is_evaluator_only (test_block54_part2_temporal_policy.TestBlock54Part2Contract.test_14_oracle_access_is_evaluator_only) ... ok
test_15_realized_angle_is_not_controller_input (test_block54_part2_temporal_policy.TestBlock54Part2Contract.test_15_realized_angle_is_not_controller_input) ... ok
test_16_blockage_aware_not_started (test_block54_part2_temporal_policy.TestBlock54Part2Contract.test_16_blockage_aware_not_started) ... ok
test_17_persistence_API_has_no_future_truth (test_block54_part2_temporal_policy.TestBlock54Part2Contract.test_17_persistence_API_has_no_future_truth) ... ok
test_18_persistence_sequence_exact_repeat (test_block54_part2_temporal_policy.TestBlock54Part2Contract.test_18_persistence_sequence_exact_repeat) ... ok
test_07_fixed_suite_has_exact_K_1_3_5 (test_block54_part2_temporal_policy.TestBlock54Part2FixedSuite.test_07_fixed_suite_has_exact_K_1_3_5) ... ok
test_08_fixed_suite_is_not_adaptive (test_block54_part2_temporal_policy.TestBlock54Part2FixedSuite.test_08_fixed_suite_is_not_adaptive) ... ok
test_09_controller_validator_accepts_exhaustive (test_block54_part2_temporal_policy.TestBlock54Part2OracleIsolation.test_09_controller_validator_accepts_exhaustive) ... ok
test_10_controller_validator_rejects_oracle (test_block54_part2_temporal_policy.TestBlock54Part2OracleIsolation.test_10_controller_validator_rejects_oracle) ... ok
test_11_evaluator_validator_accepts_oracle (test_block54_part2_temporal_policy.TestBlock54Part2OracleIsolation.test_11_evaluator_validator_accepts_oracle) ... ok
test_12_evaluator_validator_rejects_controller_selection (test_block54_part2_temporal_policy.TestBlock54Part2OracleIsolation.test_12_evaluator_validator_rejects_controller_selection) ... ok
test_01_initial_state_empty (test_block54_part2_temporal_policy.TestBlock54Part2Persistence.test_01_initial_state_empty) ... ok
test_02_first_step_uses_geometry_fallback (test_block54_part2_temporal_policy.TestBlock54Part2Persistence.test_02_first_step_uses_geometry_fallback) ... ok
test_03_second_step_reuses_previous (test_block54_part2_temporal_policy.TestBlock54Part2Persistence.test_03_second_step_reuses_previous) ... ok
test_04_reset_clears_previous_beam (test_block54_part2_temporal_policy.TestBlock54Part2Persistence.test_04_reset_clears_previous_beam) ... ok
test_05_reset_next_step_reinitializes_geometry (test_block54_part2_temporal_policy.TestBlock54Part2Persistence.test_05_reset_next_step_reinitializes_geometry) ... ok
test_06_invalid_previous_index_rejected (test_block54_part2_temporal_policy.TestBlock54Part2Persistence.test_06_invalid_previous_index_rejected) ... ok
test_06_minimum_prefix_reaches_95_percent (test_block55_adaptive_topk.TestBlock55AdaptiveSelection.test_06_minimum_prefix_reaches_95_percent) ... ok
test_07_stops_at_smallest_prefix (test_block55_adaptive_topk.TestBlock55AdaptiveSelection.test_07_stops_at_smallest_prefix) ... ok
test_08_tie_break_lower_index (test_block55_adaptive_topk.TestBlock55AdaptiveSelection.test_08_tie_break_lower_index) ... ok
test_09_all_frozen_targets_present (test_block55_adaptive_topk.TestBlock55AdaptiveSelection.test_09_all_frozen_targets_present) ... ok
test_10_monotonic_K_across_coverage_targets (test_block55_adaptive_topk.TestBlock55AdaptiveSelection.test_10_monotonic_K_across_coverage_targets) ... ok
test_01_coverage_targets (test_block55_adaptive_topk.TestBlock55FrozenContract.test_01_coverage_targets) ... ok
test_02_nominal_coverage (test_block55_adaptive_topk.TestBlock55FrozenContract.test_02_nominal_coverage) ... ok
test_03_selection_rule_explicit (test_block55_adaptive_topk.TestBlock55FrozenContract.test_03_selection_rule_explicit) ... ok
test_04_outside_support_not_renormalized (test_block55_adaptive_topk.TestBlock55FrozenContract.test_04_outside_support_not_renormalized) ... ok
test_05_kmax_not_yet_numeric_frozen (test_block55_adaptive_topk.TestBlock55FrozenContract.test_05_kmax_not_yet_numeric_frozen) ... ok
test_13_kmax_can_limit_selection (test_block55_adaptive_topk.TestBlock55Kmax.test_13_kmax_can_limit_selection) ... ok
test_14_kmax_none_allows_full_codebook (test_block55_adaptive_topk.TestBlock55Kmax.test_14_kmax_none_allows_full_codebook) ... ok
test_15_invalid_kmax_rejected (test_block55_adaptive_topk.TestBlock55Kmax.test_15_invalid_kmax_rejected) ... ok
test_11_unattainable_if_inside_mass_below_q (test_block55_adaptive_topk.TestBlock55OutsideSupport.test_11_unattainable_if_inside_mass_below_q) ... ok
test_12_outside_mass_is_not_renormalized (test_block55_adaptive_topk.TestBlock55OutsideSupport.test_12_outside_mass_is_not_renormalized) ... ok
test_16_invalid_coverage_rejected (test_block55_adaptive_topk.TestBlock55ValidationAndLeakage.test_16_invalid_coverage_rejected) ... ok
test_17_probability_accounting_mismatch_rejected (test_block55_adaptive_topk.TestBlock55ValidationAndLeakage.test_17_probability_accounting_mismatch_rejected) ... ok
test_18_controller_API_has_no_truth_or_oracle (test_block55_adaptive_topk.TestBlock55ValidationAndLeakage.test_18_controller_API_has_no_truth_or_oracle) ... ok
test_19_nominal_API_has_no_truth_or_oracle (test_block55_adaptive_topk.TestBlock55ValidationAndLeakage.test_19_nominal_API_has_no_truth_or_oracle) ... ok
test_20_exact_repeat (test_block55_adaptive_topk.TestBlock55ValidationAndLeakage.test_20_exact_repeat) ... ok
test_15_all_q_values_supported (test_block55_part2_temporal_controller.TestBlock55Part2CoverageAndLeakage.test_15_all_q_values_supported) ... ok
test_16_requested_mass_is_not_renormalized (test_block55_part2_temporal_controller.TestBlock55Part2CoverageAndLeakage.test_16_requested_mass_is_not_renormalized) ... ok
test_17_controller_API_has_no_truth_or_oracle (test_block55_part2_temporal_controller.TestBlock55Part2CoverageAndLeakage.test_17_controller_API_has_no_truth_or_oracle) ... ok
test_18_reset_is_clean (test_block55_part2_temporal_controller.TestBlock55Part2CoverageAndLeakage.test_18_reset_is_clean) ... ok
test_19_exact_repeat (test_block55_part2_temporal_controller.TestBlock55Part2CoverageAndLeakage.test_19_exact_repeat) ... ok
test_20_kmax_never_below_codebook_size (test_block55_part2_temporal_controller.TestBlock55Part2CoverageAndLeakage.test_20_kmax_never_below_codebook_size) ... ok
test_01_mc_resolution_tolerance (test_block55_part2_temporal_controller.TestBlock55Part2FrozenParameters.test_01_mc_resolution_tolerance) ... ok
test_02_kmax_rule_is_full_codebook (test_block55_part2_temporal_controller.TestBlock55Part2FrozenParameters.test_02_kmax_rule_is_full_codebook) ... ok
test_03_coarser_codebook_chain (test_block55_part2_temporal_controller.TestBlock55Part2FrozenParameters.test_03_coarser_codebook_chain) ... ok
test_04_temporal_rules_are_explicit (test_block55_part2_temporal_controller.TestBlock55Part2FrozenParameters.test_04_temporal_rules_are_explicit) ... ok
test_05_first_step_uses_highest_probability_primary (test_block55_part2_temporal_controller.TestBlock55Part2Hysteresis.test_05_first_step_uses_highest_probability_primary) ... ok
test_06_previous_primary_retained_if_still_in_set (test_block55_part2_temporal_controller.TestBlock55Part2Hysteresis.test_06_previous_primary_retained_if_still_in_set) ... ok
test_07_selected_mass_covering_set_is_not_changed_by_hysteresis (test_block55_part2_temporal_controller.TestBlock55Part2Hysteresis.test_07_selected_mass_covering_set_is_not_changed_by_hysteresis) ... ok
test_08_switch_occurs_if_previous_leaves_set (test_block55_part2_temporal_controller.TestBlock55Part2Hysteresis.test_08_switch_occurs_if_previous_leaves_set) ... ok
test_09_immediate_neighbors_middle (test_block55_part2_temporal_controller.TestBlock55Part2Recovery.test_09_immediate_neighbors_middle) ... ok
test_10_immediate_neighbors_edge (test_block55_part2_temporal_controller.TestBlock55Part2Recovery.test_10_immediate_neighbors_edge) ... ok
test_11_widened_64_to_32 (test_block55_part2_temporal_controller.TestBlock55Part2Recovery.test_11_widened_64_to_32) ... ok
test_12_widened_32_to_16 (test_block55_part2_temporal_controller.TestBlock55Part2Recovery.test_12_widened_32_to_16) ... ok
test_13_no_coarser_than_16 (test_block55_part2_temporal_controller.TestBlock55Part2Recovery.test_13_no_coarser_than_16) ... ok
test_14_outside_support_loss_of_lock_triggers_exhaustive (test_block55_part2_temporal_controller.TestBlock55Part2Recovery.test_14_outside_support_loss_of_lock_triggers_exhaustive) ... ok
test_17_no_overhead_no_BER_returns_raw_rate (test_block56_optical_link.TestBlock56EffectiveRate.test_17_no_overhead_no_BER_returns_raw_rate) ... ok
test_18_exact_probing_overhead_formula (test_block56_optical_link.TestBlock56EffectiveRate.test_18_exact_probing_overhead_formula) ... ok
test_19_overhead_above_frame_yields_zero_rate (test_block56_optical_link.TestBlock56EffectiveRate.test_19_overhead_above_frame_yields_zero_rate) ... ok
test_20_full_chain_exact_repeat_and_no_oracle_API (test_block56_optical_link.TestBlock56FullChain.test_20_full_chain_exact_repeat_and_no_oracle_API) ... ok
test_01_H0_default_is_front_face_midpoint (test_block56_optical_link.TestBlock56HeadlampContract.test_01_H0_default_is_front_face_midpoint) ... ok
test_02_no_second_extrinsic_semantics (test_block56_optical_link.TestBlock56HeadlampContract.test_02_no_second_extrinsic_semantics) ... ok
test_03_raw_rate_is_one_Gbps (test_block56_optical_link.TestBlock56PartAReference.test_03_raw_rate_is_one_Gbps) ... ok
test_04_normalized_power_reference (test_block56_optical_link.TestBlock56PartAReference.test_04_normalized_power_reference) ... ok
test_05_power_units_not_claimed_as_watts (test_block56_optical_link.TestBlock56PartAReference.test_05_power_units_not_claimed_as_watts) ... ok
test_06_constructed_model_explicit (test_block56_optical_link.TestBlock56PointingGain.test_06_constructed_model_explicit) ... ok
test_07_center_gain_is_one (test_block56_optical_link.TestBlock56PointingGain.test_07_center_gain_is_one) ... ok
test_08_half_HPBW_azimuth_is_half_gain (test_block56_optical_link.TestBlock56PointingGain.test_08_half_HPBW_azimuth_is_half_gain) ... ok
test_09_elevation_error_reduces_gain (test_block56_optical_link.TestBlock56PointingGain.test_09_elevation_error_reduces_gain) ... ok
test_10_azimuth_wrap (test_block56_optical_link.TestBlock56PointingGain.test_10_azimuth_wrap) ... ok
test_11_unity_losses_reproduce_reference_power (test_block56_optical_link.TestBlock56PowerSNRBER.test_11_unity_losses_reproduce_reference_power) ... ok
test_12_mandatory_losses_are_unity (test_block56_optical_link.TestBlock56PowerSNRBER.test_12_mandatory_losses_are_unity) ... ok
test_13_reference_power_reproduces_20dB (test_block56_optical_link.TestBlock56PowerSNRBER.test_13_reference_power_reproduces_20dB) ... ok
test_14_DBPSK_zero_SNR_is_half (test_block56_optical_link.TestBlock56PowerSNRBER.test_14_DBPSK_zero_SNR_is_half) ... ok
test_15_DBPSK_BER_decreases_with_SNR (test_block56_optical_link.TestBlock56PowerSNRBER.test_15_DBPSK_BER_decreases_with_SNR) ... ok
test_16_20dB_analytic_BER_is_effectively_zero (test_block56_optical_link.TestBlock56PowerSNRBER.test_16_20dB_analytic_BER_is_effectively_zero) ... ok
test_16_normal_adaptive_probe_count_is_K (test_block57_latency_controller.TestBlock57AdaptiveRecoveryAccounting.test_16_normal_adaptive_probe_count_is_K) ... ok
test_17_loss_lock_32_beam_is_widened_plus_exhaustive (test_block57_latency_controller.TestBlock57AdaptiveRecoveryAccounting.test_17_loss_lock_32_beam_is_widened_plus_exhaustive) ... ok
test_01_PartA_chirp_is_10us (test_block57_latency_controller.TestBlock57FrozenTiming.test_01_PartA_chirp_is_10us) ... ok
test_02_beam_probe_is_one_chirp_baseline (test_block57_latency_controller.TestBlock57FrozenTiming.test_02_beam_probe_is_one_chirp_baseline) ... ok
test_03_rate_frame_is_100ms_scene_cycle (test_block57_latency_controller.TestBlock57FrozenTiming.test_03_rate_frame_is_100ms_scene_cycle) ... ok
test_04_multi_rate_truth_policy (test_block57_latency_controller.TestBlock57FrozenTiming.test_04_multi_rate_truth_policy) ... ok
test_18_perf_counter_instrumentation (test_block57_latency_controller.TestBlock57InstrumentationAndLeakage.test_18_perf_counter_instrumentation) ... ok
test_19_GPU_sync_policy_explicit (test_block57_latency_controller.TestBlock57InstrumentationAndLeakage.test_19_GPU_sync_policy_explicit) ... ok
test_20_public_latency_APIs_have_no_truth_or_oracle (test_block57_latency_controller.TestBlock57InstrumentationAndLeakage.test_20_public_latency_APIs_have_no_truth_or_oracle) ... ok
test_09_tau_total_formula (test_block57_latency_controller.TestBlock57LatencyBudget.test_09_tau_total_formula) ... ok
test_10_inference_decomposed (test_block57_latency_controller.TestBlock57LatencyBudget.test_10_inference_decomposed) ... ok
test_11_data_loading_not_in_online_tau (test_block57_latency_controller.TestBlock57LatencyBudget.test_11_data_loading_not_in_online_tau) ... ok
test_12_data_loading_in_wall_runtime (test_block57_latency_controller.TestBlock57LatencyBudget.test_12_data_loading_in_wall_runtime) ... ok
test_13_100ms_deadline (test_block57_latency_controller.TestBlock57LatencyBudget.test_13_100ms_deadline) ... ok
test_14_sub100ms_target_is_model_based (test_block57_latency_controller.TestBlock57LatencyPrediction.test_14_sub100ms_target_is_model_based) ... ok
test_15_exact_100ms_target_uses_frozen_horizon (test_block57_latency_controller.TestBlock57LatencyPrediction.test_15_exact_100ms_target_uses_frozen_horizon) ... ok
test_05_16_beam_exhaustive_overhead (test_block57_latency_controller.TestBlock57ProbingOverhead.test_05_16_beam_exhaustive_overhead) ... ok
test_06_32_beam_exhaustive_overhead (test_block57_latency_controller.TestBlock57ProbingOverhead.test_06_32_beam_exhaustive_overhead) ... ok
test_07_64_beam_exhaustive_overhead (test_block57_latency_controller.TestBlock57ProbingOverhead.test_07_64_beam_exhaustive_overhead) ... ok
test_08_64_beam_zero_BER_effective_rate (test_block57_latency_controller.TestBlock57ProbingOverhead.test_08_64_beam_zero_BER_effective_rate) ... ok
test_01_binomial_n2_h0 (test_block58_formal_acceptance.TestBlock58FormalAcceptance.test_01_binomial_n2_h0) ... ok
test_02_binomial_n2_h1 (test_block58_formal_acceptance.TestBlock58FormalAcceptance.test_02_binomial_n2_h1) ... ok
test_03_all_hits_tail_is_one (test_block58_formal_acceptance.TestBlock58FormalAcceptance.test_03_all_hits_tail_is_one) ... ok
test_04_tail_is_monotonic (test_block58_formal_acceptance.TestBlock58FormalAcceptance.test_04_tail_is_monotonic) ... ok
test_05_clear_shortfall_fails (test_block58_formal_acceptance.TestBlock58FormalAcceptance.test_05_clear_shortfall_fails) ... ok
test_06_all_hits_pass (test_block58_formal_acceptance.TestBlock58FormalAcceptance.test_06_all_hits_pass) ... ok
test_07_empirical_coverage_exact (test_block58_formal_acceptance.TestBlock58FormalAcceptance.test_07_empirical_coverage_exact) ... ok
test_08_minimum_hit_threshold (test_block58_formal_acceptance.TestBlock58FormalAcceptance.test_08_minimum_hit_threshold) ... ok
test_09_zero_trials_rejected (test_block58_formal_acceptance.TestBlock58FormalAcceptance.test_09_zero_trials_rejected) ... ok
test_10_invalid_hits_rejected (test_block58_formal_acceptance.TestBlock58FormalAcceptance.test_10_invalid_hits_rejected) ... ok
test_11_invalid_q_rejected (test_block58_formal_acceptance.TestBlock58FormalAcceptance.test_11_invalid_q_rejected) ... ok
test_12_policy_is_prefrozen_nominal_95 (test_block58_formal_acceptance.TestBlock58FormalAcceptance.test_12_policy_is_prefrozen_nominal_95) ... ok
test_block59_candidate_report (test_block59_reproducibility.Block59ReproducibilityTest.test_block59_candidate_report) ... ok
test_fresh_process_outputs (test_block59_reproducibility.Block59ReproducibilityTest.test_fresh_process_outputs) ... ok
test_scene_level_exact_repeat (test_block59_reproducibility.Block59ReproducibilityTest.test_scene_level_exact_repeat) ... ok
test_01_receiver_modes_are_physically_distinct (test_stage5_fullpdf_v2.TestStage5FullPdfV2.test_01_receiver_modes_are_physically_distinct) ... ok
test_02_known_offset_rotates_with_heading (test_stage5_fullpdf_v2.TestStage5FullPdfV2.test_02_known_offset_rotates_with_heading) ... ok
test_03_uncertain_covariance_propagates (test_stage5_fullpdf_v2.TestStage5FullPdfV2.test_03_uncertain_covariance_propagates) ... ok
test_04_no_calibration_scale_argument_exists (test_stage5_fullpdf_v2.TestStage5FullPdfV2.test_04_no_calibration_scale_argument_exists) ... ok
test_05_receiver_mc_is_exactly_reproducible (test_stage5_fullpdf_v2.TestStage5FullPdfV2.test_05_receiver_mc_is_exactly_reproducible) ... ok
test_06_outside_fov_is_not_clipped (test_stage5_fullpdf_v2.TestStage5FullPdfV2.test_06_outside_fov_is_not_clipped) ... ok
test_07_all_pdf_probability_targets_supported (test_stage5_fullpdf_v2.TestStage5FullPdfV2.test_07_all_pdf_probability_targets_supported) ... ok
test_08_adaptive_topk_is_minimum_mass_set (test_stage5_fullpdf_v2.TestStage5FullPdfV2.test_08_adaptive_topk_is_minimum_mass_set) ... ok
test_09_hysteresis_only_keeps_previous_inside_set (test_stage5_fullpdf_v2.TestStage5FullPdfV2.test_09_hysteresis_only_keeps_previous_inside_set) ... ok
test_10_unattainable_mass_is_explicit_loss_of_lock (test_stage5_fullpdf_v2.TestStage5FullPdfV2.test_10_unattainable_mass_is_explicit_loss_of_lock) ... ok
test_11_widened_fallback_is_real_beam_geometry (test_stage5_fullpdf_v2.TestStage5FullPdfV2.test_11_widened_fallback_is_real_beam_geometry) ... ok
test_12_no_free_best_link_probes (test_stage5_fullpdf_v2.TestStage5FullPdfV2.test_12_no_free_best_link_probes) ... ok
test_13_existing_optical_chain_remains_available (test_stage5_fullpdf_v2.TestStage5FullPdfV2.test_13_existing_optical_chain_remains_available) ... ok
test_14_existing_latency_contract_uses_probe_count (test_stage5_fullpdf_v2.TestStage5FullPdfV2.test_14_existing_latency_contract_uses_probe_count) ... ok

----------------------------------------------------------------------
Ran 271 tests in 0.170s

OK
