Planned shards: 1
Estimated new paired bytes: 1662270230
Free bytes now: 462873731072
Hard reserve bytes: 268435456000
validation /waymo/data/v1_3_0_scenario/validation/validation.tfrecord-00000-of-00150 selected_scenarios= 286 pair_bytes= 1662270230
Copying gs://waymo_open_dataset_motion_v_1_3_0/uncompressed/lidar_and_camera/validation/b85e1bd6cc8e74c0.tfrecord to file:///waymo/data/paired_womd_lidar_v1_3_0/.transactions/validation/validation.tfrecord-00000-of-00150/lidar/b85e1bd6cc8e74c0.tfrecord
Copying gs://waymo_open_dataset_motion_v_1_3_0/uncompressed/lidar_and_camera/validation/4d82fec943ddaa44.tfrecord to file:///waymo/data/paired_womd_lidar_v1_3_0/.transactions/validation/validation.tfrecord-00000-of-00150/lidar/4d82fec943ddaa44.tfrecord
  
.Copying gs://waymo_open_dataset_motion_v_1_3_0/uncompressed/lidar_and_camera/validation/bbc29ed5e271f29b.tfrecord to file:///waymo/data/paired_womd_lidar_v1_3_0/.transactions/validation/validation.tfrecord-00000-of-00150/lidar/bbc29ed5e271f29b.tfrecord
..Copying gs://waymo_open_dataset_motion_v_1_3_0/uncompressed/lidar_and_camera/validation/e62aa413f7123df2.tfrecord to file:///waymo/data/paired_womd_lidar_v1_3_0/.transactions/validation/validation.tfrecord-00000-of-00150/lidar/e62aa413f7123df2.tfrecord
.Copying gs://waymo_open_dataset_motion_v_1_3_0/uncompressed/lidar_and_camera/validation/75ae707721eb23b4.tfrecord to file:///waymo/data/paired_womd_lidar_v1_3_0/.transactions/validation/validation.tfrecord-00000-of-00150/lidar/75ae707721eb23b4.tfrecord
..Copying gs://waymo_open_dataset_motion_v_1_3_0/uncompressed/lidar_and_camera/validation/8648f5e79d851915.tfrecord to file:///waymo/data/paired_womd_lidar_v1_3_0/.transactions/validation/validation.tfrecord-00000-of-00150/lidar/8648f5e79d851915.tfrecord
.Copying gs://waymo_open_dataset_motion_v_1_3_0/uncompressed/lidar_and_camera/validation/b3d21f3e926402b8.tfrecord to file:///waymo/data/paired_womd_lidar_v1_3_0/.transactions/validation/validation.tfrecord-00000-of-00150/lidar/b3d21f3e926402b8.tfrecord
..Copying gs://waymo_open_dataset_motion_v_1_3_0/uncompressed/lidar_and_camera/validation/6674063a1f2918e7.tfrecord to file:///waymo/data/paired_womd_lidar_v1_3_0/.transactions/validation/validation.tfrecord-00000-of-00150/lidar/6674063a1f2918e7.tfrecord
.Copying gs://waymo_open_dataset_motion_v_1_3_0/uncompressed/lidar_and_camera/validation/52dafd686fe77b21.tfrecord to file:///waymo/data/paired_womd_lidar_v1_3_0/.transactions/validation/validation.tfrecord-00000-of-00150/lidar/52dafd686fe77b21.tfrecord
...Copying gs://waymo_open_dataset_motion_v_1_3_0/uncompressed/lidar_and_camera/validation/c95a61d1861f429a.tfrecord to file:///waymo/data/paired_womd_lidar_v1_3_0/.transactions/validation/validation.tfrecord-00000-of-00150/lidar/c95a61d1861f429a.tfrecord
Copying gs://waymo_open_dataset_motion_v_1_3_0/uncompressed/lidar_and_camera/validation/923a0c6bb90f4127.tfrecord to file:///waymo/data/paired_womd_lidar_v1_3_0/.transactions/validation/validation.tfrecord-00000-of-00150/lidar/923a0c6bb90f4127.tfrecord
...Copying gs://waymo_open_dataset_motion_v_1_3_0/uncompressed/lidar_and_camera/validation/6331adf4166f24de.tfrecord to file:///waymo/data/paired_womd_lidar_v1_3_0/.transactions/validation/validation.tfrecord-00000-of-00150/lidar/6331adf4166f24de.tfrecord
.Copying gs://waymo_open_dataset_motion_v_1_3_0/uncompressed/lidar_and_camera/validation/cc9589317338f404.tfrecord to file:///waymo/data/paired_womd_lidar_v1_3_0/.transactions/validation/validation.tfrecord-00000-of-00150/lidar/cc9589317338f404.tfrecord
..Copying gs://waymo_open_dataset_motion_v_1_3_0/uncompressed/lidar_and_camera/validation/7c6ac47c0deee2af.tfrecord to file:///waymo/data/paired_womd_lidar_v1_3_0/.transactions/validation/validation.tfrecord-00000-of-00150/lidar/7c6ac47c0deee2af.tfrecord
.Copying gs://waymo_open_dataset_motion_v_1_3_0/uncompressed/lidar_and_camera/validation/8d0ef6b17198e5fc.tfrecord to file:///waymo/data/paired_womd_lidar_v1_3_0/.transactions/validation/validation.tfrecord-00000-of-00150/lidar/8d0ef6b17198e5fc.tfrecord
..Copying gs://waymo_open_dataset_motion_v_1_3_0/uncompressed/lidar_and_camera/validation/cab49708968f63ea.tfrecord to file:///waymo/data/paired_womd_lidar_v1_3_0/.transactions/validation/validation.tfrecord-00000-of-00150/lidar/cab49708968f63ea.tfrecord
.Copying gs://waymo_open_dataset_motion_v_1_3_0/uncompressed/lidar_and_camera/validation/6f7c8085d2349995.tfrecord to file:///waymo/data/paired_womd_lidar_v1_3_0/.transactions/validation/validation.tfrecord-00000-of-00150/lidar/6f7c8085d2349995.tfrecord
..Copying gs://waymo_open_dataset_motion_v_1_3_0/uncompressed/lidar_and_camera/validation/a18fcad9beede995.tfrecord to file:///waymo/data/paired_womd_lidar_v1_3_0/.transactions/validation/validation.tfrecord-00000-of-00150/lidar/a18fcad9beede995.tfrecord
.Copying gs://waymo_open_dataset_motion_v_1_3_0/uncompressed/lidar_and_camera/validation/e051a863545dcba.tfrecord to file:///waymo/data/paired_womd_lidar_v1_3_0/.transactions/validation/validation.tfrecord-00000-of-00150/lidar/e051a863545dcba.tfrecord
..Copying gs://waymo_open_dataset_motion_v_1_3_0/uncompressed/lidar_and_camera/validation/ff822d94e1b029e.tfrecord to file:///waymo/data/paired_womd_lidar_v1_3_0/.transactions/validation/validation.tfrecord-00000-of-00150/lidar/ff822d94e1b029e.tfrecord
.Copying gs://waymo_open_dataset_motion_v_1_3_0/uncompressed/lidar_and_camera/validation/1d1f5fa04d938a95.tfrecord to file:///waymo/data/paired_womd_lidar_v1_3_0/.transactions/validation/validation.tfrecord-00000-of-00150/lidar/1d1f5fa04d938a95.tfrecord
...Copying gs://waymo_open_dataset_motion_v_1_3_0/uncompressed/lidar_and_camera/validation/d4a4aac0a880c4a1.tfrecord to file:///waymo/data/paired_womd_lidar_v1_3_0/.transactions/validation/validation.tfrecord-00000-of-00150/lidar/d4a4aac0a880c4a1.tfrecord
Copying gs://waymo_open_dataset_motion_v_1_3_0/uncompressed/lidar_and_camera/validation/5d3dd267ff0560f8.tfrecord to file:///waymo/data/paired_womd_lidar_v1_3_0/.transactions/validation/validation.tfrecord-00000-of-00150/lidar/5d3dd267ff0560f8.tfrecord
...Copying gs://waymo_open_dataset_motion_v_1_3_0/uncompressed/lidar_and_camera/validation/137a96e2448a70f2.tfrecord to file:///waymo/data/paired_womd_lidar_v1_3_0/.transactions/validation/validation.tfrecord-00000-of-00150/lidar/137a96e2448a70f2.tfrecord
.Copying gs://waymo_open_dataset_motion_v_1_3_0/uncompressed/lidar_and_camera/validation/6c473fa0f3ec89d4.tfrecord to file:///waymo/data/paired_womd_lidar_v1_3_0/.transactions/validation/validation.tfrecord-00000-of-00150/lidar/6c473fa0f3ec89d4.tfrecord
..Copying gs://waymo_open_dataset_motion_v_1_3_0/uncompressed/lidar_and_camera/validation/d1988864008fc062.tfrecord to file:///waymo/data/paired_womd_lidar_v1_3_0/.transactions/validation/validation.tfrecord-00000-of-00150/lidar/d1988864008fc062.tfrecord
.Copying gs://waymo_open_dataset_motion_v_1_3_0/uncompressed/lidar_and_camera/validation/867742bb79b60ef1.tfrecord to file:///waymo/data/paired_womd_lidar_v1_3_0/.transactions/validation/validation.tfrecord-00000-of-00150/lidar/867742bb79b60ef1.tfrecord
..Copying gs://waymo_open_dataset_motion_v_1_3_0/uncompressed/lidar_and_camera/validation/cbcc8c3d0cd793e3.tfrecord to file:///waymo/data/paired_womd_lidar_v1_3_0/.transactions/validation/validation.tfrecord-00000-of-00150/lidar/cbcc8c3d0cd793e3.tfrecord
.Copying gs://waymo_open_dataset_motion_v_1_3_0/uncompressed/lidar_and_camera/validation/937a36fda7590344.tfrecord to file:///waymo/data/paired_womd_lidar_v1_3_0/.transactions/validation/validation.tfrecord-00000-of-00150/lidar/937a36fda7590344.tfrecord
..Copying gs://waymo_open_dataset_motion_v_1_3_0/uncompressed/lidar_and_camera/validation/31dacbbc13bea3a5.tfrecord to file:///waymo/data/paired_womd_lidar_v1_3_0/.transactions/validation/validation.tfrecord-00000-of-00150/lidar/31dacbbc13bea3a5.tfrecord
.Copying gs://waymo_open_dataset_motion_v_1_3_0/uncompressed/lidar_and_camera/validation/63aa81280dec3a04.tfrecord to file:///waymo/data/paired_womd_lidar_v1_3_0/.transactions/validation/validation.tfrecord-00000-of-00150/lidar/63aa81280dec3a04.tfrecord
...Copying gs://waymo_open_dataset_motion_v_1_3_0/uncompressed/lidar_and_camera/validation/5baef16beff3351.tfrecord to file:///waymo/data/paired_womd_lidar_v1_3_0/.transactions/validation/validation.tfrecord-00000-of-00150/lidar/5baef16beff3351.tfrecord
Copying gs://waymo_open_dataset_motion_v_1_3_0/uncompressed/lidar_and_camera/validation/7d80ed6e1b3a4bca.tfrecord to file:///waymo/data/paired_womd_lidar_v1_3_0/.transactions/validation/validation.tfrecord-00000-of-00150/lidar/7d80ed6e1b3a4bca.tfrecord
...Copying gs://waymo_open_dataset_motion_v_1_3_0/uncompressed/lidar_and_camera/validation/37f777c6ace6ef2d.tfrecord to file:///waymo/data/paired_womd_lidar_v1_3_0/.transactions/validation/validation.tfrecord-00000-of-00150/lidar/37f777c6ace6ef2d.tfrecord
.Copying gs://waymo_open_dataset_motion_v_1_3_0/uncompressed/lidar_and_camera/validation/4256e2c605c242e4.tfrecord to file:///waymo/data/paired_womd_lidar_v1_3_0/.transactions/validation/validation.tfrecord-00000-of-00150/lidar/4256e2c605c242e4.tfrecord
..Copying gs://waymo_open_dataset_motion_v_1_3_0/uncompressed/lidar_and_camera/validation/bd64b1e53258417d.tfrecord to file:///waymo/data/paired_womd_lidar_v1_3_0/.transactions/validation/validation.tfrecord-00000-of-00150/lidar/bd64b1e53258417d.tfrecord
.Copying gs://waymo_open_dataset_motion_v_1_3_0/uncompressed/lidar_and_camera/validation/3eea09dc81191856.tfrecord to file:///waymo/data/paired_womd_lidar_v1_3_0/.transactions/validation/validation.tfrecord-00000-of-00150/lidar/3eea09dc81191856.tfrecord
..Copying gs://waymo_open_dataset_motion_v_1_3_0/uncompressed/lidar_and_camera/validation/52b497677c713bb.tfrecord to file:///waymo/data/paired_womd_lidar_v1_3_0/.transactions/validation/validation.tfrecord-00000-of-00150/lidar/52b497677c713bb.tfrecord
.Copying gs://waymo_open_dataset_motion_v_1_3_0/uncompressed/lidar_and_camera/validation/2c25db5bb4c518fc.tfrecord to file:///waymo/data/paired_womd_lidar_v1_3_0/.transactions/validation/validation.tfrecord-00000-of-00150/lidar/2c25db5bb4c518fc.tfrecord
..Copying gs://waymo_open_dataset_motion_v_1_3_0/uncompressed/lidar_and_camera/validation/2d129da061cb3f3c.tfrecord to file:///waymo/data/paired_womd_lidar_v1_3_0/.transactions/validation/validation.tfrecord-00000-of-00150/lidar/2d129da061cb3f3c.tfrecord
.Copying gs://waymo_open_dataset_motion_v_1_3_0/uncompressed/lidar_and_camera/validation/b1d2abd2a7071a9e.tfrecord to file:///waymo/data/paired_womd_lidar_v1_3_0/.transactions/validation/validation.tfrecord-00000-of-00150/lidar/b1d2abd2a7071a9e.tfrecord
..Copying gs://waymo_open_dataset_motion_v_1_3_0/uncompressed/lidar_and_camera/validation/456c82a2483907f9.tfrecord to file:///waymo/data/paired_womd_lidar_v1_3_0/.transactions/validation/validation.tfrecord-00000-of-00150/lidar/456c82a2483907f9.tfrecord
.Copying gs://waymo_open_dataset_motion_v_1_3_0/uncompressed/lidar_and_camera/validation/8d48879913fb7242.tfrecord to file:///waymo/data/paired_womd_lidar_v1_3_0/.transactions/validation/validation.tfrecord-00000-of-00150/lidar/8d48879913fb7242.tfrecord
...Copying gs://waymo_open_dataset_motion_v_1_3_0/uncompressed/lidar_and_camera/validation/3b209d0ac3924163.tfrecord to file:///waymo/data/paired_womd_lidar_v1_3_0/.transactions/validation/validation.tfrecord-00000-of-00150/lidar/3b209d0ac3924163.tfrecord
Copying gs://waymo_open_dataset_motion_v_1_3_0/uncompressed/lidar_and_camera/validation/d782e0b81cb67a55.tfrecord to file:///waymo/data/paired_womd_lidar_v1_3_0/.transactions/validation/validation.tfrecord-00000-of-00150/lidar/d782e0b81cb67a55.tfrecord
...Copying gs://waymo_open_dataset_motion_v_1_3_0/uncompressed/lidar_and_camera/validation/bec74a69a06a8a83.tfrecord to file:///waymo/data/paired_womd_lidar_v1_3_0/.transactions/validation/validation.tfrecord-00000-of-00150/lidar/bec74a69a06a8a83.tfrecord
.Copying gs://waymo_open_dataset_motion_v_1_3_0/uncompressed/lidar_and_camera/validation/f3b2459ccaf463ce.tfrecord to file:///waymo/data/paired_womd_lidar_v1_3_0/.transactions/validation/validation.tfrecord-00000-of-00150/lidar/f3b2459ccaf463ce.tfrecord
..Copying gs://waymo_open_dataset_motion_v_1_3_0/uncompressed/lidar_and_camera/validation/9c2e4ca680e4dd24.tfrecord to file:///waymo/data/paired_womd_lidar_v1_3_0/.transactions/validation/validation.tfrecord-00000-of-00150/lidar/9c2e4ca680e4dd24.tfrecord
.Copying gs://waymo_open_dataset_motion_v_1_3_0/uncompressed/lidar_and_camera/validation/afaaf8c731b424b0.tfrecord to file:///waymo/data/paired_womd_lidar_v1_3_0/.transactions/validation/validation.tfrecord-00000-of-00150/lidar/afaaf8c731b424b0.tfrecord
..Copying gs://waymo_open_dataset_motion_v_1_3_0/uncompressed/lidar_and_camera/validation/3269bc19bf1bd1e1.tfrecord to file:///waymo/data/paired_womd_lidar_v1_3_0/.transactions/validation/validation.tfrecord-00000-of-00150/lidar/3269bc19bf1bd1e1.tfrecord
.Copying gs://waymo_open_dataset_motion_v_1_3_0/uncompressed/lidar_and_camera/validation/e5f179316977727d.tfrecord to file:///waymo/data/paired_womd_lidar_v1_3_0/.transactions/validation/validation.tfrecord-00000-of-00150/lidar/e5f179316977727d.tfrecord
..Copying gs://waymo_open_dataset_motion_v_1_3_0/uncompressed/lidar_and_camera/validation/e73b04f426df896d.tfrecord to file:///waymo/data/paired_womd_lidar_v1_3_0/.transactions/validation/validation.tfrecord-00000-of-00150/lidar/e73b04f426df896d.tfrecord
.Copying gs://waymo_open_dataset_motion_v_1_3_0/uncompressed/lidar_and_camera/validation/2ab64be7dcf7880f.tfrecord to file:///waymo/data/paired_womd_lidar_v1_3_0/.transactions/validation/validation.tfrecord-00000-of-00150/lidar/2ab64be7dcf7880f.tfrecord
..Copying gs://waymo_open_dataset_motion_v_1_3_0/uncompressed/lidar_and_camera/validation/3a4ae9ee778d3ee.tfrecord to file:///waymo/data/paired_womd_lidar_v1_3_0/.transactions/validation/validation.tfrecord-00000-of-00150/lidar/3a4ae9ee778d3ee.tfrecord
.Copying gs://waymo_open_dataset_motion_v_1_3_0/uncompressed/lidar_and_camera/validation/1bb837605aa83b56.tfrecord to file:///waymo/data/paired_womd_lidar_v1_3_0/.transactions/validation/validation.tfrecord-00000-of-00150/lidar/1bb837605aa83b56.tfrecord
.Copying gs://waymo_open_dataset_motion_v_1_3_0/uncompressed/lidar_and_camera/validation/c5e79c87c080a08d.tfrecord to file:///waymo/data/paired_womd_lidar_v1_3_0/.transactions/validation/validation.tfrecord-00000-of-00150/lidar/c5e79c87c080a08d.tfrecord
.Copying gs://waymo_open_dataset_motion_v_1_3_0/uncompressed/lidar_and_camera/validation/308716b64a079919.tfrecord to file:///waymo/data/paired_womd_lidar_v1_3_0/.transactions/validation/validation.tfrecord-00000-of-00150/lidar/308716b64a079919.tfrecord
.Copying gs://waymo_open_dataset_motion_v_1_3_0/uncompressed/lidar_and_camera/validation/1d621f7d18fc0151.tfrecord to file:///waymo/data/paired_womd_lidar_v1_3_0/.transactions/validation/validation.tfrecord-00000-of-00150/lidar/1d621f7d18fc0151.tfrecord
.Copying gs://waymo_open_dataset_motion_v_1_3_0/uncompressed/lidar_and_camera/validation/5c14062cdca66b03.tfrecord to file:///waymo/data/paired_womd_lidar_v1_3_0/.transactions/validation/validation.tfrecord-00000-of-00150/lidar/5c14062cdca66b03.tfrecord
.Copying gs://waymo_open_dataset_motion_v_1_3_0/uncompressed/lidar_and_camera/validation/428e1a22fda36416.tfrecord to file:///waymo/data/paired_womd_lidar_v1_3_0/.transactions/validation/validation.tfrecord-00000-of-00150/lidar/428e1a22fda36416.tfrecord
Copying gs://waymo_open_dataset_motion_v_1_3_0/uncompressed/lidar_and_camera/validation/4effffdd03e3f9b1.tfrecord to file:///waymo/data/paired_womd_lidar_v1_3_0/.transactions/validation/validation.tfrecord-00000-of-00150/lidar/4effffdd03e3f9b1.tfrecord
.Copying gs://waymo_open_dataset_motion_v_1_3_0/uncompressed/lidar_and_camera/validation/8ac30b83a6a8bfed.tfrecord to file:///waymo/data/paired_womd_lidar_v1_3_0/.transactions/validation/validation.tfrecord-00000-of-00150/lidar/8ac30b83a6a8bfed.tfrecord
.Copying gs://waymo_open_dataset_motion_v_1_3_0/uncompressed/lidar_and_camera/validation/3b833a190d8dc2c7.tfrecord to file:///waymo/data/paired_womd_lidar_v1_3_0/.transactions/validation/validation.tfrecord-00000-of-00150/lidar/3b833a190d8dc2c7.tfrecord
Copying gs://waymo_open_dataset_motion_v_1_3_0/uncompressed/lidar_and_camera/validation/bc1ebbf98487adaa.tfrecord to file:///waymo/data/paired_womd_lidar_v1_3_0/.transactions/validation/validation.tfrecord-00000-of-00150/lidar/bc1ebbf98487adaa.tfrecord
.......

Average throughput: 16.4MiB/s
Copying gs://waymo_open_dataset_motion_v_1_3_0/uncompressed/lidar_and_camera/validation/b3226b6aa9f192a9.tfrecord to file:///waymo/data/paired_womd_lidar_v1_3_0/.transactions/validation/validation.tfrecord-00000-of-00150/lidar/b3226b6aa9f192a9.tfrecord
Copying gs://waymo_open_dataset_motion_v_1_3_0/uncompressed/lidar_and_camera/validation/484f35342be19e3d.tfrecord to file:///waymo/data/paired_womd_lidar_v1_3_0/.transactions/validation/validation.tfrecord-00000-of-00150/lidar/484f35342be19e3d.tfrecord
  
.Copying gs://waymo_open_dataset_motion_v_1_3_0/uncompressed/lidar_and_camera/validation/f1aa38ca4ce51eab.tfrecord to file:///waymo/data/paired_womd_lidar_v1_3_0/.transactions/validation/validation.tfrecord-00000-of-00150/lidar/f1aa38ca4ce51eab.tfrecord
Copying gs://waymo_open_dataset_motion_v_1_3_0/uncompressed/lidar_and_camera/validation/2f8f82f1072ad710.tfrecord to file:///waymo/data/paired_womd_lidar_v1_3_0/.transactions/validation/validation.tfrecord-00000-of-00150/lidar/2f8f82f1072ad710.tfrecord
.Copying gs://waymo_open_dataset_motion_v_1_3_0/uncompressed/lidar_and_camera/validation/889ee82248a1d999.tfrecord to file:///waymo/data/paired_womd_lidar_v1_3_0/.transactions/validation/validation.tfrecord-00000-of-00150/lidar/889ee82248a1d999.tfrecord
.Copying gs://waymo_open_dataset_motion_v_1_3_0/uncompressed/lidar_and_camera/validation/dbad80471b38b7.tfrecord to file:///waymo/data/paired_womd_lidar_v1_3_0/.transactions/validation/validation.tfrecord-00000-of-00150/lidar/dbad80471b38b7.tfrecord
.Copying gs://waymo_open_dataset_motion_v_1_3_0/uncompressed/lidar_and_camera/validation/a3c1aa478f496733.tfrecord to file:///waymo/data/paired_womd_lidar_v1_3_0/.transactions/validation/validation.tfrecord-00000-of-00150/lidar/a3c1aa478f496733.tfrecord
Copying gs://waymo_open_dataset_motion_v_1_3_0/uncompressed/lidar_and_camera/validation/4ac44cf9e64e5950.tfrecord to file:///waymo/data/paired_womd_lidar_v1_3_0/.transactions/validation/validation.tfrecord-00000-of-00150/lidar/4ac44cf9e64e5950.tfrecord
.Copying gs://waymo_open_dataset_motion_v_1_3_0/uncompressed/lidar_and_camera/validation/c30872cb53ad7be2.tfrecord to file:///waymo/data/paired_womd_lidar_v1_3_0/.transactions/validation/validation.tfrecord-00000-of-00150/lidar/c30872cb53ad7be2.tfrecord
.Copying gs://waymo_open_dataset_motion_v_1_3_0/uncompressed/lidar_and_camera/validation/7c50cb0cdc8de6f8.tfrecord to file:///waymo/data/paired_womd_lidar_v1_3_0/.transactions/validation/validation.tfrecord-00000-of-00150/lidar/7c50cb0cdc8de6f8.tfrecord
.Copying gs://waymo_open_dataset_motion_v_1_3_0/uncompressed/lidar_and_camera/validation/d68c8400863f7af0.tfrecord to file:///waymo/data/paired_womd_lidar_v1_3_0/.transactions/validation/validation.tfrecord-00000-of-00150/lidar/d68c8400863f7af0.tfrecord
Copying gs://waymo_open_dataset_motion_v_1_3_0/uncompressed/lidar_and_camera/validation/4cc25c9623a0b63d.tfrecord to file:///waymo/data/paired_womd_lidar_v1_3_0/.transactions/validation/validation.tfrecord-00000-of-00150/lidar/4cc25c9623a0b63d.tfrecord
.Copying gs://waymo_open_dataset_motion_v_1_3_0/uncompressed/lidar_and_camera/validation/1dda49d2257aa738.tfrecord to file:///waymo/data/paired_womd_lidar_v1_3_0/.transactions/validation/validation.tfrecord-00000-of-00150/lidar/1dda49d2257aa738.tfrecord
.Copying gs://waymo_open_dataset_motion_v_1_3_0/uncompressed/lidar_and_camera/validation/43fc9e549b3fcf16.tfrecord to file:///waymo/data/paired_womd_lidar_v1_3_0/.transactions/validation/validation.tfrecord-00000-of-00150/lidar/43fc9e549b3fcf16.tfrecord
.Copying gs://waymo_open_dataset_motion_v_1_3_0/uncompressed/lidar_and_camera/validation/9fe8b30f6884e198.tfrecord to file:///waymo/data/paired_womd_lidar_v1_3_0/.transactions/validation/validation.tfrecord-00000-of-00150/lidar/9fe8b30f6884e198.tfrecord
Copying gs://waymo_open_dataset_motion_v_1_3_0/uncompressed/lidar_and_camera/validation/d407d9256cab6829.tfrecord to file:///waymo/data/paired_womd_lidar_v1_3_0/.transactions/validation/validation.tfrecord-00000-of-00150/lidar/d407d9256cab6829.tfrecord
.Copying gs://waymo_open_dataset_motion_v_1_3_0/uncompressed/lidar_and_camera/validation/8b06172a06f2b082.tfrecord to file:///waymo/data/paired_womd_lidar_v1_3_0/.transactions/validation/validation.tfrecord-00000-of-00150/lidar/8b06172a06f2b082.tfrecord
.Copying gs://waymo_open_dataset_motion_v_1_3_0/uncompressed/lidar_and_camera/validation/e633aa95b934cb1e.tfrecord to file:///waymo/data/paired_womd_lidar_v1_3_0/.transactions/validation/validation.tfrecord-00000-of-00150/lidar/e633aa95b934cb1e.tfrecord
.Copying gs://waymo_open_dataset_motion_v_1_3_0/uncompressed/lidar_and_camera/validation/f0dbcc3f20785139.tfrecord to file:///waymo/data/paired_womd_lidar_v1_3_0/.transactions/validation/validation.tfrecord-00000-of-00150/lidar/f0dbcc3f20785139.tfrecord
.Copying gs://waymo_open_dataset_motion_v_1_3_0/uncompressed/lidar_and_camera/validation/bc742007c1d78acb.tfrecord to file:///waymo/data/paired_womd_lidar_v1_3_0/.transactions/validation/validation.tfrecord-00000-of-00150/lidar/bc742007c1d78acb.tfrecord
Copying gs://waymo_open_dataset_motion_v_1_3_0/uncompressed/lidar_and_camera/validation/3568e6300867fdc1.tfrecord to file:///waymo/data/paired_womd_lidar_v1_3_0/.transactions/validation/validation.tfrecord-00000-of-00150/lidar/3568e6300867fdc1.tfrecord
.Copying gs://waymo_open_dataset_motion_v_1_3_0/uncompressed/lidar_and_camera/validation/c4015b508b560f95.tfrecord to file:///waymo/data/paired_womd_lidar_v1_3_0/.transactions/validation/validation.tfrecord-00000-of-00150/lidar/c4015b508b560f95.tfrecord
.Copying gs://waymo_open_dataset_motion_v_1_3_0/uncompressed/lidar_and_camera/validation/853f1aab3cd710c8.tfrecord to file:///waymo/data/paired_womd_lidar_v1_3_0/.transactions/validation/validation.tfrecord-00000-of-00150/lidar/853f1aab3cd710c8.tfrecord
.Copying gs://waymo_open_dataset_motion_v_1_3_0/uncompressed/lidar_and_camera/validation/fa9067f307e887b.tfrecord to file:///waymo/data/paired_womd_lidar_v1_3_0/.transactions/validation/validation.tfrecord-00000-of-00150/lidar/fa9067f307e887b.tfrecord
Copying gs://waymo_open_dataset_motion_v_1_3_0/uncompressed/lidar_and_camera/validation/675e56cb8a9421fb.tfrecord to file:///waymo/data/paired_womd_lidar_v1_3_0/.transactions/validation/validation.tfrecord-00000-of-00150/lidar/675e56cb8a9421fb.tfrecord
.Copying gs://waymo_open_dataset_motion_v_1_3_0/uncompressed/lidar_and_camera/validation/154bec22358e7b2f.tfrecord to file:///waymo/data/paired_womd_lidar_v1_3_0/.transactions/validation/validation.tfrecord-00000-of-00150/lidar/154bec22358e7b2f.tfrecord
.Copying gs://waymo_open_dataset_motion_v_1_3_0/uncompressed/lidar_and_camera/validation/48c0b628540cc510.tfrecord to file:///waymo/data/paired_womd_lidar_v1_3_0/.transactions/validation/validation.tfrecord-00000-of-00150/lidar/48c0b628540cc510.tfrecord
.Copying gs://waymo_open_dataset_motion_v_1_3_0/uncompressed/lidar_and_camera/validation/f06bdda86d0b6466.tfrecord to file:///waymo/data/paired_womd_lidar_v1_3_0/.transactions/validation/validation.tfrecord-00000-of-00150/lidar/f06bdda86d0b6466.tfrecord
Copying gs://waymo_open_dataset_motion_v_1_3_0/uncompressed/lidar_and_camera/validation/e03a38608d9e19a5.tfrecord to file:///waymo/data/paired_womd_lidar_v1_3_0/.transactions/validation/validation.tfrecord-00000-of-00150/lidar/e03a38608d9e19a5.tfrecord
.Copying gs://waymo_open_dataset_motion_v_1_3_0/uncompressed/lidar_and_camera/validation/a19fa77fbe6fab06.tfrecord to file:///waymo/data/paired_womd_lidar_v1_3_0/.transactions/validation/validation.tfrecord-00000-of-00150/lidar/a19fa77fbe6fab06.tfrecord
.Copying gs://waymo_open_dataset_motion_v_1_3_0/uncompressed/lidar_and_camera/validation/6e18266604f77431.tfrecord to file:///waymo/data/paired_womd_lidar_v1_3_0/.transactions/validation/validation.tfrecord-00000-of-00150/lidar/6e18266604f77431.tfrecord
.Copying gs://waymo_open_dataset_motion_v_1_3_0/uncompressed/lidar_and_camera/validation/9dce29e444c6c731.tfrecord to file:///waymo/data/paired_womd_lidar_v1_3_0/.transactions/validation/validation.tfrecord-00000-of-00150/lidar/9dce29e444c6c731.tfrecord
Copying gs://waymo_open_dataset_motion_v_1_3_0/uncompressed/lidar_and_camera/validation/5115996d71c9080.tfrecord to file:///waymo/data/paired_womd_lidar_v1_3_0/.transactions/validation/validation.tfrecord-00000-of-00150/lidar/5115996d71c9080.tfrecord
.Copying gs://waymo_open_dataset_motion_v_1_3_0/uncompressed/lidar_and_camera/validation/124593ed0a710a8c.tfrecord to file:///waymo/data/paired_womd_lidar_v1_3_0/.transactions/validation/validation.tfrecord-00000-of-00150/lidar/124593ed0a710a8c.tfrecord
.Copying gs://waymo_open_dataset_motion_v_1_3_0/uncompressed/lidar_and_camera/validation/25206ceffcb338e8.tfrecord to file:///waymo/data/paired_womd_lidar_v1_3_0/.transactions/validation/validation.tfrecord-00000-of-00150/lidar/25206ceffcb338e8.tfrecord
.Copying gs://waymo_open_dataset_motion_v_1_3_0/uncompressed/lidar_and_camera/validation/bde7da8fe6c4c17d.tfrecord to file:///waymo/data/paired_womd_lidar_v1_3_0/.transactions/validation/validation.tfrecord-00000-of-00150/lidar/bde7da8fe6c4c17d.tfrecord
.Copying gs://waymo_open_dataset_motion_v_1_3_0/uncompressed/lidar_and_camera/validation/8b7dca6f6f154a8f.tfrecord to file:///waymo/data/paired_womd_lidar_v1_3_0/.transactions/validation/validation.tfrecord-00000-of-00150/lidar/8b7dca6f6f154a8f.tfrecord
Copying gs://waymo_open_dataset_motion_v_1_3_0/uncompressed/lidar_and_camera/validation/c014d3c05600714f.tfrecord to file:///waymo/data/paired_womd_lidar_v1_3_0/.transactions/validation/validation.tfrecord-00000-of-00150/lidar/c014d3c05600714f.tfrecord
.Copying gs://waymo_open_dataset_motion_v_1_3_0/uncompressed/lidar_and_camera/validation/63f927c014c7b3a6.tfrecord to file:///waymo/data/paired_womd_lidar_v1_3_0/.transactions/validation/validation.tfrecord-00000-of-00150/lidar/63f927c014c7b3a6.tfrecord
.Copying gs://waymo_open_dataset_motion_v_1_3_0/uncompressed/lidar_and_camera/validation/1a1a379c4e09cc59.tfrecord to file:///waymo/data/paired_womd_lidar_v1_3_0/.transactions/validation/validation.tfrecord-00000-of-00150/lidar/1a1a379c4e09cc59.tfrecord
.Copying gs://waymo_open_dataset_motion_v_1_3_0/uncompressed/lidar_and_camera/validation/f29a56d80885dcf3.tfrecord to file:///waymo/data/paired_womd_lidar_v1_3_0/.transactions/validation/validation.tfrecord-00000-of-00150/lidar/f29a56d80885dcf3.tfrecord
Copying gs://waymo_open_dataset_motion_v_1_3_0/uncompressed/lidar_and_camera/validation/30158e27034388c7.tfrecord to file:///waymo/data/paired_womd_lidar_v1_3_0/.transactions/validation/validation.tfrecord-00000-of-00150/lidar/30158e27034388c7.tfrecord
.Copying gs://waymo_open_dataset_motion_v_1_3_0/uncompressed/lidar_and_camera/validation/92c3aaec33d7e403.tfrecord to file:///waymo/data/paired_womd_lidar_v1_3_0/.transactions/validation/validation.tfrecord-00000-of-00150/lidar/92c3aaec33d7e403.tfrecord
.Copying gs://waymo_open_dataset_motion_v_1_3_0/uncompressed/lidar_and_camera/validation/38d378081936583c.tfrecord to file:///waymo/data/paired_womd_lidar_v1_3_0/.transactions/validation/validation.tfrecord-00000-of-00150/lidar/38d378081936583c.tfrecord
.Copying gs://waymo_open_dataset_motion_v_1_3_0/uncompressed/lidar_and_camera/validation/b49c22a72e20b329.tfrecord to file:///waymo/data/paired_womd_lidar_v1_3_0/.transactions/validation/validation.tfrecord-00000-of-00150/lidar/b49c22a72e20b329.tfrecord
Copying gs://waymo_open_dataset_motion_v_1_3_0/uncompressed/lidar_and_camera/validation/f6cb2efac23131b8.tfrecord to file:///waymo/data/paired_womd_lidar_v1_3_0/.transactions/validation/validation.tfrecord-00000-of-00150/lidar/f6cb2efac23131b8.tfrecord
.Copying gs://waymo_open_dataset_motion_v_1_3_0/uncompressed/lidar_and_camera/validation/ec29f3b7a6427065.tfrecord to file:///waymo/data/paired_womd_lidar_v1_3_0/.transactions/validation/validation.tfrecord-00000-of-00150/lidar/ec29f3b7a6427065.tfrecord
.Copying gs://waymo_open_dataset_motion_v_1_3_0/uncompressed/lidar_and_camera/validation/59d9067d0737cbcf.tfrecord to file:///waymo/data/paired_womd_lidar_v1_3_0/.transactions/validation/validation.tfrecord-00000-of-00150/lidar/59d9067d0737cbcf.tfrecord
.Copying gs://waymo_open_dataset_motion_v_1_3_0/uncompressed/lidar_and_camera/validation/c4001c51d5cbce44.tfrecord to file:///waymo/data/paired_womd_lidar_v1_3_0/.transactions/validation/validation.tfrecord-00000-of-00150/lidar/c4001c51d5cbce44.tfrecord
Copying gs://waymo_open_dataset_motion_v_1_3_0/uncompressed/lidar_and_camera/validation/558fa5db838ce012.tfrecord to file:///waymo/data/paired_womd_lidar_v1_3_0/.transactions/validation/validation.tfrecord-00000-of-00150/lidar/558fa5db838ce012.tfrecord
.Copying gs://waymo_open_dataset_motion_v_1_3_0/uncompressed/lidar_and_camera/validation/bf2f4268930a9d3f.tfrecord to file:///waymo/data/paired_womd_lidar_v1_3_0/.transactions/validation/validation.tfrecord-00000-of-00150/lidar/bf2f4268930a9d3f.tfrecord
.Copying gs://waymo_open_dataset_motion_v_1_3_0/uncompressed/lidar_and_camera/validation/633f517f01aeb663.tfrecord to file:///waymo/data/paired_womd_lidar_v1_3_0/.transactions/validation/validation.tfrecord-00000-of-00150/lidar/633f517f01aeb663.tfrecord
.Copying gs://waymo_open_dataset_motion_v_1_3_0/uncompressed/lidar_and_camera/validation/a5276b8fa5b389e1.tfrecord to file:///waymo/data/paired_womd_lidar_v1_3_0/.transactions/validation/validation.tfrecord-00000-of-00150/lidar/a5276b8fa5b389e1.tfrecord
Copying gs://waymo_open_dataset_motion_v_1_3_0/uncompressed/lidar_and_camera/validation/b7461cf9e6af3263.tfrecord to file:///waymo/data/paired_womd_lidar_v1_3_0/.transactions/validation/validation.tfrecord-00000-of-00150/lidar/b7461cf9e6af3263.tfrecord
.Copying gs://waymo_open_dataset_motion_v_1_3_0/uncompressed/lidar_and_camera/validation/ffb2d2598c0b9ef1.tfrecord to file:///waymo/data/paired_womd_lidar_v1_3_0/.transactions/validation/validation.tfrecord-00000-of-00150/lidar/ffb2d2598c0b9ef1.tfrecord
.Copying gs://waymo_open_dataset_motion_v_1_3_0/uncompressed/lidar_and_camera/validation/1333a8922dc53f35.tfrecord to file:///waymo/data/paired_womd_lidar_v1_3_0/.transactions/validation/validation.tfrecord-00000-of-00150/lidar/1333a8922dc53f35.tfrecord
.Copying gs://waymo_open_dataset_motion_v_1_3_0/uncompressed/lidar_and_camera/validation/8ffa5b454ab8218a.tfrecord to file:///waymo/data/paired_womd_lidar_v1_3_0/.transactions/validation/validation.tfrecord-00000-of-00150/lidar/8ffa5b454ab8218a.tfrecord
Copying gs://waymo_open_dataset_motion_v_1_3_0/uncompressed/lidar_and_camera/validation/7d39507a50c570fc.tfrecord to file:///waymo/data/paired_womd_lidar_v1_3_0/.transactions/validation/validation.tfrecord-00000-of-00150/lidar/7d39507a50c570fc.tfrecord
.Copying gs://waymo_open_dataset_motion_v_1_3_0/uncompressed/lidar_and_camera/validation/a95e89262e62e34c.tfrecord to file:///waymo/data/paired_womd_lidar_v1_3_0/.transactions/validation/validation.tfrecord-00000-of-00150/lidar/a95e89262e62e34c.tfrecord
.Copying gs://waymo_open_dataset_motion_v_1_3_0/uncompressed/lidar_and_camera/validation/9f62a2970e4e8d4c.tfrecord to file:///waymo/data/paired_womd_lidar_v1_3_0/.transactions/validation/validation.tfrecord-00000-of-00150/lidar/9f62a2970e4e8d4c.tfrecord
.Copying gs://waymo_open_dataset_motion_v_1_3_0/uncompressed/lidar_and_camera/validation/a8683bb2c8e784d2.tfrecord to file:///waymo/data/paired_womd_lidar_v1_3_0/.transactions/validation/validation.tfrecord-00000-of-00150/lidar/a8683bb2c8e784d2.tfrecord
Copying gs://waymo_open_dataset_motion_v_1_3_0/uncompressed/lidar_and_camera/validation/2676ad4a178fb437.tfrecord to file:///waymo/data/paired_womd_lidar_v1_3_0/.transactions/validation/validation.tfrecord-00000-of-00150/lidar/2676ad4a178fb437.tfrecord
.Copying gs://waymo_open_dataset_motion_v_1_3_0/uncompressed/lidar_and_camera/validation/75482db749180d8c.tfrecord to file:///waymo/data/paired_womd_lidar_v1_3_0/.transactions/validation/validation.tfrecord-00000-of-00150/lidar/75482db749180d8c.tfrecord
.Copying gs://waymo_open_dataset_motion_v_1_3_0/uncompressed/lidar_and_camera/validation/fa8fcafa16e60736.tfrecord to file:///waymo/data/paired_womd_lidar_v1_3_0/.transactions/validation/validation.tfrecord-00000-of-00150/lidar/fa8fcafa16e60736.tfrecord
.......

Average throughput: 30.2MiB/s
Copying gs://waymo_open_dataset_motion_v_1_3_0/uncompressed/lidar_and_camera/validation/fa262183ba349968.tfrecord to file:///waymo/data/paired_womd_lidar_v1_3_0/.transactions/validation/validation.tfrecord-00000-of-00150/lidar/fa262183ba349968.tfrecord
Copying gs://waymo_open_dataset_motion_v_1_3_0/uncompressed/lidar_and_camera/validation/1baa4c789d1ac747.tfrecord to file:///waymo/data/paired_womd_lidar_v1_3_0/.transactions/validation/validation.tfrecord-00000-of-00150/lidar/1baa4c789d1ac747.tfrecord
  
.Copying gs://waymo_open_dataset_motion_v_1_3_0/uncompressed/lidar_and_camera/validation/557fe937d41e1f88.tfrecord to file:///waymo/data/paired_womd_lidar_v1_3_0/.transactions/validation/validation.tfrecord-00000-of-00150/lidar/557fe937d41e1f88.tfrecord
Copying gs://waymo_open_dataset_motion_v_1_3_0/uncompressed/lidar_and_camera/validation/8dfefbaed04192fb.tfrecord to file:///waymo/data/paired_womd_lidar_v1_3_0/.transactions/validation/validation.tfrecord-00000-of-00150/lidar/8dfefbaed04192fb.tfrecord
.Copying gs://waymo_open_dataset_motion_v_1_3_0/uncompressed/lidar_and_camera/validation/6c222820756391cb.tfrecord to file:///waymo/data/paired_womd_lidar_v1_3_0/.transactions/validation/validation.tfrecord-00000-of-00150/lidar/6c222820756391cb.tfrecord
.Copying gs://waymo_open_dataset_motion_v_1_3_0/uncompressed/lidar_and_camera/validation/ab77ab9c73b01ee8.tfrecord to file:///waymo/data/paired_womd_lidar_v1_3_0/.transactions/validation/validation.tfrecord-00000-of-00150/lidar/ab77ab9c73b01ee8.tfrecord
.Copying gs://waymo_open_dataset_motion_v_1_3_0/uncompressed/lidar_and_camera/validation/d633de50abacbac1.tfrecord to file:///waymo/data/paired_womd_lidar_v1_3_0/.transactions/validation/validation.tfrecord-00000-of-00150/lidar/d633de50abacbac1.tfrecord
Copying gs://waymo_open_dataset_motion_v_1_3_0/uncompressed/lidar_and_camera/validation/95d6c52593cbdbc1.tfrecord to file:///waymo/data/paired_womd_lidar_v1_3_0/.transactions/validation/validation.tfrecord-00000-of-00150/lidar/95d6c52593cbdbc1.tfrecord
.Copying gs://waymo_open_dataset_motion_v_1_3_0/uncompressed/lidar_and_camera/validation/598597f6ea2bbe32.tfrecord to file:///waymo/data/paired_womd_lidar_v1_3_0/.transactions/validation/validation.tfrecord-00000-of-00150/lidar/598597f6ea2bbe32.tfrecord
.Copying gs://waymo_open_dataset_motion_v_1_3_0/uncompressed/lidar_and_camera/validation/e62ae31ead55e09c.tfrecord to file:///waymo/data/paired_womd_lidar_v1_3_0/.transactions/validation/validation.tfrecord-00000-of-00150/lidar/e62ae31ead55e09c.tfrecord
.Copying gs://waymo_open_dataset_motion_v_1_3_0/uncompressed/lidar_and_camera/validation/600271eed7b3913.tfrecord to file:///waymo/data/paired_womd_lidar_v1_3_0/.transactions/validation/validation.tfrecord-00000-of-00150/lidar/600271eed7b3913.tfrecord
.Copying gs://waymo_open_dataset_motion_v_1_3_0/uncompressed/lidar_and_camera/validation/ff7310d21b454ae1.tfrecord to file:///waymo/data/paired_womd_lidar_v1_3_0/.transactions/validation/validation.tfrecord-00000-of-00150/lidar/ff7310d21b454ae1.tfrecord
Copying gs://waymo_open_dataset_motion_v_1_3_0/uncompressed/lidar_and_camera/validation/b3e49e62c509d640.tfrecord to file:///waymo/data/paired_womd_lidar_v1_3_0/.transactions/validation/validation.tfrecord-00000-of-00150/lidar/b3e49e62c509d640.tfrecord
.Copying gs://waymo_open_dataset_motion_v_1_3_0/uncompressed/lidar_and_camera/validation/423298aaf658940a.tfrecord to file:///waymo/data/paired_womd_lidar_v1_3_0/.transactions/validation/validation.tfrecord-00000-of-00150/lidar/423298aaf658940a.tfrecord
.Copying gs://waymo_open_dataset_motion_v_1_3_0/uncompressed/lidar_and_camera/validation/6307508426e85026.tfrecord to file:///waymo/data/paired_womd_lidar_v1_3_0/.transactions/validation/validation.tfrecord-00000-of-00150/lidar/6307508426e85026.tfrecord
.Copying gs://waymo_open_dataset_motion_v_1_3_0/uncompressed/lidar_and_camera/validation/87993038f360c77.tfrecord to file:///waymo/data/paired_womd_lidar_v1_3_0/.transactions/validation/validation.tfrecord-00000-of-00150/lidar/87993038f360c77.tfrecord
Copying gs://waymo_open_dataset_motion_v_1_3_0/uncompressed/lidar_and_camera/validation/8d3c1bb534e5521.tfrecord to file:///waymo/data/paired_womd_lidar_v1_3_0/.transactions/validation/validation.tfrecord-00000-of-00150/lidar/8d3c1bb534e5521.tfrecord
.Copying gs://waymo_open_dataset_motion_v_1_3_0/uncompressed/lidar_and_camera/validation/12d5ce1b476aa6d4.tfrecord to file:///waymo/data/paired_womd_lidar_v1_3_0/.transactions/validation/validation.tfrecord-00000-of-00150/lidar/12d5ce1b476aa6d4.tfrecord
.Copying gs://waymo_open_dataset_motion_v_1_3_0/uncompressed/lidar_and_camera/validation/bff1c9c0cd9ceaac.tfrecord to file:///waymo/data/paired_womd_lidar_v1_3_0/.transactions/validation/validation.tfrecord-00000-of-00150/lidar/bff1c9c0cd9ceaac.tfrecord
.Copying gs://waymo_open_dataset_motion_v_1_3_0/uncompressed/lidar_and_camera/validation/549cd03d2b45f8a8.tfrecord to file:///waymo/data/paired_womd_lidar_v1_3_0/.transactions/validation/validation.tfrecord-00000-of-00150/lidar/549cd03d2b45f8a8.tfrecord
Copying gs://waymo_open_dataset_motion_v_1_3_0/uncompressed/lidar_and_camera/validation/1e0ccccb7413f68c.tfrecord to file:///waymo/data/paired_womd_lidar_v1_3_0/.transactions/validation/validation.tfrecord-00000-of-00150/lidar/1e0ccccb7413f68c.tfrecord
.Copying gs://waymo_open_dataset_motion_v_1_3_0/uncompressed/lidar_and_camera/validation/889d9811d9681dc7.tfrecord to file:///waymo/data/paired_womd_lidar_v1_3_0/.transactions/validation/validation.tfrecord-00000-of-00150/lidar/889d9811d9681dc7.tfrecord
.Copying gs://waymo_open_dataset_motion_v_1_3_0/uncompressed/lidar_and_camera/validation/af90ac3eca010d99.tfrecord to file:///waymo/data/paired_womd_lidar_v1_3_0/.transactions/validation/validation.tfrecord-00000-of-00150/lidar/af90ac3eca010d99.tfrecord
.Copying gs://waymo_open_dataset_motion_v_1_3_0/uncompressed/lidar_and_camera/validation/129eb435ec53ef1d.tfrecord to file:///waymo/data/paired_womd_lidar_v1_3_0/.transactions/validation/validation.tfrecord-00000-of-00150/lidar/129eb435ec53ef1d.tfrecord
Copying gs://waymo_open_dataset_motion_v_1_3_0/uncompressed/lidar_and_camera/validation/cffef7d3778fc611.tfrecord to file:///waymo/data/paired_womd_lidar_v1_3_0/.transactions/validation/validation.tfrecord-00000-of-00150/lidar/cffef7d3778fc611.tfrecord
.Copying gs://waymo_open_dataset_motion_v_1_3_0/uncompressed/lidar_and_camera/validation/fb7867184ab1a886.tfrecord to file:///waymo/data/paired_womd_lidar_v1_3_0/.transactions/validation/validation.tfrecord-00000-of-00150/lidar/fb7867184ab1a886.tfrecord
.Copying gs://waymo_open_dataset_motion_v_1_3_0/uncompressed/lidar_and_camera/validation/796e278d09e7c5e6.tfrecord to file:///waymo/data/paired_womd_lidar_v1_3_0/.transactions/validation/validation.tfrecord-00000-of-00150/lidar/796e278d09e7c5e6.tfrecord
.Copying gs://waymo_open_dataset_motion_v_1_3_0/uncompressed/lidar_and_camera/validation/18500f2eea176480.tfrecord to file:///waymo/data/paired_womd_lidar_v1_3_0/.transactions/validation/validation.tfrecord-00000-of-00150/lidar/18500f2eea176480.tfrecord
Copying gs://waymo_open_dataset_motion_v_1_3_0/uncompressed/lidar_and_camera/validation/78e62b116d42887a.tfrecord to file:///waymo/data/paired_womd_lidar_v1_3_0/.transactions/validation/validation.tfrecord-00000-of-00150/lidar/78e62b116d42887a.tfrecord
.Copying gs://waymo_open_dataset_motion_v_1_3_0/uncompressed/lidar_and_camera/validation/ec5b2e3ae8721dad.tfrecord to file:///waymo/data/paired_womd_lidar_v1_3_0/.transactions/validation/validation.tfrecord-00000-of-00150/lidar/ec5b2e3ae8721dad.tfrecord
.Copying gs://waymo_open_dataset_motion_v_1_3_0/uncompressed/lidar_and_camera/validation/d42aa9e7ae47c9a.tfrecord to file:///waymo/data/paired_womd_lidar_v1_3_0/.transactions/validation/validation.tfrecord-00000-of-00150/lidar/d42aa9e7ae47c9a.tfrecord
.Copying gs://waymo_open_dataset_motion_v_1_3_0/uncompressed/lidar_and_camera/validation/4881c92efb0a9267.tfrecord to file:///waymo/data/paired_womd_lidar_v1_3_0/.transactions/validation/validation.tfrecord-00000-of-00150/lidar/4881c92efb0a9267.tfrecord
.Copying gs://waymo_open_dataset_motion_v_1_3_0/uncompressed/lidar_and_camera/validation/254cceb6cbfc08de.tfrecord to file:///waymo/data/paired_womd_lidar_v1_3_0/.transactions/validation/validation.tfrecord-00000-of-00150/lidar/254cceb6cbfc08de.tfrecord
Copying gs://waymo_open_dataset_motion_v_1_3_0/uncompressed/lidar_and_camera/validation/46fce0158d2fae57.tfrecord to file:///waymo/data/paired_womd_lidar_v1_3_0/.transactions/validation/validation.tfrecord-00000-of-00150/lidar/46fce0158d2fae57.tfrecord
.Copying gs://waymo_open_dataset_motion_v_1_3_0/uncompressed/lidar_and_camera/validation/4f05cc53219dc477.tfrecord to file:///waymo/data/paired_womd_lidar_v1_3_0/.transactions/validation/validation.tfrecord-00000-of-00150/lidar/4f05cc53219dc477.tfrecord
.Copying gs://waymo_open_dataset_motion_v_1_3_0/uncompressed/lidar_and_camera/validation/ae72610c0be3c53a.tfrecord to file:///waymo/data/paired_womd_lidar_v1_3_0/.transactions/validation/validation.tfrecord-00000-of-00150/lidar/ae72610c0be3c53a.tfrecord
.Copying gs://waymo_open_dataset_motion_v_1_3_0/uncompressed/lidar_and_camera/validation/9c3935fda4890865.tfrecord to file:///waymo/data/paired_womd_lidar_v1_3_0/.transactions/validation/validation.tfrecord-00000-of-00150/lidar/9c3935fda4890865.tfrecord
Copying gs://waymo_open_dataset_motion_v_1_3_0/uncompressed/lidar_and_camera/validation/98ad131f6148abbc.tfrecord to file:///waymo/data/paired_womd_lidar_v1_3_0/.transactions/validation/validation.tfrecord-00000-of-00150/lidar/98ad131f6148abbc.tfrecord
.Copying gs://waymo_open_dataset_motion_v_1_3_0/uncompressed/lidar_and_camera/validation/d3fd8cb194ea76f6.tfrecord to file:///waymo/data/paired_womd_lidar_v1_3_0/.transactions/validation/validation.tfrecord-00000-of-00150/lidar/d3fd8cb194ea76f6.tfrecord
.Copying gs://waymo_open_dataset_motion_v_1_3_0/uncompressed/lidar_and_camera/validation/d06c362fe2a9cd40.tfrecord to file:///waymo/data/paired_womd_lidar_v1_3_0/.transactions/validation/validation.tfrecord-00000-of-00150/lidar/d06c362fe2a9cd40.tfrecord
.Copying gs://waymo_open_dataset_motion_v_1_3_0/uncompressed/lidar_and_camera/validation/2b48f4790165cdc9.tfrecord to file:///waymo/data/paired_womd_lidar_v1_3_0/.transactions/validation/validation.tfrecord-00000-of-00150/lidar/2b48f4790165cdc9.tfrecord
Copying gs://waymo_open_dataset_motion_v_1_3_0/uncompressed/lidar_and_camera/validation/4bf23cf8ab2d8240.tfrecord to file:///waymo/data/paired_womd_lidar_v1_3_0/.transactions/validation/validation.tfrecord-00000-of-00150/lidar/4bf23cf8ab2d8240.tfrecord
.Copying gs://waymo_open_dataset_motion_v_1_3_0/uncompressed/lidar_and_camera/validation/7c6852f6a698243a.tfrecord to file:///waymo/data/paired_womd_lidar_v1_3_0/.transactions/validation/validation.tfrecord-00000-of-00150/lidar/7c6852f6a698243a.tfrecord
.Copying gs://waymo_open_dataset_motion_v_1_3_0/uncompressed/lidar_and_camera/validation/797779c184e54223.tfrecord to file:///waymo/data/paired_womd_lidar_v1_3_0/.transactions/validation/validation.tfrecord-00000-of-00150/lidar/797779c184e54223.tfrecord
.Copying gs://waymo_open_dataset_motion_v_1_3_0/uncompressed/lidar_and_camera/validation/2425d7549e21124.tfrecord to file:///waymo/data/paired_womd_lidar_v1_3_0/.transactions/validation/validation.tfrecord-00000-of-00150/lidar/2425d7549e21124.tfrecord
Copying gs://waymo_open_dataset_motion_v_1_3_0/uncompressed/lidar_and_camera/validation/3dcf3266dbc9cc58.tfrecord to file:///waymo/data/paired_womd_lidar_v1_3_0/.transactions/validation/validation.tfrecord-00000-of-00150/lidar/3dcf3266dbc9cc58.tfrecord
.Copying gs://waymo_open_dataset_motion_v_1_3_0/uncompressed/lidar_and_camera/validation/262112a66742fe8d.tfrecord to file:///waymo/data/paired_womd_lidar_v1_3_0/.transactions/validation/validation.tfrecord-00000-of-00150/lidar/262112a66742fe8d.tfrecord
.Copying gs://waymo_open_dataset_motion_v_1_3_0/uncompressed/lidar_and_camera/validation/6b5d648abccc1fef.tfrecord to file:///waymo/data/paired_womd_lidar_v1_3_0/.transactions/validation/validation.tfrecord-00000-of-00150/lidar/6b5d648abccc1fef.tfrecord
.Copying gs://waymo_open_dataset_motion_v_1_3_0/uncompressed/lidar_and_camera/validation/ac72a17c83c79e38.tfrecord to file:///waymo/data/paired_womd_lidar_v1_3_0/.transactions/validation/validation.tfrecord-00000-of-00150/lidar/ac72a17c83c79e38.tfrecord
Copying gs://waymo_open_dataset_motion_v_1_3_0/uncompressed/lidar_and_camera/validation/d69754dbdee95e65.tfrecord to file:///waymo/data/paired_womd_lidar_v1_3_0/.transactions/validation/validation.tfrecord-00000-of-00150/lidar/d69754dbdee95e65.tfrecord
.Copying gs://waymo_open_dataset_motion_v_1_3_0/uncompressed/lidar_and_camera/validation/97225a317644deb9.tfrecord to file:///waymo/data/paired_womd_lidar_v1_3_0/.transactions/validation/validation.tfrecord-00000-of-00150/lidar/97225a317644deb9.tfrecord
.Copying gs://waymo_open_dataset_motion_v_1_3_0/uncompressed/lidar_and_camera/validation/568e2137bf88019c.tfrecord to file:///waymo/data/paired_womd_lidar_v1_3_0/.transactions/validation/validation.tfrecord-00000-of-00150/lidar/568e2137bf88019c.tfrecord
.Copying gs://waymo_open_dataset_motion_v_1_3_0/uncompressed/lidar_and_camera/validation/57326322901a9397.tfrecord to file:///waymo/data/paired_womd_lidar_v1_3_0/.transactions/validation/validation.tfrecord-00000-of-00150/lidar/57326322901a9397.tfrecord
Copying gs://waymo_open_dataset_motion_v_1_3_0/uncompressed/lidar_and_camera/validation/909244b878c6c203.tfrecord to file:///waymo/data/paired_womd_lidar_v1_3_0/.transactions/validation/validation.tfrecord-00000-of-00150/lidar/909244b878c6c203.tfrecord
.Copying gs://waymo_open_dataset_motion_v_1_3_0/uncompressed/lidar_and_camera/validation/f2da917089c82822.tfrecord to file:///waymo/data/paired_womd_lidar_v1_3_0/.transactions/validation/validation.tfrecord-00000-of-00150/lidar/f2da917089c82822.tfrecord
.Copying gs://waymo_open_dataset_motion_v_1_3_0/uncompressed/lidar_and_camera/validation/57fae738489af74b.tfrecord to file:///waymo/data/paired_womd_lidar_v1_3_0/.transactions/validation/validation.tfrecord-00000-of-00150/lidar/57fae738489af74b.tfrecord
.Copying gs://waymo_open_dataset_motion_v_1_3_0/uncompressed/lidar_and_camera/validation/b6bc01c4c919c773.tfrecord to file:///waymo/data/paired_womd_lidar_v1_3_0/.transactions/validation/validation.tfrecord-00000-of-00150/lidar/b6bc01c4c919c773.tfrecord
Copying gs://waymo_open_dataset_motion_v_1_3_0/uncompressed/lidar_and_camera/validation/5b6e16614f5c47b5.tfrecord to file:///waymo/data/paired_womd_lidar_v1_3_0/.transactions/validation/validation.tfrecord-00000-of-00150/lidar/5b6e16614f5c47b5.tfrecord
.Copying gs://waymo_open_dataset_motion_v_1_3_0/uncompressed/lidar_and_camera/validation/a1490a60e758eaf9.tfrecord to file:///waymo/data/paired_womd_lidar_v1_3_0/.transactions/validation/validation.tfrecord-00000-of-00150/lidar/a1490a60e758eaf9.tfrecord
.Copying gs://waymo_open_dataset_motion_v_1_3_0/uncompressed/lidar_and_camera/validation/9720076a871ccfd8.tfrecord to file:///waymo/data/paired_womd_lidar_v1_3_0/.transactions/validation/validation.tfrecord-00000-of-00150/lidar/9720076a871ccfd8.tfrecord
.Copying gs://waymo_open_dataset_motion_v_1_3_0/uncompressed/lidar_and_camera/validation/33799357739d82fd.tfrecord to file:///waymo/data/paired_womd_lidar_v1_3_0/.transactions/validation/validation.tfrecord-00000-of-00150/lidar/33799357739d82fd.tfrecord
Copying gs://waymo_open_dataset_motion_v_1_3_0/uncompressed/lidar_and_camera/validation/8d550c74ec830a52.tfrecord to file:///waymo/data/paired_womd_lidar_v1_3_0/.transactions/validation/validation.tfrecord-00000-of-00150/lidar/8d550c74ec830a52.tfrecord
.Copying gs://waymo_open_dataset_motion_v_1_3_0/uncompressed/lidar_and_camera/validation/388880a5807cea01.tfrecord to file:///waymo/data/paired_womd_lidar_v1_3_0/.transactions/validation/validation.tfrecord-00000-of-00150/lidar/388880a5807cea01.tfrecord
.Copying gs://waymo_open_dataset_motion_v_1_3_0/uncompressed/lidar_and_camera/validation/47f4fa32f58d5c89.tfrecord to file:///waymo/data/paired_womd_lidar_v1_3_0/.transactions/validation/validation.tfrecord-00000-of-00150/lidar/47f4fa32f58d5c89.tfrecord
......

Average throughput: 30.1MiB/s
Copying gs://waymo_open_dataset_motion_v_1_3_0/uncompressed/lidar_and_camera/validation/4ecbc07b08d30474.tfrecord to file:///waymo/data/paired_womd_lidar_v1_3_0/.transactions/validation/validation.tfrecord-00000-of-00150/lidar/4ecbc07b08d30474.tfrecord
Copying gs://waymo_open_dataset_motion_v_1_3_0/uncompressed/lidar_and_camera/validation/170459073dd41dc5.tfrecord to file:///waymo/data/paired_womd_lidar_v1_3_0/.transactions/validation/validation.tfrecord-00000-of-00150/lidar/170459073dd41dc5.tfrecord
  
.Copying gs://waymo_open_dataset_motion_v_1_3_0/uncompressed/lidar_and_camera/validation/24acddcd536295a9.tfrecord to file:///waymo/data/paired_womd_lidar_v1_3_0/.transactions/validation/validation.tfrecord-00000-of-00150/lidar/24acddcd536295a9.tfrecord
Copying gs://waymo_open_dataset_motion_v_1_3_0/uncompressed/lidar_and_camera/validation/23f5c5fc1d2bc257.tfrecord to file:///waymo/data/paired_womd_lidar_v1_3_0/.transactions/validation/validation.tfrecord-00000-of-00150/lidar/23f5c5fc1d2bc257.tfrecord
.Copying gs://waymo_open_dataset_motion_v_1_3_0/uncompressed/lidar_and_camera/validation/a2cf10457974619a.tfrecord to file:///waymo/data/paired_womd_lidar_v1_3_0/.transactions/validation/validation.tfrecord-00000-of-00150/lidar/a2cf10457974619a.tfrecord
.Copying gs://waymo_open_dataset_motion_v_1_3_0/uncompressed/lidar_and_camera/validation/ba8bd1d4502bb75a.tfrecord to file:///waymo/data/paired_womd_lidar_v1_3_0/.transactions/validation/validation.tfrecord-00000-of-00150/lidar/ba8bd1d4502bb75a.tfrecord
.Copying gs://waymo_open_dataset_motion_v_1_3_0/uncompressed/lidar_and_camera/validation/748bc9e43c1dc279.tfrecord to file:///waymo/data/paired_womd_lidar_v1_3_0/.transactions/validation/validation.tfrecord-00000-of-00150/lidar/748bc9e43c1dc279.tfrecord
Copying gs://waymo_open_dataset_motion_v_1_3_0/uncompressed/lidar_and_camera/validation/424b321ea0352164.tfrecord to file:///waymo/data/paired_womd_lidar_v1_3_0/.transactions/validation/validation.tfrecord-00000-of-00150/lidar/424b321ea0352164.tfrecord
.Copying gs://waymo_open_dataset_motion_v_1_3_0/uncompressed/lidar_and_camera/validation/9c762831f131cea3.tfrecord to file:///waymo/data/paired_womd_lidar_v1_3_0/.transactions/validation/validation.tfrecord-00000-of-00150/lidar/9c762831f131cea3.tfrecord
.Copying gs://waymo_open_dataset_motion_v_1_3_0/uncompressed/lidar_and_camera/validation/c1f7e0035424c748.tfrecord to file:///waymo/data/paired_womd_lidar_v1_3_0/.transactions/validation/validation.tfrecord-00000-of-00150/lidar/c1f7e0035424c748.tfrecord
.Copying gs://waymo_open_dataset_motion_v_1_3_0/uncompressed/lidar_and_camera/validation/ee385cebe7735f6.tfrecord to file:///waymo/data/paired_womd_lidar_v1_3_0/.transactions/validation/validation.tfrecord-00000-of-00150/lidar/ee385cebe7735f6.tfrecord
Copying gs://waymo_open_dataset_motion_v_1_3_0/uncompressed/lidar_and_camera/validation/1f8ef9a70c458620.tfrecord to file:///waymo/data/paired_womd_lidar_v1_3_0/.transactions/validation/validation.tfrecord-00000-of-00150/lidar/1f8ef9a70c458620.tfrecord
.Copying gs://waymo_open_dataset_motion_v_1_3_0/uncompressed/lidar_and_camera/validation/d5cf676b489ca0c4.tfrecord to file:///waymo/data/paired_womd_lidar_v1_3_0/.transactions/validation/validation.tfrecord-00000-of-00150/lidar/d5cf676b489ca0c4.tfrecord
.Copying gs://waymo_open_dataset_motion_v_1_3_0/uncompressed/lidar_and_camera/validation/2c4cec5c3ea292e2.tfrecord to file:///waymo/data/paired_womd_lidar_v1_3_0/.transactions/validation/validation.tfrecord-00000-of-00150/lidar/2c4cec5c3ea292e2.tfrecord
.Copying gs://waymo_open_dataset_motion_v_1_3_0/uncompressed/lidar_and_camera/validation/b1457afe91002568.tfrecord to file:///waymo/data/paired_womd_lidar_v1_3_0/.transactions/validation/validation.tfrecord-00000-of-00150/lidar/b1457afe91002568.tfrecord
Copying gs://waymo_open_dataset_motion_v_1_3_0/uncompressed/lidar_and_camera/validation/39ad3fc541a0e852.tfrecord to file:///waymo/data/paired_womd_lidar_v1_3_0/.transactions/validation/validation.tfrecord-00000-of-00150/lidar/39ad3fc541a0e852.tfrecord
.Copying gs://waymo_open_dataset_motion_v_1_3_0/uncompressed/lidar_and_camera/validation/82060af60c1ae4ed.tfrecord to file:///waymo/data/paired_womd_lidar_v1_3_0/.transactions/validation/validation.tfrecord-00000-of-00150/lidar/82060af60c1ae4ed.tfrecord
.Copying gs://waymo_open_dataset_motion_v_1_3_0/uncompressed/lidar_and_camera/validation/692d1b039654a6ca.tfrecord to file:///waymo/data/paired_womd_lidar_v1_3_0/.transactions/validation/validation.tfrecord-00000-of-00150/lidar/692d1b039654a6ca.tfrecord
.Copying gs://waymo_open_dataset_motion_v_1_3_0/uncompressed/lidar_and_camera/validation/aaf9ef4039873396.tfrecord to file:///waymo/data/paired_womd_lidar_v1_3_0/.transactions/validation/validation.tfrecord-00000-of-00150/lidar/aaf9ef4039873396.tfrecord
Copying gs://waymo_open_dataset_motion_v_1_3_0/uncompressed/lidar_and_camera/validation/7ed5260232adaf6d.tfrecord to file:///waymo/data/paired_womd_lidar_v1_3_0/.transactions/validation/validation.tfrecord-00000-of-00150/lidar/7ed5260232adaf6d.tfrecord
.Copying gs://waymo_open_dataset_motion_v_1_3_0/uncompressed/lidar_and_camera/validation/e5f46d43a19d99c7.tfrecord to file:///waymo/data/paired_womd_lidar_v1_3_0/.transactions/validation/validation.tfrecord-00000-of-00150/lidar/e5f46d43a19d99c7.tfrecord
.Copying gs://waymo_open_dataset_motion_v_1_3_0/uncompressed/lidar_and_camera/validation/fe2dc1e4a17a2c05.tfrecord to file:///waymo/data/paired_womd_lidar_v1_3_0/.transactions/validation/validation.tfrecord-00000-of-00150/lidar/fe2dc1e4a17a2c05.tfrecord
.Copying gs://waymo_open_dataset_motion_v_1_3_0/uncompressed/lidar_and_camera/validation/4ba6349a3b92285.tfrecord to file:///waymo/data/paired_womd_lidar_v1_3_0/.transactions/validation/validation.tfrecord-00000-of-00150/lidar/4ba6349a3b92285.tfrecord
Copying gs://waymo_open_dataset_motion_v_1_3_0/uncompressed/lidar_and_camera/validation/bd094f42eeab6700.tfrecord to file:///waymo/data/paired_womd_lidar_v1_3_0/.transactions/validation/validation.tfrecord-00000-of-00150/lidar/bd094f42eeab6700.tfrecord
.Copying gs://waymo_open_dataset_motion_v_1_3_0/uncompressed/lidar_and_camera/validation/c306aa794e4922c6.tfrecord to file:///waymo/data/paired_womd_lidar_v1_3_0/.transactions/validation/validation.tfrecord-00000-of-00150/lidar/c306aa794e4922c6.tfrecord
.Copying gs://waymo_open_dataset_motion_v_1_3_0/uncompressed/lidar_and_camera/validation/111bb47bff784423.tfrecord to file:///waymo/data/paired_womd_lidar_v1_3_0/.transactions/validation/validation.tfrecord-00000-of-00150/lidar/111bb47bff784423.tfrecord
.Copying gs://waymo_open_dataset_motion_v_1_3_0/uncompressed/lidar_and_camera/validation/96c2104eba9890d0.tfrecord to file:///waymo/data/paired_womd_lidar_v1_3_0/.transactions/validation/validation.tfrecord-00000-of-00150/lidar/96c2104eba9890d0.tfrecord
Copying gs://waymo_open_dataset_motion_v_1_3_0/uncompressed/lidar_and_camera/validation/29a2f0c70ac13779.tfrecord to file:///waymo/data/paired_womd_lidar_v1_3_0/.transactions/validation/validation.tfrecord-00000-of-00150/lidar/29a2f0c70ac13779.tfrecord
.Copying gs://waymo_open_dataset_motion_v_1_3_0/uncompressed/lidar_and_camera/validation/abfe09a85ff9e971.tfrecord to file:///waymo/data/paired_womd_lidar_v1_3_0/.transactions/validation/validation.tfrecord-00000-of-00150/lidar/abfe09a85ff9e971.tfrecord
.Copying gs://waymo_open_dataset_motion_v_1_3_0/uncompressed/lidar_and_camera/validation/de2c9abbdbafa29c.tfrecord to file:///waymo/data/paired_womd_lidar_v1_3_0/.transactions/validation/validation.tfrecord-00000-of-00150/lidar/de2c9abbdbafa29c.tfrecord
.Copying gs://waymo_open_dataset_motion_v_1_3_0/uncompressed/lidar_and_camera/validation/2183ce46e6bf7937.tfrecord to file:///waymo/data/paired_womd_lidar_v1_3_0/.transactions/validation/validation.tfrecord-00000-of-00150/lidar/2183ce46e6bf7937.tfrecord
Copying gs://waymo_open_dataset_motion_v_1_3_0/uncompressed/lidar_and_camera/validation/e38692374f5747.tfrecord to file:///waymo/data/paired_womd_lidar_v1_3_0/.transactions/validation/validation.tfrecord-00000-of-00150/lidar/e38692374f5747.tfrecord
.Copying gs://waymo_open_dataset_motion_v_1_3_0/uncompressed/lidar_and_camera/validation/78bd1fd24d5f2b67.tfrecord to file:///waymo/data/paired_womd_lidar_v1_3_0/.transactions/validation/validation.tfrecord-00000-of-00150/lidar/78bd1fd24d5f2b67.tfrecord
.Copying gs://waymo_open_dataset_motion_v_1_3_0/uncompressed/lidar_and_camera/validation/2db26b74c5375245.tfrecord to file:///waymo/data/paired_womd_lidar_v1_3_0/.transactions/validation/validation.tfrecord-00000-of-00150/lidar/2db26b74c5375245.tfrecord
.Copying gs://waymo_open_dataset_motion_v_1_3_0/uncompressed/lidar_and_camera/validation/8bdbbe8276d03a1f.tfrecord to file:///waymo/data/paired_womd_lidar_v1_3_0/.transactions/validation/validation.tfrecord-00000-of-00150/lidar/8bdbbe8276d03a1f.tfrecord
Copying gs://waymo_open_dataset_motion_v_1_3_0/uncompressed/lidar_and_camera/validation/f4f90cfb5e178a46.tfrecord to file:///waymo/data/paired_womd_lidar_v1_3_0/.transactions/validation/validation.tfrecord-00000-of-00150/lidar/f4f90cfb5e178a46.tfrecord
.Copying gs://waymo_open_dataset_motion_v_1_3_0/uncompressed/lidar_and_camera/validation/4dbba196356feaaf.tfrecord to file:///waymo/data/paired_womd_lidar_v1_3_0/.transactions/validation/validation.tfrecord-00000-of-00150/lidar/4dbba196356feaaf.tfrecord
.Copying gs://waymo_open_dataset_motion_v_1_3_0/uncompressed/lidar_and_camera/validation/6c4926b067121002.tfrecord to file:///waymo/data/paired_womd_lidar_v1_3_0/.transactions/validation/validation.tfrecord-00000-of-00150/lidar/6c4926b067121002.tfrecord
.Copying gs://waymo_open_dataset_motion_v_1_3_0/uncompressed/lidar_and_camera/validation/b805d4866cd738fc.tfrecord to file:///waymo/data/paired_womd_lidar_v1_3_0/.transactions/validation/validation.tfrecord-00000-of-00150/lidar/b805d4866cd738fc.tfrecord
Copying gs://waymo_open_dataset_motion_v_1_3_0/uncompressed/lidar_and_camera/validation/846e8444cd5c1023.tfrecord to file:///waymo/data/paired_womd_lidar_v1_3_0/.transactions/validation/validation.tfrecord-00000-of-00150/lidar/846e8444cd5c1023.tfrecord
.Copying gs://waymo_open_dataset_motion_v_1_3_0/uncompressed/lidar_and_camera/validation/f81f4ca1ed8c0296.tfrecord to file:///waymo/data/paired_womd_lidar_v1_3_0/.transactions/validation/validation.tfrecord-00000-of-00150/lidar/f81f4ca1ed8c0296.tfrecord
.Copying gs://waymo_open_dataset_motion_v_1_3_0/uncompressed/lidar_and_camera/validation/b2fee1bca3ee846.tfrecord to file:///waymo/data/paired_womd_lidar_v1_3_0/.transactions/validation/validation.tfrecord-00000-of-00150/lidar/b2fee1bca3ee846.tfrecord
.Copying gs://waymo_open_dataset_motion_v_1_3_0/uncompressed/lidar_and_camera/validation/9b167470ffd9a9a4.tfrecord to file:///waymo/data/paired_womd_lidar_v1_3_0/.transactions/validation/validation.tfrecord-00000-of-00150/lidar/9b167470ffd9a9a4.tfrecord
Copying gs://waymo_open_dataset_motion_v_1_3_0/uncompressed/lidar_and_camera/validation/9b7cf4f6e53d3291.tfrecord to file:///waymo/data/paired_womd_lidar_v1_3_0/.transactions/validation/validation.tfrecord-00000-of-00150/lidar/9b7cf4f6e53d3291.tfrecord
.Copying gs://waymo_open_dataset_motion_v_1_3_0/uncompressed/lidar_and_camera/validation/3dc8db303512e1dc.tfrecord to file:///waymo/data/paired_womd_lidar_v1_3_0/.transactions/validation/validation.tfrecord-00000-of-00150/lidar/3dc8db303512e1dc.tfrecord
.Copying gs://waymo_open_dataset_motion_v_1_3_0/uncompressed/lidar_and_camera/validation/4ba0498860f3c0a2.tfrecord to file:///waymo/data/paired_womd_lidar_v1_3_0/.transactions/validation/validation.tfrecord-00000-of-00150/lidar/4ba0498860f3c0a2.tfrecord
.Copying gs://waymo_open_dataset_motion_v_1_3_0/uncompressed/lidar_and_camera/validation/b819b125e77506e8.tfrecord to file:///waymo/data/paired_womd_lidar_v1_3_0/.transactions/validation/validation.tfrecord-00000-of-00150/lidar/b819b125e77506e8.tfrecord
Copying gs://waymo_open_dataset_motion_v_1_3_0/uncompressed/lidar_and_camera/validation/6112b086ee0c693.tfrecord to file:///waymo/data/paired_womd_lidar_v1_3_0/.transactions/validation/validation.tfrecord-00000-of-00150/lidar/6112b086ee0c693.tfrecord
.Copying gs://waymo_open_dataset_motion_v_1_3_0/uncompressed/lidar_and_camera/validation/65b1b03d3bcb0193.tfrecord to file:///waymo/data/paired_womd_lidar_v1_3_0/.transactions/validation/validation.tfrecord-00000-of-00150/lidar/65b1b03d3bcb0193.tfrecord
.Copying gs://waymo_open_dataset_motion_v_1_3_0/uncompressed/lidar_and_camera/validation/71349ba33bca4c16.tfrecord to file:///waymo/data/paired_womd_lidar_v1_3_0/.transactions/validation/validation.tfrecord-00000-of-00150/lidar/71349ba33bca4c16.tfrecord
.Copying gs://waymo_open_dataset_motion_v_1_3_0/uncompressed/lidar_and_camera/validation/3e390250d3d259e9.tfrecord to file:///waymo/data/paired_womd_lidar_v1_3_0/.transactions/validation/validation.tfrecord-00000-of-00150/lidar/3e390250d3d259e9.tfrecord
Copying gs://waymo_open_dataset_motion_v_1_3_0/uncompressed/lidar_and_camera/validation/d3c141e1d85293ca.tfrecord to file:///waymo/data/paired_womd_lidar_v1_3_0/.transactions/validation/validation.tfrecord-00000-of-00150/lidar/d3c141e1d85293ca.tfrecord
.Copying gs://waymo_open_dataset_motion_v_1_3_0/uncompressed/lidar_and_camera/validation/3a8096d9f9a43c2b.tfrecord to file:///waymo/data/paired_womd_lidar_v1_3_0/.transactions/validation/validation.tfrecord-00000-of-00150/lidar/3a8096d9f9a43c2b.tfrecord
.Copying gs://waymo_open_dataset_motion_v_1_3_0/uncompressed/lidar_and_camera/validation/e53215da481e8e6a.tfrecord to file:///waymo/data/paired_womd_lidar_v1_3_0/.transactions/validation/validation.tfrecord-00000-of-00150/lidar/e53215da481e8e6a.tfrecord
.Copying gs://waymo_open_dataset_motion_v_1_3_0/uncompressed/lidar_and_camera/validation/fb059a2c9e505e9d.tfrecord to file:///waymo/data/paired_womd_lidar_v1_3_0/.transactions/validation/validation.tfrecord-00000-of-00150/lidar/fb059a2c9e505e9d.tfrecord
Copying gs://waymo_open_dataset_motion_v_1_3_0/uncompressed/lidar_and_camera/validation/e252b7865f51b36f.tfrecord to file:///waymo/data/paired_womd_lidar_v1_3_0/.transactions/validation/validation.tfrecord-00000-of-00150/lidar/e252b7865f51b36f.tfrecord
.Copying gs://waymo_open_dataset_motion_v_1_3_0/uncompressed/lidar_and_camera/validation/59afe611a68a9b39.tfrecord to file:///waymo/data/paired_womd_lidar_v1_3_0/.transactions/validation/validation.tfrecord-00000-of-00150/lidar/59afe611a68a9b39.tfrecord
.Copying gs://waymo_open_dataset_motion_v_1_3_0/uncompressed/lidar_and_camera/validation/4a10f9bb8cbbae58.tfrecord to file:///waymo/data/paired_womd_lidar_v1_3_0/.transactions/validation/validation.tfrecord-00000-of-00150/lidar/4a10f9bb8cbbae58.tfrecord
.Copying gs://waymo_open_dataset_motion_v_1_3_0/uncompressed/lidar_and_camera/validation/8eadf5418c149c0a.tfrecord to file:///waymo/data/paired_womd_lidar_v1_3_0/.transactions/validation/validation.tfrecord-00000-of-00150/lidar/8eadf5418c149c0a.tfrecord
Copying gs://waymo_open_dataset_motion_v_1_3_0/uncompressed/lidar_and_camera/validation/f2d08dd988f7e348.tfrecord to file:///waymo/data/paired_womd_lidar_v1_3_0/.transactions/validation/validation.tfrecord-00000-of-00150/lidar/f2d08dd988f7e348.tfrecord
.Copying gs://waymo_open_dataset_motion_v_1_3_0/uncompressed/lidar_and_camera/validation/a9b45abefc2eacb9.tfrecord to file:///waymo/data/paired_womd_lidar_v1_3_0/.transactions/validation/validation.tfrecord-00000-of-00150/lidar/a9b45abefc2eacb9.tfrecord
.Copying gs://waymo_open_dataset_motion_v_1_3_0/uncompressed/lidar_and_camera/validation/80f8f65ea430a594.tfrecord to file:///waymo/data/paired_womd_lidar_v1_3_0/.transactions/validation/validation.tfrecord-00000-of-00150/lidar/80f8f65ea430a594.tfrecord
.Copying gs://waymo_open_dataset_motion_v_1_3_0/uncompressed/lidar_and_camera/validation/9ffb5968ce4b07fc.tfrecord to file:///waymo/data/paired_womd_lidar_v1_3_0/.transactions/validation/validation.tfrecord-00000-of-00150/lidar/9ffb5968ce4b07fc.tfrecord
Copying gs://waymo_open_dataset_motion_v_1_3_0/uncompressed/lidar_and_camera/validation/27597bc952d2c9c7.tfrecord to file:///waymo/data/paired_womd_lidar_v1_3_0/.transactions/validation/validation.tfrecord-00000-of-00150/lidar/27597bc952d2c9c7.tfrecord
.......

Average throughput: 31.4MiB/s
Copying gs://waymo_open_dataset_motion_v_1_3_0/uncompressed/lidar_and_camera/validation/ca41d05061eab86e.tfrecord to file:///waymo/data/paired_womd_lidar_v1_3_0/.transactions/validation/validation.tfrecord-00000-of-00150/lidar/ca41d05061eab86e.tfrecord
Copying gs://waymo_open_dataset_motion_v_1_3_0/uncompressed/lidar_and_camera/validation/71fb1f7757064c72.tfrecord to file:///waymo/data/paired_womd_lidar_v1_3_0/.transactions/validation/validation.tfrecord-00000-of-00150/lidar/71fb1f7757064c72.tfrecord
  
.Copying gs://waymo_open_dataset_motion_v_1_3_0/uncompressed/lidar_and_camera/validation/f666d7dc2b0bcd94.tfrecord to file:///waymo/data/paired_womd_lidar_v1_3_0/.transactions/validation/validation.tfrecord-00000-of-00150/lidar/f666d7dc2b0bcd94.tfrecord
Copying gs://waymo_open_dataset_motion_v_1_3_0/uncompressed/lidar_and_camera/validation/8ef8b8a6c02ccd01.tfrecord to file:///waymo/data/paired_womd_lidar_v1_3_0/.transactions/validation/validation.tfrecord-00000-of-00150/lidar/8ef8b8a6c02ccd01.tfrecord
..Copying gs://waymo_open_dataset_motion_v_1_3_0/uncompressed/lidar_and_camera/validation/4489834f322877a.tfrecord to file:///waymo/data/paired_womd_lidar_v1_3_0/.transactions/validation/validation.tfrecord-00000-of-00150/lidar/4489834f322877a.tfrecord
.Copying gs://waymo_open_dataset_motion_v_1_3_0/uncompressed/lidar_and_camera/validation/3e88a588e36844fc.tfrecord to file:///waymo/data/paired_womd_lidar_v1_3_0/.transactions/validation/validation.tfrecord-00000-of-00150/lidar/3e88a588e36844fc.tfrecord
.Copying gs://waymo_open_dataset_motion_v_1_3_0/uncompressed/lidar_and_camera/validation/92f2585bcbea7f4d.tfrecord to file:///waymo/data/paired_womd_lidar_v1_3_0/.transactions/validation/validation.tfrecord-00000-of-00150/lidar/92f2585bcbea7f4d.tfrecord
Copying gs://waymo_open_dataset_motion_v_1_3_0/uncompressed/lidar_and_camera/validation/c5649e0349e4932a.tfrecord to file:///waymo/data/paired_womd_lidar_v1_3_0/.transactions/validation/validation.tfrecord-00000-of-00150/lidar/c5649e0349e4932a.tfrecord
.Copying gs://waymo_open_dataset_motion_v_1_3_0/uncompressed/lidar_and_camera/validation/67b3d4f0aca3c66b.tfrecord to file:///waymo/data/paired_womd_lidar_v1_3_0/.transactions/validation/validation.tfrecord-00000-of-00150/lidar/67b3d4f0aca3c66b.tfrecord
.Copying gs://waymo_open_dataset_motion_v_1_3_0/uncompressed/lidar_and_camera/validation/ca1156d1b6055148.tfrecord to file:///waymo/data/paired_womd_lidar_v1_3_0/.transactions/validation/validation.tfrecord-00000-of-00150/lidar/ca1156d1b6055148.tfrecord
.Copying gs://waymo_open_dataset_motion_v_1_3_0/uncompressed/lidar_and_camera/validation/1739d4b548211ed6.tfrecord to file:///waymo/data/paired_womd_lidar_v1_3_0/.transactions/validation/validation.tfrecord-00000-of-00150/lidar/1739d4b548211ed6.tfrecord
Copying gs://waymo_open_dataset_motion_v_1_3_0/uncompressed/lidar_and_camera/validation/b1e75b0feb09a9e4.tfrecord to file:///waymo/data/paired_womd_lidar_v1_3_0/.transactions/validation/validation.tfrecord-00000-of-00150/lidar/b1e75b0feb09a9e4.tfrecord
.Copying gs://waymo_open_dataset_motion_v_1_3_0/uncompressed/lidar_and_camera/validation/fe3eb27d3776d5ab.tfrecord to file:///waymo/data/paired_womd_lidar_v1_3_0/.transactions/validation/validation.tfrecord-00000-of-00150/lidar/fe3eb27d3776d5ab.tfrecord
.Copying gs://waymo_open_dataset_motion_v_1_3_0/uncompressed/lidar_and_camera/validation/3ea6dcad0bb81ba5.tfrecord to file:///waymo/data/paired_womd_lidar_v1_3_0/.transactions/validation/validation.tfrecord-00000-of-00150/lidar/3ea6dcad0bb81ba5.tfrecord
Copying gs://waymo_open_dataset_motion_v_1_3_0/uncompressed/lidar_and_camera/validation/63bcffc229444c56.tfrecord to file:///waymo/data/paired_womd_lidar_v1_3_0/.transactions/validation/validation.tfrecord-00000-of-00150/lidar/63bcffc229444c56.tfrecord
..Copying gs://waymo_open_dataset_motion_v_1_3_0/uncompressed/lidar_and_camera/validation/a19d65cd9eee14c1.tfrecord to file:///waymo/data/paired_womd_lidar_v1_3_0/.transactions/validation/validation.tfrecord-00000-of-00150/lidar/a19d65cd9eee14c1.tfrecord
.Copying gs://waymo_open_dataset_motion_v_1_3_0/uncompressed/lidar_and_camera/validation/4a913307dc754c4f.tfrecord to file:///waymo/data/paired_womd_lidar_v1_3_0/.transactions/validation/validation.tfrecord-00000-of-00150/lidar/4a913307dc754c4f.tfrecord
.Copying gs://waymo_open_dataset_motion_v_1_3_0/uncompressed/lidar_and_camera/validation/3a365999a9732216.tfrecord to file:///waymo/data/paired_womd_lidar_v1_3_0/.transactions/validation/validation.tfrecord-00000-of-00150/lidar/3a365999a9732216.tfrecord
Copying gs://waymo_open_dataset_motion_v_1_3_0/uncompressed/lidar_and_camera/validation/dcfb89080584aff0.tfrecord to file:///waymo/data/paired_womd_lidar_v1_3_0/.transactions/validation/validation.tfrecord-00000-of-00150/lidar/dcfb89080584aff0.tfrecord
.Copying gs://waymo_open_dataset_motion_v_1_3_0/uncompressed/lidar_and_camera/validation/f634675c73bb60a9.tfrecord to file:///waymo/data/paired_womd_lidar_v1_3_0/.transactions/validation/validation.tfrecord-00000-of-00150/lidar/f634675c73bb60a9.tfrecord
.Copying gs://waymo_open_dataset_motion_v_1_3_0/uncompressed/lidar_and_camera/validation/5a23f610914ea863.tfrecord to file:///waymo/data/paired_womd_lidar_v1_3_0/.transactions/validation/validation.tfrecord-00000-of-00150/lidar/5a23f610914ea863.tfrecord
.Copying gs://waymo_open_dataset_motion_v_1_3_0/uncompressed/lidar_and_camera/validation/5aa8968270e600dc.tfrecord to file:///waymo/data/paired_womd_lidar_v1_3_0/.transactions/validation/validation.tfrecord-00000-of-00150/lidar/5aa8968270e600dc.tfrecord
Copying gs://waymo_open_dataset_motion_v_1_3_0/uncompressed/lidar_and_camera/validation/19d992298d377f21.tfrecord to file:///waymo/data/paired_womd_lidar_v1_3_0/.transactions/validation/validation.tfrecord-00000-of-00150/lidar/19d992298d377f21.tfrecord
.Copying gs://waymo_open_dataset_motion_v_1_3_0/uncompressed/lidar_and_camera/validation/668c682c15453f4e.tfrecord to file:///waymo/data/paired_womd_lidar_v1_3_0/.transactions/validation/validation.tfrecord-00000-of-00150/lidar/668c682c15453f4e.tfrecord
.Copying gs://waymo_open_dataset_motion_v_1_3_0/uncompressed/lidar_and_camera/validation/e59e0269850f6834.tfrecord to file:///waymo/data/paired_womd_lidar_v1_3_0/.transactions/validation/validation.tfrecord-00000-of-00150/lidar/e59e0269850f6834.tfrecord
.Copying gs://waymo_open_dataset_motion_v_1_3_0/uncompressed/lidar_and_camera/validation/f29ab125e68039a5.tfrecord to file:///waymo/data/paired_womd_lidar_v1_3_0/.transactions/validation/validation.tfrecord-00000-of-00150/lidar/f29ab125e68039a5.tfrecord
Copying gs://waymo_open_dataset_motion_v_1_3_0/uncompressed/lidar_and_camera/validation/3ede7108b8eef8fa.tfrecord to file:///waymo/data/paired_womd_lidar_v1_3_0/.transactions/validation/validation.tfrecord-00000-of-00150/lidar/3ede7108b8eef8fa.tfrecord
.Copying gs://waymo_open_dataset_motion_v_1_3_0/uncompressed/lidar_and_camera/validation/76aaa2985582f6b1.tfrecord to file:///waymo/data/paired_womd_lidar_v1_3_0/.transactions/validation/validation.tfrecord-00000-of-00150/lidar/76aaa2985582f6b1.tfrecord
..Copying gs://waymo_open_dataset_motion_v_1_3_0/uncompressed/lidar_and_camera/validation/e61319796fcc7ee0.tfrecord to file:///waymo/data/paired_womd_lidar_v1_3_0/.transactions/validation/validation.tfrecord-00000-of-00150/lidar/e61319796fcc7ee0.tfrecord
Copying gs://waymo_open_dataset_motion_v_1_3_0/uncompressed/lidar_and_camera/validation/a5704e8a58571f00.tfrecord to file:///waymo/data/paired_womd_lidar_v1_3_0/.transactions/validation/validation.tfrecord-00000-of-00150/lidar/a5704e8a58571f00.tfrecord
........

Average throughput: 26.2MiB/s
Transactional migration failed: LiDAR scenario ID mismatch:  != b85e1bd6cc8e74c0
