========================================================================
BLOCK 6.4 PART2A — PARAMETERIZED PROBABILISTIC OCCUPANCY
========================================================================

===== A. BLOCK6.4 PART1 SEAL =====
Part1 report             = EXACT PASS
Part1 contract           = EXACT PASS
Part1 scientific module  = EXACT PASS

===== B. MATERIALIZE P_OCC KERNEL =====
module = /home/agni/waymo/iscai_stage6/src/iscai_stage6/adb/probabilistic_occupancy.py
module SHA256 = d4206761fc70495563d53a6ab58aefe6db5d8bd1b2d09736bfc5bbc6b6f50e3e
test = /home/agni/waymo/iscai_stage6/tests/test_block64_part2a_probabilistic_occupancy.py
test SHA256 = eaa732ca2bf2a9b1463d5b560d8d59a5a5fcd48821284f66b3652138076e035d
compile = PASS

===== C. PART2A DEDICATED TESTS =====
...............
----------------------------------------------------------------------
Ran 15 tests in 0.163s

OK
dedicated tests = PASS | 15

===== D. FULL STAGE6 REGRESSION =====
...............................................................................................................................
----------------------------------------------------------------------
Ran 127 tests in 0.177s

OK
full regression = PASS | 127

===== E. PART2A OCCUPANCY CONTRACT =====
contract = /home/agni/waymo/iscai_stage6/configs/block64_part2a_probabilistic_occupancy_contract.json
contract SHA256 = 3c61222ca829849ee77b276ff21a199b016b0fe8455b6f4045d4e980f4874ae8

===== F. PART2A REPORT =====
report = /home/agni/waymo/iscai_stage6/reports/block64_part2a_probabilistic_occupancy_kernel.json
report SHA256 = 42ba4b5bfd54a4e5b74773f71a5ce2d040021a188dffb336beb2b32fb852b0a3

========================================================================
BLOCK 6.4 PART2A — FINAL
========================================================================
STATUS = PASS_BLOCK64_PART2A_PROBABILISTIC_OCCUPANCY_KERNEL
P_occ definition             = MC COVERAGE FRACTION
per-actor occupancy          = YES
full sampled boxes           = YES
physical corners per box     = 8
raster envelope              = CONVEX HULL OF 8 PROJECTED CORNERS
centroid-only                = NO
gamma threshold applied      = NO
multi-actor aggregation      = NO
class-aware policy           = NO
MC sample count frozen       = NO
seed policy frozen           = NO
scientific grid frozen       = NO
real development sampling    = NO
formal evaluation            = NO
dedicated tests              = PASS | 15
full Stage6 regression       = PASS | 127
module SHA256                = d4206761fc70495563d53a6ab58aefe6db5d8bd1b2d09736bfc5bbc6b6f50e3e
contract SHA256              = 3c61222ca829849ee77b276ff21a199b016b0fe8455b6f4045d4e980f4874ae8
report SHA256                = 42ba4b5bfd54a4e5b74773f71a5ce2d040021a188dffb336beb2b32fb852b0a3
NEXT = BLOCK6.4 PART2B REAL DEVELOPMENT MC CONVERGENCE + NUMERIC FREEZE
terminal remains open = YES
========================================================================
