========================================================================
BLOCK 6.4 PART2B/1 — REAL DEVELOPMENT MC CONVERGENCE
========================================================================

===== A. FROZEN UPSTREAM SEAL =====
Part2A report        = EXACT PASS
Part2A contract      = EXACT PASS
occupancy module     = EXACT PASS
full-box module      = EXACT PASS
posterior            = EXACT PASS

===== B. FROZEN STAGE5 MC STUDY POINTS =====
candidate N = (2048, 4096, 8192)
reference N = 32768
minimum N   = 2048
base seed   = 20260821
joint semantics = product_of_frozen_calibrated_per_horizon_Gaussian_marginals
Stage6 seed policy frozen = NO
diagnostic common-random-number seed = FROZEN STAGE5 BASE SEED

===== C. REAL DEVELOPMENT MATCHED ACTORS =====
scenario            = b85e1bd6cc8e74c0
posterior records   = 27
causal ADB boxes    = 9
matched actors      = 6
fallback boxes      = (1, 3, 8)
unmatched predictors= 21

===== D. DEVELOPMENT DIAGNOSTIC GRID =====
theta extent/resolution = -25..25 deg / 0.1 deg
range extent/resolution = 0..150 m / 0.5 m
grid frame semantics    = Stage6 H0/headlamp theta
grid purpose            = DEVELOPMENT CONVERGENCE ONLY
final scientific grid frozen = NO

===== E. SPARSE RASTER ACCUMULATOR PARITY =====

===== F. REAL CALIBRATED P_OCC CONVERGENCE =====
public rasterizer parity = EXACT PASS
actor 1/6 | prediction=s3trk-000004 | snapshot N=2048 | occupied-count cells=0
actor 1/6 | prediction=s3trk-000004 | snapshot N=4096 | occupied-count cells=0
actor 1/6 | prediction=s3trk-000004 | snapshot N=8192 | occupied-count cells=0
actor 1/6 | prediction=s3trk-000004 | snapshot N=32768 | occupied-count cells=0
actor 1/6 complete | runtime_s=16.750
actor 2/6 | prediction=s3trk-000007 | snapshot N=2048 | occupied-count cells=0
actor 2/6 | prediction=s3trk-000007 | snapshot N=4096 | occupied-count cells=0
actor 2/6 | prediction=s3trk-000007 | snapshot N=8192 | occupied-count cells=0
actor 2/6 | prediction=s3trk-000007 | snapshot N=32768 | occupied-count cells=0
actor 2/6 complete | runtime_s=16.869
actor 3/6 | prediction=s3trk-000010 | snapshot N=2048 | occupied-count cells=31923
actor 3/6 | prediction=s3trk-000010 | snapshot N=4096 | occupied-count cells=35568
actor 3/6 | prediction=s3trk-000010 | snapshot N=8192 | occupied-count cells=38865
actor 3/6 | prediction=s3trk-000010 | snapshot N=32768 | occupied-count cells=45258
actor 3/6 complete | runtime_s=24.548
actor 4/6 | prediction=s3trk-000016 | snapshot N=2048 | occupied-count cells=0
actor 4/6 | prediction=s3trk-000016 | snapshot N=4096 | occupied-count cells=0
actor 4/6 | prediction=s3trk-000016 | snapshot N=8192 | occupied-count cells=0
actor 4/6 | prediction=s3trk-000016 | snapshot N=32768 | occupied-count cells=0
actor 4/6 complete | runtime_s=16.642
actor 5/6 | prediction=s3trk-000019 | snapshot N=2048 | occupied-count cells=39135
actor 5/6 | prediction=s3trk-000019 | snapshot N=4096 | occupied-count cells=42532
actor 5/6 | prediction=s3trk-000019 | snapshot N=8192 | occupied-count cells=45422
actor 5/6 | prediction=s3trk-000019 | snapshot N=32768 | occupied-count cells=50445
actor 5/6 complete | runtime_s=25.074
actor 6/6 | prediction=s3trk-000024 | snapshot N=2048 | occupied-count cells=0
actor 6/6 | prediction=s3trk-000024 | snapshot N=4096 | occupied-count cells=0
actor 6/6 | prediction=s3trk-000024 | snapshot N=8192 | occupied-count cells=0
actor 6/6 | prediction=s3trk-000024 | snapshot N=32768 | occupied-count cells=0
actor 6/6 complete | runtime_s=16.753

===== G. CONVERGENCE SUMMARY — NO ACCEPTANCE THRESHOLD =====

N = 2048
  worst max |ΔP| = 0.0318603515625
  mean support MAE = 0.0005454770439295046
  worst support MAE = 0.001947229593144452
  mean normalized L1 = 0.015361736471349132
  mean probability-mass rel error = 0.0001438046113713446
  mean positive-support IoU = 0.9135252299871196

N = 4096
  worst max |ΔP| = 0.01983642578125
  mean support MAE = 0.0003914936754667705
  worst support MAE = 0.0014149345483400856
  mean normalized L1 = 0.010955402820775272
  mean probability-mass rel error = 0.00010998131703503168
  mean positive-support IoU = 0.9381717158931188

N = 8192
  worst max |ΔP| = 0.014373779296875
  mean support MAE = 0.00027157183950367314
  worst support MAE = 0.0009769962615921424
  mean normalized L1 = 0.007617702216727899
  mean probability-mass rel error = 0.00010669241278227715
  mean positive-support IoU = 0.9598615687301572

monotonic convergence required = NO
automatic acceptance threshold = NONE
automatic N selection          = NO

===== H. DEVELOPMENT ARTIFACT MATERIALIZATION =====
counts NPZ = /home/agni/waymo/iscai_stage6/artifacts/block64/block64_part2b1_real_mc_convergence_counts.npz
counts SHA256 = ee536151df1b49294ebdeda598d74734083dc90769fd3d70dc8a058142701b7a
scientific digest = 419d7450a565c24c87ed57fdc64464c4a7d8d381e0f65557d4a8abc29159e849
report = /home/agni/waymo/iscai_stage6/reports/block64_part2b1_real_mc_convergence.json
report SHA256 = 57f23aaa55e31967653528157f2d7703fc10b632d353e2b8e25c53c379bc4d1f
study runtime_s = 116.6381714149611

===== I. FRESH STAGE6 REGRESSION =====
...............................................................................................................................
----------------------------------------------------------------------
Ran 127 tests in 0.186s

OK
fresh regression = PASS | 127

========================================================================
BLOCK 6.4 PART2B/1 — FINAL
========================================================================
STATUS = PASS_REAL_DEVELOPMENT_MC_CONVERGENCE_CURVES_GENERATED
real matched actors          = 6
candidate N                  = (2048, 4096, 8192)
reference N                  = 32768
diagnostic seed              = 20260821
candidate/reference streams  = EXACT PREFIXES
P_occ geometry               = FULL BOX / 8 CORNERS
sparse/public raster parity  = PASS
gamma applied                = NO
automatic N selection        = NO
convergence threshold frozen = NO
Stage6 seed policy frozen    = NO
final scientific grid frozen = NO
formal evaluation            = NO
model forward                = NO
training/recalibration       = NO / NO
fresh Stage6 regression      = PASS | 127
counts SHA256                = ee536151df1b49294ebdeda598d74734083dc90769fd3d70dc8a058142701b7a
report SHA256                = 57f23aaa55e31967653528157f2d7703fc10b632d353e2b8e25c53c379bc4d1f
NEXT = BLOCK6.4 PART2B/2 DEVELOPMENT PREREGISTRATION + NUMERIC FREEZE
terminal remains open = YES
========================================================================
