========================================================================
BLOCK 6.4 PART2B/2 — DEVELOPMENT NUMERIC FREEZE
========================================================================

===== A. IMMUTABLE DEVELOPMENT EVIDENCE SEAL =====
Part2B/1 report      = EXACT PASS
convergence counts   = EXACT PASS
Part2A report        = EXACT PASS
Part2A contract      = EXACT PASS
occupancy module     = EXACT PASS
full-box module      = EXACT PASS
posterior            = EXACT PASS
formal population used = NO

===== B. REFERENCE-ACTIVE SUPPORT REPRODUCTION =====
reference-active actors   = (2, 4)
reference-inactive actors = (0, 1, 3, 5)
active horizons actor 2   = [3391, 6209, 10232, 25426]
active horizons actor 4   = [7057, 10965, 13357, 19066]

===== C. ACTIVE-ONLY CONVERGENCE REPRODUCTION =====

N = 2048
  worst_max_abs = 0.0318603515625
  mean_support_mae = 0.0016364311317885137
  worst_support_mae = 0.001947229593144452
  mean_normalized_l1 = 0.046085209414047396
  worst_normalized_l1 = 0.056339624942798684
  mean_mass_relative_error = 0.00043141383411403377
  mean_support_iou = 0.740575689961359

N = 4096
  worst_max_abs = 0.01983642578125
  mean_support_mae = 0.0011744810264003114
  worst_support_mae = 0.0014149345483400856
  mean_normalized_l1 = 0.03286620846232582
  worst_normalized_l1 = 0.03969633553946226
  mean_mass_relative_error = 0.00032994395110509504
  mean_support_iou = 0.8145151476793564

N = 8192
  worst_max_abs = 0.014373779296875
  mean_support_mae = 0.0008147155185110194
  worst_support_mae = 0.0009769962615921424
  mean_normalized_l1 = 0.022853106650183697
  worst_normalized_l1 = 0.027728594328747753
  mean_mass_relative_error = 0.00032007723834683147
  mean_support_iou = 0.8795847061904716

===== D. DEVELOPMENT MC SELECTION RULE =====
eligible candidates = (2048, 4096, 8192)
reference N         = 32768 (development diagnostic only)
selection evidence  = 8192 strictly improves every precomputed active-support metric relative to 4096 and 2048
selected runtime N  = 8192
new arbitrary MC N  = NO
reference N selected as runtime = NO

===== E. SEED + SCIENTIFIC GRID FREEZE =====
MC runtime sample count = 8192
MC runtime seed         = 20260821
seed source             = frozen Stage5 MONTE_CARLO_BASE_SEED
seed policy             = same frozen deterministic seed per actor posterior evaluation
theta grid              = -25..25 deg | 501 centers | 0.1 deg
range grid              = 0..150 m | 301 centers | 0.5 m
grid provenance         = frozen Part-A ADB actuator domain
grid tuning on formal   = NO

===== F. BLOCK6.4 NUMERIC FREEZE CONFIG =====
config = /home/agni/waymo/iscai_stage6/configs/block64_mc_grid_numeric_freeze.json
config SHA256 = 993c4248a902e7dff3a4383ac343e7222cc43ef9b9372ed2efd0ee08d6d20a73

===== G. FRESH STAGE6 REGRESSION =====
...............................................................................................................................
----------------------------------------------------------------------
Ran 127 tests in 0.173s

OK
fresh regression = PASS | 127

===== H. PART2B/2 DEVELOPMENT FREEZE REPORT =====
report = /home/agni/waymo/iscai_stage6/reports/block64_part2b2_development_numeric_freeze.json
report SHA256 = 06cb2487cc097a5df5b7f4966dded8509fa4771b70755146180cc13d1e64333f

===== I. FREEZE MANIFEST + BLOCK6.5 HANDOFF =====
freeze manifest = /home/agni/waymo/iscai_stage6/artifacts/block64/block64_part2b2_numeric_freeze_manifest.json
freeze SHA256 = bf0e7ee51cd9aadfced923f769dccf6dc2ff374179d6ba01428e0c891bbe1ad5
handoff = /home/agni/waymo/iscai_stage6/artifacts/block64/block64_to_block65_handoff.json
handoff SHA256 = 50c914e017d8d2aaa487c75077b49098c3ae5f2165b3048834b3a4bcc17719ae

========================================================================
BLOCK 6.4 PART2B/2 — FINAL
========================================================================
STATUS = PASS_BLOCK64_MC_GRID_DEVELOPMENT_NUMERICS_FROZEN
MC runtime N              = 8192
MC seed                   = 20260821
MC reference N            = 32768 | DEVELOPMENT ONLY
active actors for N study = (2, 4)
zero-support actors        = (0, 1, 3, 5) | OUTSIDE HEADLAMP DOMAIN
scientific grid            = 501 x 301
theta                      = -25..25 deg @ 0.1 deg
range                      = 0..150 m @ 0.5 m
grid provenance            = FROZEN PART-A ADB DOMAIN
occupancy gamma            = NOT YET FROZEN
class policy               = NOT YET FROZEN
formal evaluation          = NO
formal outcomes read       = NO
training/recalibration     = NO / NO
new MC sampling            = NO
fresh Stage6 regression    = PASS | 127
config SHA256              = 993c4248a902e7dff3a4383ac343e7222cc43ef9b9372ed2efd0ee08d6d20a73
report SHA256              = 06cb2487cc097a5df5b7f4966dded8509fa4771b70755146180cc13d1e64333f
freeze SHA256              = bf0e7ee51cd9aadfced923f769dccf6dc2ff374179d6ba01428e0c891bbe1ad5
handoff SHA256             = 50c914e017d8d2aaa487c75077b49098c3ae5f2165b3048834b3a4bcc17719ae
NEXT = BLOCK6.5 DEVELOPMENT GAMMA + MULTI-ACTOR MASK AGGREGATION
terminal remains open = YES
========================================================================
Traceback (most recent call last):
  File "/home/agni/waymo/iscai_stage6/scripts/run_block64_part2b2_development_numeric_freeze.py", line 1967, in <module>
    main()
    ^^^^
NameError: name 'main' is not defined. Did you mean: 'min'?
