============================================================
STAGE 6 — BLOCK 6.8
DEVELOPMENT-SELECTION STATUS AUTHORITY REPAIR
SCHEMA BINDING ONLY / NO SCIENTIFIC CHANGE
============================================================

===== A. EXACT AUTHORITATIVE EVIDENCE =====
closure top-level key          = MISSING, EXPECTED
closure scientific boundary    = NUMERIC POLICY FALSE
integration smoke selection    = FALSE
development objective evaluated= FALSE
policy sweep executed          = FALSE
final freeze numeric selected  = FALSE
formal outcomes read           = FALSE
final source semantics         = EXACT PASS
scientific conclusion          = SELECTION PENDING

===== B. TARGET SCHEMA-BUG PATTERN =====
obsolete closure gate count = 1 PASS

===== C. VERIFIED BACKUP =====
backup SHA256 = d2b738def29f16b178c9740e515fe4d8cea55fd9b71b2918bab8c6a3faba1067

===== D. BUILD AUTHORITY-BINDING PATCH =====
patch syntax            = PASS
scientific numerics     = UNCHANGED
runtime operators       = UNCHANGED
P_occ access            = UNCHANGED

===== E. TRANSACTIONAL PATCH =====
patched runtime-bind compile = PASS
Stage6 regression            = 224 / 224 PASS

============================================================
BLOCK 6.8 SELECTION-STATUS AUTHORITY REPAIR — FINAL
============================================================
closure top-level key      = NOT REQUIRED
scientific-boundary status = EXACT FALSE
integration-smoke status   = EXACT FALSE
final-freeze status        = EXACT FALSE
development objective      = NOT EVALUATED
policy sweep               = NOT EXECUTED
numeric policy selected    = NO
selection pending          = YES
P_occ arrays               = NOT OPENED
predictive performance     = NOT COMPUTED
formal evaluation          = NO
Stage6 regression          = 224 / 224 PASS
patched runtime-bind SHA   = 552f2c5988a9a52958f569316b54c7fdcbdbfdfe50a6d897dba7f3df2456cc87
STATUS = PASS_SELECTION_STATUS_AUTHORITY_REBOUND
report = /home/agni/waymo/iscai_stage6/reports/block68_development_selection_status_authority_patch.json
terminal remains open = YES
