============================================================
BLOCK 5.8 PART 1/2 — SAFE FORMAL ROUTE AUDIT
============================================================
formal-route audit compile = PASS

===== PRE-AUDIT STAGE5 REGRESSION =====

..................................................................................................................................................................................................................................
----------------------------------------------------------------------
Ran 226 tests in 0.075s

OK

pre-audit Stage5 regression = 226 / 226 PASS

===== FROZEN FORMAL INPUT-ROUTE AUDIT =====
============================================================
STAGE 5 — BLOCK 5.8 PART 1/2
FROZEN FORMAL INPUT-ROUTE AUDIT
============================================================
formal N=120 read        = YES — AUDIT ONLY
formal metrics computed  = NO
Stage4 inference         = NO
training/recalibration   = NO
parameter tuning         = NO

===== A. BLOCK5.7 FROZEN CONTINUITY =====
Block5.7              = COMPLETE / FROZEN
implementation SHA    = PASS
latency policy SHA    = PASS

============================================================
Stage4 formal report
============================================================
path = /home/agni/waymo/iscai_stage4/reports/block48_formal_evaluation.json
exists = True
SHA256 = 402ab3d771e9a3c77de0c091c893e9a0d6ee5826ec52d07d27b919c68276b353
availability.classes.TYPE_CYCLIST.eligible_truth_tracks = 27
availability.classes.TYPE_CYCLIST.matched_tracks = 25
availability.classes.TYPE_PEDESTRIAN.eligible_truth_tracks = 62
availability.classes.TYPE_PEDESTRIAN.matched_tracks = 55
availability.classes.TYPE_VEHICLE.eligible_truth_tracks = 458
availability.classes.TYPE_VEHICLE.matched_tracks = 414
availability.eligible_truth_tracks = 547
availability.horizons.0.1.available_predictions = 493
availability.horizons.0.1.eligible_truth_tracks = 546
availability.horizons.0.3.available_predictions = 491
availability.horizons.0.3.eligible_truth_tracks = 544
availability.horizons.0.5.available_predictions = 492
availability.horizons.0.5.eligible_truth_tracks = 544
availability.horizons.1.0.available_predictions = 492
availability.horizons.1.0.eligible_truth_tracks = 544
availability.matched_target_recall = 0.903107861060329
availability.matched_tracks = 494
comparison.calibrated_Gaussian_ADE_m = 1.9848952833749467
formal_calibration_generalization.ECE_nonworsening = True
formal_calibration_generalization.calibrated_coverage_event_Brier = 0.19413178861788616
formal_calibration_generalization.calibrated_macro_ECE = 0.11165527003334381
formal_calibration_generalization.calibrated_metric_Gaussian_NLL = 3.6848268203287406
formal_calibration_generalization.raw_coverage_event_Brier = 0.2397821951219512
formal_calibration_generalization.raw_macro_ECE = 0.18362046536363294
formal_calibration_generalization.raw_metric_Gaussian_NLL = 4.15760466880646
formal_population.Stage3_formal_run_sha256 = 5fbb4642f87ab8e62cf1e1b3ef4214d92df5b5a1423bd9fb72b9733ced02e433
formal_population.manifest_sha256 = 2208e7287ddf6439fda4597c435a9cba1d1b9d0e4c4547bc5dd92e56e8124e46
formal_population.same_frozen_population = True
formal_population.scenario_count = 120
leakage_contract.calibrator_fit_on_formal = False
leakage_contract.model_selection_on_formal = False
leakage_contract.normalization_fit_on_formal = False
leakage_contract.tracks_to_predict_accessed_after_prediction = True
leakage_contract.tracks_to_predict_model_input = False
leakage_contract.training_on_formal = False
neural_models.GMM_ablation.MAP_point_metrics.classes.TYPE_CYCLIST.horizons.0.1.available_predictions = 25
neural_models.GMM_ablation.MAP_point_metrics.classes.TYPE_CYCLIST.horizons.0.1.mean_planar_error_m = 0.7509714188566402
neural_models.GMM_ablation.MAP_point_metrics.classes.TYPE_CYCLIST.horizons.0.3.available_predictions = 25
neural_models.GMM_ablation.MAP_point_metrics.classes.TYPE_CYCLIST.horizons.0.3.mean_planar_error_m = 1.1528130152010378
neural_models.GMM_ablation.MAP_point_metrics.classes.TYPE_CYCLIST.horizons.0.5.available_predictions = 25
neural_models.GMM_ablation.MAP_point_metrics.classes.TYPE_CYCLIST.horizons.0.5.mean_planar_error_m = 1.6156093452247022
neural_models.GMM_ablation.MAP_point_metrics.classes.TYPE_CYCLIST.horizons.1.0.available_predictions = 25
neural_models.GMM_ablation.MAP_point_metrics.classes.TYPE_CYCLIST.horizons.1.0.mean_planar_error_m = 2.796765371139449
neural_models.GMM_ablation.MAP_point_metrics.classes.TYPE_CYCLIST.matched_tracks = 25
neural_models.GMM_ablation.MAP_point_metrics.classes.TYPE_PEDESTRIAN.horizons.0.1.available_predictions = 55
neural_models.GMM_ablation.MAP_point_metrics.classes.TYPE_PEDESTRIAN.horizons.0.1.mean_planar_error_m = 0.50738443126402
neural_models.GMM_ablation.MAP_point_metrics.classes.TYPE_PEDESTRIAN.horizons.0.3.available_predictions = 54
neural_models.GMM_ablation.MAP_point_metrics.classes.TYPE_PEDESTRIAN.horizons.0.3.mean_planar_error_m = 0.6618002725999673
neural_models.GMM_ablation.MAP_point_metrics.classes.TYPE_PEDESTRIAN.horizons.0.5.available_predictions = 55
neural_models.GMM_ablation.MAP_point_metrics.classes.TYPE_PEDESTRIAN.horizons.0.5.mean_planar_error_m = 0.8614849808267797
neural_models.GMM_ablation.MAP_point_metrics.classes.TYPE_PEDESTRIAN.horizons.1.0.available_predictions = 55
neural_models.GMM_ablation.MAP_point_metrics.classes.TYPE_PEDESTRIAN.horizons.1.0.mean_planar_error_m = 1.353528143571616
neural_models.GMM_ablation.MAP_point_metrics.classes.TYPE_PEDESTRIAN.matched_tracks = 55
neural_models.GMM_ablation.MAP_point_metrics.classes.TYPE_VEHICLE.horizons.0.1.available_predictions = 413
neural_models.GMM_ablation.MAP_point_metrics.classes.TYPE_VEHICLE.horizons.0.1.mean_planar_error_m = 1.195449225872889
neural_models.GMM_ablation.MAP_point_metrics.classes.TYPE_VEHICLE.horizons.0.3.available_predictions = 412
neural_models.GMM_ablation.MAP_point_metrics.classes.TYPE_VEHICLE.horizons.0.3.mean_planar_error_m = 1.6303045104645344
neural_models.GMM_ablation.MAP_point_metrics.classes.TYPE_VEHICLE.horizons.0.5.available_predictions = 412
neural_models.GMM_ablation.MAP_point_metrics.classes.TYPE_VEHICLE.horizons.0.5.mean_planar_error_m = 2.175125871062898
neural_models.GMM_ablation.MAP_point_metrics.classes.TYPE_VEHICLE.horizons.1.0.available_predictions = 412
neural_models.GMM_ablation.MAP_point_metrics.classes.TYPE_VEHICLE.horizons.1.0.mean_planar_error_m = 3.6061792235646286
neural_models.GMM_ablation.MAP_point_metrics.classes.TYPE_VEHICLE.matched_tracks = 414
neural_models.GMM_ablation.MAP_point_metrics.horizons.0.1.available_predictions = 493
neural_models.GMM_ablation.MAP_point_metrics.horizons.0.1.mean_3d_error_m = 1.1308518675129413
neural_models.GMM_ablation.MAP_point_metrics.horizons.0.1.mean_planar_error_m = 1.0961479908244223
neural_models.GMM_ablation.MAP_point_metrics.horizons.0.3.available_predictions = 491
neural_models.GMM_ablation.MAP_point_metrics.horizons.0.3.mean_3d_error_m = 1.525242342359777
neural_models.GMM_ablation.MAP_point_metrics.horizons.0.3.mean_planar_error_m = 1.499476575176807
neural_models.GMM_ablation.MAP_point_metrics.horizons.0.5.available_predictions = 492
neural_models.GMM_ablation.MAP_point_metrics.horizons.0.5.mean_3d_error_m = 2.0201022010404115
neural_models.GMM_ablation.MAP_point_metrics.horizons.0.5.mean_planar_error_m = 1.9998450537683015
neural_models.GMM_ablation.MAP_point_metrics.horizons.1.0.available_predictions = 492
neural_models.GMM_ablation.MAP_point_metrics.horizons.1.0.mean_3d_error_m = 3.327193223492686
neural_models.GMM_ablation.MAP_point_metrics.horizons.1.0.mean_planar_error_m = 3.31322972008852
neural_models.GMM_ablation.MAP_point_metrics.matched_track_count = 494
neural_models.GMM_ablation.joint_GMM_NLL_per_sample = 12.149566182246462
neural_models.GMM_ablation.mean_mixture_probability[0] = 0.23141049009513628
neural_models.GMM_ablation.mean_mixture_probability[1] = 0.5298547023471922
neural_models.GMM_ablation.mean_mixture_probability[2] = 0.23873480755767076
neural_models.GMM_ablation.mixture_mean_point_metrics.ade_3d_m = 1.997437000472699
neural_models.GMM_ablation.mixture_mean_point_metrics.ade_m = 1.9739866668992556
neural_models.GMM_ablation.mixture_mean_point_metrics.ade_point_count = 1968
neural_models.GMM_ablation.mixture_mean_point_metrics.classes.TYPE_CYCLIST.ade_3d_m = 1.5983235888821332
neural_models.GMM_ablation.mixture_mean_point_metrics.classes.TYPE_CYCLIST.ade_m = 1.5815639142647893
neural_models.GMM_ablation.mixture_mean_point_metrics.classes.TYPE_CYCLIST.fde_1.0s_m = 2.8043735179897156
neural_models.GMM_ablation.mixture_mean_point_metrics.classes.TYPE_CYCLIST.horizons.0.1.available_predictions = 25
neural_models.GMM_ablation.mixture_mean_point_metrics.classes.TYPE_CYCLIST.horizons.0.1.mean_planar_error_m = 0.748904966255654
neural_models.GMM_ablation.mixture_mean_point_metrics.classes.TYPE_CYCLIST.horizons.0.3.available_predictions = 25
neural_models.GMM_ablation.mixture_mean_point_metrics.classes.TYPE_CYCLIST.horizons.0.3.mean_planar_error_m = 1.1531566796705033
neural_models.GMM_ablation.mixture_mean_point_metrics.classes.TYPE_CYCLIST.horizons.0.5.available_predictions = 25
neural_models.GMM_ablation.mixture_mean_point_metrics.classes.TYPE_CYCLIST.horizons.0.5.mean_planar_error_m = 1.619820493143285
neural_models.GMM_ablation.mixture_mean_point_metrics.classes.TYPE_CYCLIST.horizons.1.0.available_predictions = 25
neural_models.GMM_ablation.mixture_mean_point_metrics.classes.TYPE_CYCLIST.horizons.1.0.mean_planar_error_m = 2.8043735179897156
neural_models.GMM_ablation.mixture_mean_point_metrics.classes.TYPE_CYCLIST.matched_tracks = 25
neural_models.GMM_ablation.mixture_mean_point_metrics.classes.TYPE_PEDESTRIAN.ade_3d_m = 0.8837905632202118
neural_models.GMM_ablation.mixture_mean_point_metrics.classes.TYPE_PEDESTRIAN.ade_m = 0.8456164509870228
neural_models.GMM_ablation.mixture_mean_point_metrics.classes.TYPE_PEDESTRIAN.fde_1.0s_m = 1.3520341982933919
neural_models.GMM_ablation.mixture_mean_point_metrics.classes.TYPE_PEDESTRIAN.horizons.0.1.available_predictions = 55
neural_models.GMM_ablation.mixture_mean_point_metrics.classes.TYPE_PEDESTRIAN.horizons.0.1.mean_planar_error_m = 0.5070901169715278
neural_models.GMM_ablation.mixture_mean_point_metrics.classes.TYPE_PEDESTRIAN.horizons.0.3.available_predictions = 54
neural_models.GMM_ablation.mixture_mean_point_metrics.classes.TYPE_PEDESTRIAN.horizons.0.3.mean_planar_error_m = 0.6602930842484517
neural_models.GMM_ablation.mixture_mean_point_metrics.classes.TYPE_PEDESTRIAN.horizons.0.5.available_predictions = 55
neural_models.GMM_ablation.mixture_mean_point_metrics.classes.TYPE_PEDESTRIAN.horizons.0.5.mean_planar_error_m = 0.8596788886758367
neural_models.GMM_ablation.mixture_mean_point_metrics.classes.TYPE_PEDESTRIAN.horizons.1.0.available_predictions = 55
neural_models.GMM_ablation.mixture_mean_point_metrics.classes.TYPE_PEDESTRIAN.horizons.1.0.mean_planar_error_m = 1.3520341982933919
neural_models.GMM_ablation.mixture_mean_point_metrics.classes.TYPE_PEDESTRIAN.matched_tracks = 55
neural_models.GMM_ablation.mixture_mean_point_metrics.classes.TYPE_VEHICLE.ade_3d_m = 2.1695412520902555
neural_models.GMM_ablation.mixture_mean_point_metrics.classes.TYPE_VEHICLE.ade_m = 2.14764061022747
neural_models.GMM_ablation.mixture_mean_point_metrics.classes.TYPE_VEHICLE.fde_1.0s_m = 3.600364174446198
neural_models.GMM_ablation.mixture_mean_point_metrics.classes.TYPE_VEHICLE.horizons.0.1.available_predictions = 413
neural_models.GMM_ablation.mixture_mean_point_metrics.classes.TYPE_VEHICLE.horizons.0.1.mean_planar_error_m = 1.1923349947899036
neural_models.GMM_ablation.mixture_mean_point_metrics.classes.TYPE_VEHICLE.horizons.0.3.available_predictions = 412
neural_models.GMM_ablation.mixture_mean_point_metrics.classes.TYPE_VEHICLE.horizons.0.3.mean_planar_error_m = 1.6276952682324937
neural_models.GMM_ablation.mixture_mean_point_metrics.classes.TYPE_VEHICLE.horizons.0.5.available_predictions = 412
neural_models.GMM_ablation.mixture_mean_point_metrics.classes.TYPE_VEHICLE.horizons.0.5.mean_planar_error_m = 2.1724867063913766
neural_models.GMM_ablation.mixture_mean_point_metrics.classes.TYPE_VEHICLE.horizons.1.0.available_predictions = 412
neural_models.GMM_ablation.mixture_mean_point_metrics.classes.TYPE_VEHICLE.horizons.1.0.mean_planar_error_m = 3.600364174446198
neural_models.GMM_ablation.mixture_mean_point_metrics.classes.TYPE_VEHICLE.matched_tracks = 414
neural_models.GMM_ablation.mixture_mean_point_metrics.fde_1.0s_m = 3.3085797941620183
neural_models.GMM_ablation.mixture_mean_point_metrics.fde_1.0s_track_count = 492

============================================================
Stage4 final closure
============================================================
path = /home/agni/waymo/iscai_stage4/reports/stage4_final_closure.json
exists = True
SHA256 = 570da4feb918b1025b5e85cc919360d922b471c468c85b3844f13fb7774e7c2f
critical_artifacts.Gaussian_checkpoint.path = /home/agni/waymo/iscai_stage4/artifacts/block44/gaussian_gru.pt
critical_artifacts.Gaussian_checkpoint.sha256 = 49ff64d145eaa633f295c16f660df380c35383e7e3b61279a5aad7cd700d619f
critical_artifacts.covariance_calibrator.path = /home/agni/waymo/iscai_stage4/artifacts/block45/covariance_scaler.json
critical_artifacts.covariance_calibrator.sha256 = 508ff2e3fbcfafe8e001155340c25baaf3772fe2561a8022a9ed1cf780e66087
critical_artifacts.formal_manifest.path = /home/agni/waymo/iscai_stage3/artifacts/block38e/formal_validation_120.jsonl
critical_artifacts.formal_manifest.sha256 = 2208e7287ddf6439fda4597c435a9cba1d1b9d0e4c4547bc5dd92e56e8124e46
formal_N120.calibrated_Gaussian_ADE_m = 1.9848952833749467
formal_N120.calibrated_coverage_event_Brier = 0.19413178861788616
formal_N120.calibrated_macro_ECE = 0.11165527003334381
formal_N120.calibrated_metric_Gaussian_NLL = 3.6848268203287406
formal_N120.classical_baselines_beaten[0] = CA
formal_N120.classical_baselines_beaten[1] = CTRV
formal_N120.classical_baselines_beaten[2] = CV
formal_N120.classical_baselines_beaten[3] = IMM_CV_CA_CTRV
formal_N120.classical_baselines_beaten[4] = Kalman_EKF
formal_N120.eligible_targets = 547
formal_N120.formal_content_sha256 = fe5cf7e413b8142c0670d05727affd4fa573cf4607665e4a9bda951f1d9bd0d5
formal_N120.frozen_CV_ADE_m = 9.538706032921292
formal_N120.matched_target_recall = 0.903107861060329
formal_N120.matched_targets = 494
formal_N120.raw_coverage_event_Brier = 0.2397821951219512
formal_N120.raw_macro_ECE = 0.18362046536363294
formal_N120.raw_metric_Gaussian_NLL = 4.15760466880646
formal_N120.scenarios = 120
formal_inference_performed_in_Block410 = False
formal_leakage.calibrator_fit_on_formal = False
formal_leakage.future_model_input = False
formal_leakage.model_selection_on_formal = False
formal_leakage.normalization_fit_on_formal = False
formal_leakage.tracks_to_predict_accessed_after_prediction = True
formal_leakage.tracks_to_predict_model_input = False
formal_leakage.training_on_formal = False
primary_downstream_posterior.family = calibrated_Gaussian_GRU
primary_downstream_posterior.full_3D_SPD_covariance = True
primary_downstream_posterior.horizons_s[0] = 0.1
primary_downstream_posterior.horizons_s[1] = 0.3
primary_downstream_posterior.horizons_s[2] = 0.5
primary_downstream_posterior.horizons_s[3] = 1.0
primary_downstream_posterior.mean_preserved = True
primary_downstream_posterior.measurement_R_t_remains_separate = True
primary_downstream_posterior.variance_scale_alpha_h[0] = 1.2347064500315355
primary_downstream_posterior.variance_scale_alpha_h[1] = 1.3451250295202921
primary_downstream_posterior.variance_scale_alpha_h[2] = 1.354822057728461
primary_downstream_posterior.variance_scale_alpha_h[3] = 1.2829700217319266
reproducibility.formal_cache_content_verified = True
scientific_acceptance.formal_calibration_ECE_improved = True
scientific_acceptance.formal_calibration_measured = True
scientific_acceptance.internal_Gaussian_less_than_frozen_CV = True
scientific_scope_completed[1] = measurement_covariance_R_t_conditioning
scientific_scope_completed[3] = full_3D_Gaussian_predictive_posterior
scientific_scope_completed[8] = frozen_formal_N120_evaluation
scope_boundary.Stage4_ends_at = calibrated_probabilistic_trajectory_posterior
scope_boundary.Stage5_begins_with = receiver_angular_posterior
scope_boundary.receiver_angular_posterior_done = False

============================================================
Stage4 -> Stage5 handoff
============================================================
path = /home/agni/waymo/iscai_stage4/artifacts/block410/stage4_to_stage5_handoff.json
exists = True
SHA256 = 491bce010d35c2a394f879ecf35ed26ef1de92f7fff1465dcbf46b072a87c6fd
Stage4_role = causal uncertainty-aware trajectory posterior
Stage5_must_not[0] = fit_or_recalibrate_the_Stage4_trajectory_posterior_on_formal_N120
Stage5_must_not[1] = reinterpret_tracks_to_predict_as_a_model_input
Stage5_must_not[2] = merge_measurement_R_t_and_predictive_covariance_semantics
Stage5_must_not[3] = silently_switch_to_GMM_based_on_formal_performance
Stage5_scope_start.next_required_layer = receiver_angular_posterior
Stage5_scope_start.trajectory_posterior_source = calibrated_Gaussian_GRU
causal_input_contract.measurement_covariance_feature_indices[0] = 6
causal_input_contract.measurement_covariance_feature_indices[1] = 7
causal_input_contract.measurement_covariance_feature_indices[2] = 8
causal_input_contract.measurement_covariance_feature_indices[3] = 9
causal_input_contract.measurement_covariance_feature_indices[4] = 10
causal_input_contract.measurement_covariance_feature_indices[5] = 11
causal_input_contract.tracks_to_predict_as_model_input = False
default_downstream_posterior.calibrator_path = /home/agni/waymo/iscai_stage4/artifacts/block45/covariance_scaler.json
default_downstream_posterior.calibrator_sha256 = 508ff2e3fbcfafe8e001155340c25baaf3772fe2561a8022a9ed1cf780e66087
default_downstream_posterior.checkpoint_path = /home/agni/waymo/iscai_stage4/artifacts/block44/gaussian_gru.pt
default_downstream_posterior.checkpoint_sha256 = 49ff64d145eaa633f295c16f660df380c35383e7e3b61279a5aad7cd700d619f
default_downstream_posterior.covariance_family = full_3D_SPD
default_downstream_posterior.covariance_parameterization = Cholesky
default_downstream_posterior.family = calibrated_Gaussian_GRU
default_downstream_posterior.formal_covariance_SPD = True
default_downstream_posterior.horizons_s[0] = 0.1
default_downstream_posterior.horizons_s[1] = 0.3
default_downstream_posterior.horizons_s[2] = 0.5
default_downstream_posterior.horizons_s[3] = 1.0
default_downstream_posterior.mandatory_default = True
default_downstream_posterior.normalization_path = /home/agni/waymo/iscai_stage4/artifacts/block43/fit_normalization.json
default_downstream_posterior.normalization_sha256 = 3d7fc0a66d4a4f566f6569befa9c3766ecae21830bb4e46256df2f326a82a5f6
default_downstream_posterior.predictive_covariance = Sigma_cal,h = alpha_h * Sigma_raw,h
default_downstream_posterior.predictive_mean = unchanged_by_calibration
default_downstream_posterior.standard_deviation_scale[0] = 1.1111734563206301
default_downstream_posterior.standard_deviation_scale[1] = 1.1597952532754616
default_downstream_posterior.standard_deviation_scale[2] = 1.1639682374225084
default_downstream_posterior.standard_deviation_scale[3] = 1.1326826659448475
default_downstream_posterior.variance_scale_alpha_h[0] = 1.2347064500315355
default_downstream_posterior.variance_scale_alpha_h[1] = 1.3451250295202921
default_downstream_posterior.variance_scale_alpha_h[2] = 1.354822057728461
default_downstream_posterior.variance_scale_alpha_h[3] = 1.2829700217319266
do_not_reopen_without_structural_defect[3] = Stage4_Gaussian_checkpoint
do_not_reopen_without_structural_defect[4] = Stage4_covariance_calibrator
do_not_reopen_without_structural_defect[6] = Stage4_formal_N120_results
formal_evidence.Gaussian_FDE_1s_m = 3.3198138702547295
formal_evidence.PDF_calibration_measured = True
formal_evidence.PDF_performance_gate = True
formal_evidence.calibrated_Gaussian_ADE_m = 1.9848952833749467
formal_evidence.calibrated_Gaussian_NLL = 3.6848268203287406
formal_evidence.calibrated_macro_ECE = 0.11165527003334381
formal_evidence.classical_baselines_beaten[0] = CA
formal_evidence.classical_baselines_beaten[1] = CTRV
formal_evidence.classical_baselines_beaten[2] = CV
formal_evidence.classical_baselines_beaten[3] = IMM_CV_CA_CTRV
formal_evidence.classical_baselines_beaten[4] = Kalman_EKF
formal_evidence.eligible_targets = 547
formal_evidence.formal_output_content_sha256 = fe5cf7e413b8142c0670d05727affd4fa573cf4607665e4a9bda951f1d9bd0d5
formal_evidence.internal_Gaussian_less_than_CV = True
formal_evidence.matched_target_recall = 0.903107861060329
formal_evidence.matched_targets = 494
formal_evidence.population = immutable_Stage3_N120
formal_evidence.raw_Gaussian_NLL = 4.15760466880646
formal_evidence.raw_macro_ECE = 0.18362046536363294
formal_evidence.scenario_count = 120
measurement_predictive_uncertainty_separation.calibration_applies_to = predictive_covariance_only
measurement_predictive_uncertainty_separation.predictive_uncertainty = Stage4_learned_Gaussian_covariance_output

============================================================
Stage5 receiver report
============================================================
path = /home/agni/waymo/iscai_stage5/reports/block51_receiver_geometry.json
exists = True
SHA256 = a7a79c4f0083e0668b1d6313c990dd2456efb3cd4cc4589b718bb93c2459f9b3
Part1.report = /home/agni/waymo/iscai_stage5/reports/block51_part1_receiver_contract.json
causal_bridge.tracks_to_predict = False
next = Block5.2 receiver-aware trajectory-to-angular posterior
receiver_geometry.modes[0] = centroid_baseline
receiver_geometry.modes[1] = known_receiver_offset
receiver_geometry.modes[2] = uncertain_receiver_offset
receiver_geometry.placement_covariance = receiver_placement_uncertainty_only
receiver_geometry.trajectory_plus_placement_uncertainty = Block5.2
receiver_policy.connectivity = constructed_hypothetical_connected_vehicle
receiver_policy.distance_still_evaluated = True
receiver_policy.max_planar_range_m = None
receiver_policy.max_range_performance_tuned = False
receiver_policy.max_range_semantics = no_additional_receiver_eligibility_range_cutoff
receiver_policy.minimum_forward_H0_m = 0.0
receiver_policy.path = /home/agni/waymo/iscai_stage5/configs/receiver_policy.json
receiver_policy.primary_policy = nearest_causal_vehicle_ahead
receiver_policy.sha256 = b5b6fc2b0a3c4575ed9567aff15f36f3430f4887862c245f045fae7cf9e349c0
receiver_policy.status = FROZEN
remaining_development_fields_for_later_blocks[1] = angular_monte_carlo_sample_count
remaining_development_fields_for_later_blocks[3] = formal_empirical_coverage_tolerance
resolved_development_fields.receiver_eligibility_max_range.formal_data_used = False
resolved_development_fields.receiver_eligibility_max_range.performance_tuned = False
resolved_development_fields.receiver_eligibility_max_range.semantics = no_additional_receiver_eligibility_range_cutoff
resolved_development_fields.receiver_eligibility_max_range.value_m = None
scientific_execution.formal_N120_read = False
scientific_execution.receiver_posterior_inference = False

============================================================
Stage5 angular report
============================================================
path = /home/agni/waymo/iscai_stage5/reports/block52_receiver_angular_posterior.json
exists = True
SHA256 = 7102a2a87ab783ccfcd0b6e9ca01ac70d1022076d3a8c821201eac237ca4bfb8
angular_policy.path = /home/agni/waymo/iscai_stage5/configs/angular_posterior_policy.json
development_convergence.formal_data_used = False
development_convergence.selected_sample_count = 2048
development_convergence.source_prediction_artifact = /home/agni/waymo/iscai_stage5/artifacts/block52/development_gaussian_posterior.npz
development_convergence.source_prediction_sha256 = 39dacd4a1dd83ac9951244328403384421731dcffc1cf01617bcc6c6395460b4
exact_repeat.synthetic_receiver_posterior_SHA256 = 921688c06b8717099de24d3d8b73de9f3ba23970b4e8d566022eaf4b96a5fcd9
next = Block5.3 directional codebooks and posterior beam probabilities
primary_receiver_angular_posterior.analytic_Jacobian_crosscheck = True
primary_receiver_angular_posterior.azimuth_circular_statistics = True
primary_receiver_angular_posterior.base_seed = 20260821
primary_receiver_angular_posterior.centroid_mode = True
primary_receiver_angular_posterior.cross_horizon_covariance_invented = False
primary_receiver_angular_posterior.future_GT_heading = False
primary_receiver_angular_posterior.horizons_s[0] = 0.1
primary_receiver_angular_posterior.horizons_s[1] = 0.3
primary_receiver_angular_posterior.horizons_s[2] = 0.5
primary_receiver_angular_posterior.horizons_s[3] = 1.0
primary_receiver_angular_posterior.known_offset_mode = True
primary_receiver_angular_posterior.low_speed_threshold_mps = 0.25
primary_receiver_angular_posterior.method = deterministic_monte_carlo
primary_receiver_angular_posterior.receiver_offset_shared_across_horizons = True
primary_receiver_angular_posterior.sample_count = 2048
primary_receiver_angular_posterior.samplewise_heading = True
primary_receiver_angular_posterior.trajectory_family = calibrated_Gaussian_GRU
primary_receiver_angular_posterior.trajectory_joint_sampling = product_of_frozen_calibrated_per_horizon_Gaussian_marginals
primary_receiver_angular_posterior.uncertain_offset_mode = True
remaining_development_fields[1] = formal_empirical_coverage_tolerance
resolved_development_fields.angular_monte_carlo_sample_count.formal_data_used = False
resolved_development_fields.angular_monte_carlo_sample_count.selection = development_numerical_convergence
resolved_development_fields.angular_monte_carlo_sample_count.value = 2048
resolved_development_fields.low_speed_heading_threshold.formal_data_used = False
scientific_execution.formal_N120_read = False
scientific_execution.formal_evaluation = False
uncertainty_semantics.Stage4_predictive_covariance = CALIBRATED
uncertainty_semantics.joint_receiver_propagation = PASS
uncertainty_semantics.receiver_placement_covariance = SEPARATE_INPUT

============================================================
C. CANDIDATE FROZEN FORMAL ARTIFACTS
============================================================
candidate count = 15

[1]
path = /home/agni/waymo/iscai_stage3/reports/block38e_formal_manifest_gate.json
size_bytes = 1522
SHA256 = 4992e4c2971f4452a65cbde8515f3aa2738cd193ff4cbd76158f78e13edae090

[2]
path = /home/agni/waymo/iscai_stage3/reports/block38f_formal_evaluation.json
size_bytes = 109522
SHA256 = 35ef1353c30f2c871fd79250192ee47bed1f8c17962a979336e97585dec80367

[3]
path = /home/agni/waymo/iscai_stage4/artifacts/block48/formal_cache_manifest.json
size_bytes = 70408
SHA256 = 3f2cc58393fdf2ed2aace41bbf7ba4c915f92cc7d16e5b6f55f063af344e0baa

[4]
path = /home/agni/waymo/iscai_stage4/artifacts/block48/formal_neural_outputs.npz
size_bytes = 448064
SHA256 = a3e8af17962a28a533070db23e53cee10571d13ab641c74b9db21e79c9a5c8c9

[5]
path = /home/agni/waymo/iscai_stage4/reports/block48_formal_evaluation.json
size_bytes = 41819
SHA256 = 402ab3d771e9a3c77de0c091c893e9a0d6ee5826ec52d07d27b919c68276b353

[6]
path = /home/agni/waymo/iscai_stage3/reports/block38c_real_one_scenario_integration.json
size_bytes = 77784
SHA256 = fba45aeb301f59c16ff82cf65e94698f9e9a51737a135dfb60fb70951f5f3b42

[7]
path = /home/agni/waymo/iscai_stage3/reports/stage3_final_closure.json
size_bytes = 3215
SHA256 = 1dd15551d9fc181f9f2e7f85c7388672f7af8d0d988a016a1345b910723102c9

[8]
path = /home/agni/waymo/iscai_stage4/artifacts/block410/stage4_to_stage5_handoff.json
size_bytes = 5316
SHA256 = 491bce010d35c2a394f879ecf35ed26ef1de92f7fff1465dcbf46b072a87c6fd

[9]
path = /home/agni/waymo/iscai_stage4/reports/block44_gaussian_gru.json
size_bytes = 15803
SHA256 = 78ccc780a9d753e9619e215fee0e83a706f1607445741b032983e526efd97a54

[10]
path = /home/agni/waymo/iscai_stage4/reports/block48_class_semantics_discovery.json
size_bytes = 1368
SHA256 = 32822bed8036a076ef3764411fa78cf4a6e4f3121ca6db168696ccdd2593ef74

[11]
path = /home/agni/waymo/iscai_stage4/reports/block48_class_semantics_repair.json
size_bytes = 834
SHA256 = 3fd4d7c32de4a12afd6c525daf5af636fa5f51ef33fd93773b8fcf0c093be48b

[12]
path = /home/agni/waymo/iscai_stage4/reports/block48_part1_discovery.json
size_bytes = 252489
SHA256 = b473b39a331e32c02132f37bc570daf73a6f0f89be019218219041055d9c2b87

[13]
path = /home/agni/waymo/iscai_stage4/reports/block48_validation_resolver_repair.json
size_bytes = 727
SHA256 = a8185dffb394418de785c4c9cc7e4d778c2934885116741d4941e44e5b0f7861

[14]
path = /home/agni/waymo/iscai_stage4/reports/block48_validation_source_discovery.json
size_bytes = 82540
SHA256 = 132106f9446c79351a3dbacb3d4c449255309e5a83c3ae9531a515b352c6b304

[15]
path = /home/agni/waymo/iscai_stage4/reports/stage4_final_closure.json
size_bytes = 5645
SHA256 = 570da4feb918b1025b5e85cc919360d922b471c468c85b3844f13fb7774e7c2f

============================================================
D. BLOCK4.8 FORMAL EVALUATOR SOURCE WINDOWS
============================================================
path = /home/agni/waymo/iscai_stage4/scripts/run_block48_formal_evaluation.py
window count = 30

[SOURCE 1] lines 15-21
0015: import torch
0016: 
0017: from iscai_stage3.validation import (
0018:     read_motion_scenario,
0019:     read_validation_manifest,
0020: )
0021: 

[SOURCE 2] lines 40-62
0040:     samples_to_arrays,
0041: )
0042: 
0043: from iscai_stage4.ml.formal_runtime import (
0044:     construct_deterministic_model,
0045:     eligible_formal_targets,
0046:     extract_deterministic_prediction,
0047:     gmm_formal_metrics,
0048:     resolve_sample_truth_track_index,
0049:     tensor_bundle_sha256,
0050:     trajectory_point_metrics,
0051: )
0052: 
0053: from iscai_stage4.ml.gaussian_gru import (
0054:     GaussianTrajectoryGRU,
0055: )
0056: 
0057: from iscai_stage4.ml.gaussian_math import (
0058:     denormalize_gaussian,
0059:     gaussian_nll_per_horizon,
0060:     mahalanobis_squared,
0061: )
0062: 

[SOURCE 3] lines 107-113
0107: #
0108: # Canonical frozen validation catalog from Stage0/data-prep.
0109: # Do not discover validation manifests heuristically during
0110: # formal evaluation.
0111: CANONICAL_VALIDATION_MANIFEST = (
0112:     ROOT
0113:     / "iscai_data_prep/manifests/"

[SOURCE 4] lines 132-206
0132:     / "reports/block47_ablation_analysis.json"
0133: )
0134: 
0135: FORMAL_MANIFEST = (
0136:     STAGE3
0137:     / "artifacts/block38e/"
0138:       "formal_validation_120.jsonl"
0139: )
0140: 
0141: STAGE3_FORMAL_REPORT = (
0142:     STAGE3
0143:     / "reports/"
0144:       "block38f_formal_evaluation.json"
0145: )
0146: 
0147: DET_CHECKPOINT = (
0148:     STAGE4
0149:     / "artifacts/block43/"
0150:       "deterministic_gru.pt"
0151: )
0152: 
0153: GAUSSIAN_CHECKPOINT = (
0154:     STAGE4
0155:     / "artifacts/block44/"
0156:       "gaussian_gru.pt"
0157: )
0158: 
0159: CALIBRATOR = (
0160:     STAGE4
0161:     / "artifacts/block45/"
0162:       "covariance_scaler.json"
0163: )
0164: 
0165: GMM_CHECKPOINT = (
0166:     STAGE4
0167:     / "artifacts/block46/"
0168:       "gmm_gru.pt"
0169: )
0170: 
0171: NORMALIZATION = (
0172:     STAGE4
0173:     / "artifacts/block43/"
0174:       "fit_normalization.json"
0175: )
0176: 
0177: CACHE_DIR = (
0178:     STAGE4
0179:     / "artifacts/block48/cache"
0180: )
0181: 
0182: CACHE_REPORT = (
0183:     STAGE4
0184:     / "artifacts/block48/"
0185:       "formal_cache_manifest.json"
0186: )
0187: 
0188: MERGED = (
0189:     STAGE4
0190:     / "artifacts/block48/"
0191:       "formal_neural_outputs.npz"
0192: )
0193: 
0194: REPORT = (
0195:     STAGE4
0196:     / "reports/"
0197:       "block48_formal_evaluation.json"
0198: )
0199: 
0200: FAILURE = (
0201:     STAGE4
0202:     / "reports/"
0203:       "block48_formal_evaluation_failure.json"
0204: )
0205: 
0206: LOG = (

[SOURCE 5] lines 209-225
0209:       "implementation_log.md"
0210: )
0211: 
0212: EXPECTED_FORMAL_MANIFEST_SHA = (
0213:     "2208e7287ddf6439fda4597c435a9cba"
0214:     "1d1b9d0e4c4547bc5dd92e56e8124e46"
0215: )
0216: 
0217: EXPECTED_STAGE3_FORMAL_REPORT_SHA = (
0218:     "35ef1353c30f2c871fd79250192ee47b"
0219:     "ed1f8c17962a979336e97585dec80367"
0220: )
0221: 
0222: EXPECTED_STAGE3_FORMAL_RUN_SHA = (
0223:     "5fbb4642f87ab8e62cf1e1b3ef4214d9"
0224:     "2df5b5a1423bd9fb72b9733ced02e433"
0225: )

[SOURCE 6] lines 234-240
0234:     "a245e0d36d60883519654f809996dbc5"
0235: )
0236: 
0237: EXPECTED_GAUSSIAN_SHA = (
0238:     "49ff64d145eaa633f295c16f660df380"
0239:     "c35383e7e3b61279a5aad7cd700d619f"
0240: )

[SOURCE 7] lines 355-361
0355:     with temporary.open(
0356:         "wb"
0357:     ) as stream:
0358:         np.savez(
0359:             stream,
0360:             **arrays,
0361:         )

[SOURCE 8] lines 438-450
0438:     )
0439: 
0440: 
0441: def read_formal_rows():
0442:     rows = tuple(
0443:         json.loads(
0444:             line
0445:         )
0446:         for line in (
0447:             FORMAL_MANIFEST
0448:             .read_text(
0449:                 encoding="utf-8"
0450:             )

[SOURCE 9] lines 453-461
0453:         if line.strip()
0454:     )
0455: 
0456:     if len(rows) != 120:
0457:         raise RuntimeError(
0458:             "Formal manifest is not N=120."
0459:         )
0460: 
0461:     return rows

[SOURCE 10] lines 516-525
0516: 
0517: 
0518: def resolve_validation_manifest(
0519:     formal_rows,
0520: ):
0521:     """
0522:     Resolve formal scenarios only through the
0523:     canonical frozen Stage0/data-prep validation
0524:     manifest.
0525: 

[SOURCE 11] lines 567-603
0567:     by_id = {}
0568: 
0569:     for row in rows:
0570:         scenario_id = str(
0571:             row.scenario_id
0572:         )
0573: 
0574:         if scenario_id in by_id:
0575:             raise RuntimeError(
0576:                 "Duplicate scenario_id in "
0577:                 "canonical validation manifest."
0578:             )
0579: 
0580:         by_id[
0581:             scenario_id
0582:         ] = row
0583: 
0584:     for formal in formal_rows:
0585:         scenario_id = str(
0586:             formal[
0587:                 "scenario_id"
0588:             ]
0589:         )
0590: 
0591:         row = by_id.get(
0592:             scenario_id
0593:         )
0594: 
0595:         if row is None:
0596:             raise RuntimeError(
0597:                 "Frozen formal scenario is "
0598:                 "missing from canonical "
0599:                 "validation manifest: "
0600:                 f"{scenario_id}"
0601:             )
0602: 
0603:         if (

[SOURCE 12] lines 606-620
0606:             )
0607:             !=
0608:             str(
0609:                 formal[
0610:                     "source_shard"
0611:                 ]
0612:             )
0613:         ):
0614:             raise RuntimeError(
0615:                 "Formal/canonical source_shard "
0616:                 "mismatch for "
0617:                 f"{scenario_id}"
0618:             )
0619: 
0620:         if (

[SOURCE 13] lines 623-637
0623:             )
0624:             !=
0625:             str(
0626:                 formal[
0627:                     "selection_hash"
0628:                 ]
0629:             )
0630:         ):
0631:             raise RuntimeError(
0632:                 "Formal/canonical selection_hash "
0633:                 "mismatch for "
0634:                 f"{scenario_id}"
0635:             )
0636: 
0637:         if (

[SOURCE 14] lines 642-650
0642:             "validation"
0643:         ):
0644:             raise RuntimeError(
0645:                 "Formal scenario does not map "
0646:                 "to validation split: "
0647:                 f"{scenario_id}"
0648:             )
0649: 
0650:     return (

[SOURCE 15] lines 654-660
0654:     )
0655: 
0656: 
0657: def build_gaussian(
0658:     architecture,
0659:     *,
0660:     device,

[SOURCE 16] lines 663-669
0663:         "model"
0664:     ]
0665: 
0666:     return GaussianTrajectoryGRU(
0667:         target_hidden_dim=int(
0668:             section[
0669:                 "target_hidden_dim"

[SOURCE 17] lines 730-757
0730: 
0731: def cache_path(
0732:     rank,
0733:     scenario_id,
0734: ):
0735:     return (
0736:         CACHE_DIR
0737:         /
0738:         (
0739:             f"{rank:03d}_"
0740:             f"{scenario_id}.npz"
0741:         )
0742:     )
0743: 
0744: 
0745: def cache_contract_sha():
0746:     payload = {
0747:         "formal_manifest":
0748:             EXPECTED_FORMAL_MANIFEST_SHA,
0749: 
0750:         "deterministic":
0751:             EXPECTED_DET_SHA,
0752: 
0753:         "Gaussian":
0754:             EXPECTED_GAUSSIAN_SHA,
0755: 
0756:         "calibrator":
0757:             EXPECTED_CALIBRATOR_SHA,

[SOURCE 18] lines 762-769
0762:         "Block47":
0763:             EXPECTED_BLOCK47_IMPL_SHA,
0764: 
0765:         "Stage3_formal":
0766:             EXPECTED_STAGE3_FORMAL_RUN_SHA,
0767: 
0768:         "class_identity_mapping":
0769:             (

[SOURCE 19] lines 793-799
0793: 
0794: def validate_shard(
0795:     path,
0796:     scenario_id,
0797: ):
0798:     if not path.is_file():
0799:         return False

[SOURCE 20] lines 806-816
0806:             if (
0807:                 str(
0808:                     data[
0809:                         "scenario_id"
0810:                     ].item()
0811:                 )
0812:                 !=
0813:                 scenario_id
0814:             ):
0815:                 return False
0816: 

[SOURCE 21] lines 868-888
0868: 
0869:             if np.asarray(
0870:                 data[
0871:                     "det_mean"
0872:                 ]
0873:             ).shape != truth.shape:
0874:                 return False
0875: 
0876:             if np.asarray(
0877:                 data[
0878:                     "gaussian_mean"
0879:                 ]
0880:             ).shape != truth.shape:
0881:                 return False
0882: 
0883:             if np.asarray(
0884:                 data[
0885:                     "gaussian_scale"
0886:                 ]
0887:             ).shape != (
0888:                 len(

[SOURCE 22] lines 908-914
0908: 
0909:             if np.asarray(
0910:                 data[
0911:                     "gmm_means"
0912:                 ]
0913:             ).shape != (
0914:                 len(

[SOURCE 23] lines 934-940
0934: 
0935:             if not bool(
0936:                 data[
0937:                     "tracks_to_predict_accessed_after_prediction"
0938:                 ].item()
0939:             ):
0940:                 return False

[SOURCE 24] lines 968-974
0968: # BLOCK48_SEMANTIC_CLASS_MAPPING_REPAIR
0969: #
0970: # Stage4 internal class IDs and WOMD protobuf object_type
0971: # integers are different numeric domains. Formal evaluation
0972: # therefore compares semantic enum names and explicitly maps
0973: # WOMD truth classes into the frozen Stage4 internal IDs.
0974: 

[SOURCE 25] lines 1077-1116
1077: 
1078: 
1079: def infer_scene(
1080:     formal_row,
1081:     validation_row,
1082:     *,
1083:     normalizer,
1084:     deterministic_model,
1085:     Gaussian_model,
1086:     GMM_model,
1087:     clean_config,
1088:     degraded_config,
1089:     device,
1090: ):
1091:     scenario = read_motion_scenario(
1092:         validation_row,
1093:         paired_root=PAIRED_ROOT,
1094:         compact_record_offset=int(
1095:             formal_row[
1096:                 "compact_record_offset"
1097:             ]
1098:         ),
1099:     )
1100: 
1101:     if (
1102:         scenario.scenario_id
1103:         !=
1104:         formal_row[
1105:             "scenario_id"
1106:         ]
1107:     ):
1108:         raise RuntimeError(
1109:             "Formal scenario ID mismatch."
1110:         )
1111: 
1112:     built = build_real_causal_inputs(
1113:         scenario,
1114:         clean_config=clean_config,
1115:         degraded_config=degraded_config,
1116:     )

[SOURCE 26] lines 1119-1125
1119:         built[
1120:             "scene_inputs"
1121:         ],
1122:         scenario,
1123:         T_H0_from_W=(
1124:             built[
1125:                 "adapted"

[SOURCE 27] lines 1188-1194
1188:         )
1189: 
1190:         deterministic_model.eval()
1191:         Gaussian_model.eval()
1192:         GMM_model.eval()
1193: 
1194:         with torch.inference_mode():

[SOURCE 28] lines 1210-1222
1210:             )
1211: 
1212:             det_normalized = (
1213:                 extract_deterministic_prediction(
1214:                     det_output
1215:                 )
1216:             )
1217: 
1218:             Gaussian_output = (
1219:                 Gaussian_model(
1220:                     batch[
1221:                         "target"
1222:                     ],

[SOURCE 29] lines 1249-1257
1249:                 )
1250:             )
1251: 
1252:             # Prediction hash is computed BEFORE
1253:             # tracks_to_predict is accessed.
1254:             all_prediction_sha = (
1255:                 tensor_bundle_sha256(
1256:                     (
1257:                         (

[SOURCE 30] lines 1259-1278
1259:                             det_normalized,
1260:                         ),
1261:                         (
1262:                             "gaussian_mean",
1263:                             Gaussian_output.mean,
1264:                         ),
1265:                         (
1266:                             "gaussian_scale",
1267:                             Gaussian_output.scale_tril,
1268:                         ),
1269:                         (
1270:                             "gmm_logits",
1271:                             GMM_output.mixture_logits,
1272:                         ),
1273:                         (
1274:                             "gmm_means",
1275:                             GMM_output.means,
1276:                         ),
1277:                         (
1278:                             "gmm_scale",

============================================================
E. BLOCK5.8 FORMAL READINESS CLASSIFICATION
============================================================
Stage4 formal report exists      = True
Stage4 closure exists            = True
Stage4->Stage5 handoff exists    = True
Block5.1 receiver contract       = True
Block5.2 angular contract        = True
sample-level formal candidates   = 1
formal receiver selection tuning = NO
tracks_to_predict controller use = FORBIDDEN BY FROZEN CONTRACT
future truth use                 = EVALUATOR ONLY
Stage4 inference now             = NO

============================================================
BLOCK 5.8 PART 1/2 FORMAL ROUTE AUDIT FINAL
============================================================
Block5.7 continuity       = PASS
formal N=120 metadata     = READ-ONLY
formal metrics            = NOT COMPUTED
Stage4 inference          = NO
receiver policy           = FROZEN
angular policy            = FROZEN
post-hoc tuning           = NO
route status              = READY_FOR_EXACT_ROUTE_SELECTION
sample-level candidates   = 1
STATUS = PASS_READ_ONLY_AUDIT
report = /home/agni/waymo/iscai_stage5/artifacts/block58/formal_input_route_audit.json
terminal remains open = YES

formal-route audit raw code = 0

===== POST-AUDIT STAGE5 REGRESSION =====

..................................................................................................................................................................................................................................
----------------------------------------------------------------------
Ran 226 tests in 0.076s

OK

post-audit Stage5 regression = 226 / 226 PASS

============================================================
BLOCK 5.8 PART 1/2 FINAL
============================================================
Block5.7 continuity       = PASS
formal N=120 metadata     = READ-ONLY
formal metrics            = NOT COMPUTED
Stage4 inference          = NO
post-hoc tuning           = NO
route status              = READY_FOR_EXACT_ROUTE_SELECTION
sample-level candidates   = 1
Stage5 regression         = 226 / 226 PASS
STATUS = PASS_READ_ONLY_AUDIT
next = RESOLVE EXACT FORMAL ROUTE -> BLOCK 5.8 PART 2/2
terminal remains open = YES
