test_actor_population_is_not_receiver_only (test_block60_contract.Block60ContractTest.test_actor_population_is_not_receiver_only) ... ok
test_all_pdf_adb_baselines (test_block60_contract.Block60ContractTest.test_all_pdf_adb_baselines) ... ok
test_all_pdf_adb_metrics (test_block60_contract.Block60ContractTest.test_all_pdf_adb_metrics) ... ok
test_class_aware_not_margin_only (test_block60_contract.Block60ContractTest.test_class_aware_not_margin_only) ... ok
test_exact_mask_aggregation (test_block60_contract.Block60ContractTest.test_exact_mask_aggregation) ... ok
test_full_box_contract (test_block60_contract.Block60ContractTest.test_full_box_contract) ... ok
test_oracle_is_constructed (test_block60_contract.Block60ContractTest.test_oracle_is_constructed) ... ok
test_part_a_illumination_preserved (test_block60_contract.Block60ContractTest.test_part_a_illumination_preserved) ... ok
test_primary_mode (test_block60_contract.Block60ContractTest.test_primary_mode) ... ok
test_stage5_handoff_boundary (test_block60_contract.Block60ContractTest.test_stage5_handoff_boundary) ... ok
test_stage6_acceptance (test_block60_contract.Block60ContractTest.test_stage6_acceptance) ... ok
test_stage_and_status (test_block60_contract.Block60ContractTest.test_stage_and_status) ... ok
test_stage_boundaries (test_block60_contract.Block60ContractTest.test_stage_boundaries) ... ok
test_adapter_not_implemented_in_block60 (test_block60_part_a_adb_contract.Block60PartAADBContractTest.test_adapter_not_implemented_in_block60) ... ok
test_multiple_actor_combination (test_block60_part_a_adb_contract.Block60PartAADBContractTest.test_multiple_actor_combination) ... ok
test_oracle_not_measured_gt (test_block60_part_a_adb_contract.Block60PartAADBContractTest.test_oracle_not_measured_gt) ... ok
test_part_a_not_modified (test_block60_part_a_adb_contract.Block60PartAADBContractTest.test_part_a_not_modified) ... ok
test_part_a_source_audit_passes (test_block60_part_a_adb_contract.Block60PartAADBContractTest.test_part_a_source_audit_passes) ... ok
test_predictive_change_is_region_source (test_block60_part_a_adb_contract.Block60PartAADBContractTest.test_predictive_change_is_region_source) ... ok
test_provenance_is_not_conflated (test_block60_part_a_adb_contract.Block60PartAADBContractTest.test_provenance_is_not_conflated) ... ok
test_raised_cosine_is_preserved (test_block60_part_a_adb_contract.Block60PartAADBContractTest.test_raised_cosine_is_preserved) ... ok
test_reactive_baseline_is_causal (test_block60_part_a_adb_contract.Block60PartAADBContractTest.test_reactive_baseline_is_causal) ... ok
test_reactive_output_is_L_theta_r (test_block60_part_a_adb_contract.Block60PartAADBContractTest.test_reactive_output_is_L_theta_r) ... ok
test_stage6_does_not_replace_adb_model (test_block60_part_a_adb_contract.Block60PartAADBContractTest.test_stage6_does_not_replace_adb_model) ... ok
test_angle_wrap (test_block61_geometry_core.TestBlock61GeometryCore.test_angle_wrap) ... ok
test_box_dimensions_are_preserved (test_block61_geometry_core.TestBlock61GeometryCore.test_box_dimensions_are_preserved) ... ok
test_box_has_exactly_eight_corners (test_block61_geometry_core.TestBlock61GeometryCore.test_box_has_exactly_eight_corners) ... ok
test_centroid_does_not_encode_box_extent (test_block61_geometry_core.TestBlock61GeometryCore.test_centroid_does_not_encode_box_extent) ... ok
test_circular_box_interval_near_pi_boundary (test_block61_geometry_core.TestBlock61GeometryCore.test_circular_box_interval_near_pi_boundary) ... ok
test_full_box_has_nonzero_angular_extent (test_block61_geometry_core.TestBlock61GeometryCore.test_full_box_has_nonzero_angular_extent) ... ok
test_future_gt_rejected_on_controller_path (test_block61_geometry_core.TestBlock61GeometryCore.test_future_gt_rejected_on_controller_path) ... ok
test_grid_extent_uses_more_than_centroid_cell (test_block61_geometry_core.TestBlock61GeometryCore.test_grid_extent_uses_more_than_centroid_cell) ... ok
test_grid_is_not_communication_codebook (test_block61_geometry_core.TestBlock61GeometryCore.test_grid_is_not_communication_codebook) ... ok
test_grid_requires_explicit_numeric_values (test_block61_geometry_core.TestBlock61GeometryCore.test_grid_requires_explicit_numeric_values) ... ok
test_headlamp_spherical_mapping (test_block61_geometry_core.TestBlock61GeometryCore.test_headlamp_spherical_mapping) ... ok
test_invalid_box_dimensions_rejected (test_block61_geometry_core.TestBlock61GeometryCore.test_invalid_box_dimensions_rejected) ... ok
test_no_semantic_windshield_constants_are_needed (test_block61_geometry_core.TestBlock61GeometryCore.test_no_semantic_windshield_constants_are_needed) ... ok
test_oracle_allowed_only_off_controller_path (test_block61_geometry_core.TestBlock61GeometryCore.test_oracle_allowed_only_off_controller_path) ... ok
test_predicted_sample_is_controller_safe (test_block61_geometry_core.TestBlock61GeometryCore.test_predicted_sample_is_controller_safe) ... ok
test_relevant_subregion_supported (test_block61_geometry_core.TestBlock61GeometryCore.test_relevant_subregion_supported) ... ok
test_yaw_rotates_length_width_axes (test_block61_geometry_core.TestBlock61GeometryCore.test_yaw_rotates_length_width_axes) ... ok
test_identity_heading_transform (test_block61_stage1_integration.TestBlock61Stage1Integration.test_identity_heading_transform) ... ok
test_provenance_flags_default_false (test_block61_stage1_integration.TestBlock61Stage1Integration.test_provenance_flags_default_false) ... ok
test_required_adb_classes (test_block61_stage1_integration.TestBlock61Stage1Integration.test_required_adb_classes) ... ok
test_rotated_heading_transform (test_block61_stage1_integration.TestBlock61Stage1Integration.test_rotated_heading_transform) ... ok
test_stable_actor_hash (test_block61_stage1_integration.TestBlock61Stage1Integration.test_stable_actor_hash) ... ok
test_angle_sign_relation (test_block62_exact_part_a_reactive.TestBlock62ExactPartAReactive.test_angle_sign_relation) ... ok
test_control_and_visual_transition_not_conflated (test_block62_exact_part_a_reactive.TestBlock62ExactPartAReactive.test_control_and_visual_transition_not_conflated) ... ok
test_dynamic_control_radial_thresholds (test_block62_exact_part_a_reactive.TestBlock62ExactPartAReactive.test_dynamic_control_radial_thresholds) ... ok
test_dynamic_epsilon_exact_width_margin_formula (test_block62_exact_part_a_reactive.TestBlock62ExactPartAReactive.test_dynamic_epsilon_exact_width_margin_formula) ... ok
test_dynamic_geometry_api_is_center_only_legacy_baseline (test_block62_exact_part_a_reactive.TestBlock62ExactPartAReactive.test_dynamic_geometry_api_is_center_only_legacy_baseline) ... ok
test_empty_original_reactive_equals_static (test_block62_exact_part_a_reactive.TestBlock62ExactPartAReactive.test_empty_original_reactive_equals_static) ... ok
test_fixed_demo_epsilon_not_forced_into_dynamic_path (test_block62_exact_part_a_reactive.TestBlock62ExactPartAReactive.test_fixed_demo_epsilon_not_forced_into_dynamic_path) ... ok
test_frozen_exact_parameters (test_block62_exact_part_a_reactive.TestBlock62ExactPartAReactive.test_frozen_exact_parameters) ... ok
test_generic_kernel_matches_direct_source_transcription (test_block62_exact_part_a_reactive.TestBlock62ExactPartAReactive.test_generic_kernel_matches_direct_source_transcription) ... ok
test_h0_to_part_a_coordinate_conversion (test_block62_exact_part_a_reactive.TestBlock62ExactPartAReactive.test_h0_to_part_a_coordinate_conversion) ... ok
test_no_actual_box_width_is_used_in_legacy_formula (test_block62_exact_part_a_reactive.TestBlock62ExactPartAReactive.test_no_actual_box_width_is_used_in_legacy_formula) ... ok
test_original_reactive_actor_extraction_vehicle_only (test_block62_exact_part_a_reactive.TestBlock62ExactPartAReactive.test_original_reactive_actor_extraction_vehicle_only) ... ok
test_original_reactive_api_has_no_future_posterior_covariance (test_block62_exact_part_a_reactive.TestBlock62ExactPartAReactive.test_original_reactive_api_has_no_future_posterior_covariance) ... ok
test_reference_grid_is_exact_part_a_axis_sampling (test_block62_exact_part_a_reactive.TestBlock62ExactPartAReactive.test_reference_grid_is_exact_part_a_axis_sampling) ... ok
test_angular_shadow_wraps_across_pi (test_block62_static_reactive_kernel.TestBlock62StaticReactiveKernel.test_angular_shadow_wraps_across_pi) ... ok
test_combiner_rejects_out_of_range_intensity (test_block62_static_reactive_kernel.TestBlock62StaticReactiveKernel.test_combiner_rejects_out_of_range_intensity) ... ok
test_empty_reactive_regions_equal_static_baseline (test_block62_static_reactive_kernel.TestBlock62StaticReactiveKernel.test_empty_reactive_regions_equal_static_baseline) ... ok
test_exact_part_a_floor_zero_shadow (test_block62_static_reactive_kernel.TestBlock62StaticReactiveKernel.test_exact_part_a_floor_zero_shadow) ... ok
test_exact_part_a_transition_endpoint (test_block62_static_reactive_kernel.TestBlock62StaticReactiveKernel.test_exact_part_a_transition_endpoint) ... ok
test_exact_part_a_transition_midpoint (test_block62_static_reactive_kernel.TestBlock62StaticReactiveKernel.test_exact_part_a_transition_midpoint) ... ok
test_invalid_radial_thresholds_rejected (test_block62_static_reactive_kernel.TestBlock62StaticReactiveKernel.test_invalid_radial_thresholds_rejected) ... ok
test_multi_actor_combination_is_elementwise_minimum (test_block62_static_reactive_kernel.TestBlock62StaticReactiveKernel.test_multi_actor_combination_is_elementwise_minimum) ... ok
test_multi_actor_combination_order_invariant (test_block62_static_reactive_kernel.TestBlock62StaticReactiveKernel.test_multi_actor_combination_order_invariant) ... ok
test_negative_range_rejected (test_block62_static_reactive_kernel.TestBlock62StaticReactiveKernel.test_negative_range_rejected) ... ok
test_nonzero_floor_lifts_same_curve (test_block62_static_reactive_kernel.TestBlock62StaticReactiveKernel.test_nonzero_floor_lifts_same_curve) ... ok
test_outside_angular_region_stays_full (test_block62_static_reactive_kernel.TestBlock62StaticReactiveKernel.test_outside_angular_region_stays_full) ... ok
test_outside_transition_is_full_light (test_block62_static_reactive_kernel.TestBlock62StaticReactiveKernel.test_outside_transition_is_full_light) ... ok
test_reactive_api_has_no_predictive_or_communication_input (test_block62_static_reactive_kernel.TestBlock62StaticReactiveKernel.test_reactive_api_has_no_predictive_or_communication_input) ... ok
test_reactive_region_rejects_future_semantics (test_block62_static_reactive_kernel.TestBlock62StaticReactiveKernel.test_reactive_region_rejects_future_semantics) ... ok
test_region_has_no_class_policy_field (test_block62_static_reactive_kernel.TestBlock62StaticReactiveKernel.test_region_has_no_class_policy_field) ... ok
test_single_region_map_has_dimming (test_block62_static_reactive_kernel.TestBlock62StaticReactiveKernel.test_single_region_map_has_dimming) ... ok
test_static_adb_is_full_illumination (test_block62_static_reactive_kernel.TestBlock62StaticReactiveKernel.test_static_adb_is_full_illumination) ... ok
test_duplicate_prediction_ids_rejected (test_block63_part1_deterministic_future_box.TestBlock63Association.test_duplicate_prediction_ids_rejected) ... ok
test_exact_box_tie_is_unmatched (test_block63_part1_deterministic_future_box.TestBlock63Association.test_exact_box_tie_is_unmatched) ... ok
test_exact_predictor_tie_is_unmatched (test_block63_part1_deterministic_future_box.TestBlock63Association.test_exact_predictor_tie_is_unmatched) ... ok
test_missing_box_anchor_becomes_fallback (test_block63_part1_deterministic_future_box.TestBlock63Association.test_missing_box_anchor_becomes_fallback) ... ok
test_no_class_gate (test_block63_part1_deterministic_future_box.TestBlock63Association.test_no_class_gate) ... ok
test_reciprocal_two_by_two (test_block63_part1_deterministic_future_box.TestBlock63Association.test_reciprocal_two_by_two) ... ok
test_single_pair_matches_without_id_equality (test_block63_part1_deterministic_future_box.TestBlock63Association.test_single_pair_matches_without_id_equality) ... ok
test_current_dimensions_are_held_across_horizons (test_block63_part1_deterministic_future_box.TestBlock63DeterministicFutureBox.test_current_dimensions_are_held_across_horizons) ... ok
test_deterministic_prediction_has_no_covariance_field (test_block63_part1_deterministic_future_box.TestBlock63DeterministicFutureBox.test_deterministic_prediction_has_no_covariance_field) ... ok
test_every_horizon_projects_eight_physical_corners (test_block63_part1_deterministic_future_box.TestBlock63DeterministicFutureBox.test_every_horizon_projects_eight_physical_corners) ... ok
test_future_center_is_predictor_anchor_plus_mean (test_block63_part1_deterministic_future_box.TestBlock63DeterministicFutureBox.test_future_center_is_predictor_anchor_plus_mean) ... ok
test_future_state_provenance_is_rejected (test_block63_part1_deterministic_future_box.TestBlock63DeterministicFutureBox.test_future_state_provenance_is_rejected) ... ok
test_heading_matches_frozen_stage5_rule (test_block63_part1_deterministic_future_box.TestBlock63DeterministicFutureBox.test_heading_matches_frozen_stage5_rule) ... ok
test_horizons_are_frozen (test_block63_part1_deterministic_future_box.TestBlock63DeterministicFutureBox.test_horizons_are_frozen) ... ok
test_low_speed_heading_carries_current_causal_yaw (test_block63_part1_deterministic_future_box.TestBlock63DeterministicFutureBox.test_low_speed_heading_carries_current_causal_yaw) ... ok
test_matched_plan_contains_four_future_boxes (test_block63_part1_deterministic_future_box.TestBlock63DeterministicFutureBox.test_matched_plan_contains_four_future_boxes) ... ok
test_objects_of_interest_provenance_is_rejected (test_block63_part1_deterministic_future_box.TestBlock63DeterministicFutureBox.test_objects_of_interest_provenance_is_rejected) ... ok
test_plan_exposes_reactive_fallback (test_block63_part1_deterministic_future_box.TestBlock63DeterministicFutureBox.test_plan_exposes_reactive_fallback) ... ok
test_prediction_is_not_recentered_to_matched_box (test_block63_part1_deterministic_future_box.TestBlock63DeterministicFutureBox.test_prediction_is_not_recentered_to_matched_box) ... ok
test_tracks_to_predict_provenance_is_rejected (test_block63_part1_deterministic_future_box.TestBlock63DeterministicFutureBox.test_tracks_to_predict_provenance_is_rejected) ... ok
test_01_frozen_horizons_and_joint_semantics (test_block64_part1_stochastic_full_box.TestBlock64Part1StochasticFullBox.test_01_frozen_horizons_and_joint_semantics) ... ok
test_02_absolute_mean_is_anchor_plus_displacement (test_block64_part1_stochastic_full_box.TestBlock64Part1StochasticFullBox.test_02_absolute_mean_is_anchor_plus_displacement) ... ok
test_03_same_seed_exact_repeat (test_block64_part1_stochastic_full_box.TestBlock64Part1StochasticFullBox.test_03_same_seed_exact_repeat) ... ok
test_04_different_seed_changes_samples (test_block64_part1_stochastic_full_box.TestBlock64Part1StochasticFullBox.test_04_different_seed_changes_samples) ... ok
test_05_forecast_shape_and_counts (test_block64_part1_stochastic_full_box.TestBlock64Part1StochasticFullBox.test_05_forecast_shape_and_counts) ... ok
test_06_every_future_box_has_eight_corners (test_block64_part1_stochastic_full_box.TestBlock64Part1StochasticFullBox.test_06_every_future_box_has_eight_corners) ... ok
test_07_current_dimensions_are_preserved (test_block64_part1_stochastic_full_box.TestBlock64Part1StochasticFullBox.test_07_current_dimensions_are_preserved) ... ok
test_08_future_centers_equal_sampled_positions (test_block64_part1_stochastic_full_box.TestBlock64Part1StochasticFullBox.test_08_future_centers_equal_sampled_positions) ... ok
test_09_controller_provenance_is_exact (test_block64_part1_stochastic_full_box.TestBlock64Part1StochasticFullBox.test_09_controller_provenance_is_exact) ... ok
test_10_low_speed_heading_carry_forward (test_block64_part1_stochastic_full_box.TestBlock64Part1StochasticFullBox.test_10_low_speed_heading_carry_forward) ... ok
test_11_calibrated_covariance_changes_support (test_block64_part1_stochastic_full_box.TestBlock64Part1StochasticFullBox.test_11_calibrated_covariance_changes_support) ... ok
test_12_noncausal_actor_box_is_rejected (test_block64_part1_stochastic_full_box.TestBlock64Part1StochasticFullBox.test_12_noncausal_actor_box_is_rejected) ... ok
test_13_invalid_covariance_shape_is_rejected (test_block64_part1_stochastic_full_box.TestBlock64Part1StochasticFullBox.test_13_invalid_covariance_shape_is_rejected) ... ok
test_14_no_cross_horizon_covariance_argument (test_block64_part1_stochastic_full_box.TestBlock64Part1StochasticFullBox.test_14_no_cross_horizon_covariance_argument) ... ok
test_01_grid_is_parameterized (test_block64_part2a_probabilistic_occupancy.TestBlock64Part2AOccupancy.test_01_grid_is_parameterized) ... ok
test_02_grid_requires_increasing_theta (test_block64_part2a_probabilistic_occupancy.TestBlock64Part2AOccupancy.test_02_grid_requires_increasing_theta) ... ok
test_03_grid_requires_nonnegative_range (test_block64_part2a_probabilistic_occupancy.TestBlock64Part2AOccupancy.test_03_grid_requires_nonnegative_range) ... ok
test_04_convex_hull_uses_polygon_not_rectangle (test_block64_part2a_probabilistic_occupancy.TestBlock64Part2AOccupancy.test_04_convex_hull_uses_polygon_not_rectangle) ... ok
test_05_one_box_raster_is_boolean (test_block64_part2a_probabilistic_occupancy.TestBlock64Part2AOccupancy.test_05_one_box_raster_is_boolean) ... ok
test_06_zero_uncertainty_is_binary_probability (test_block64_part2a_probabilistic_occupancy.TestBlock64Part2AOccupancy.test_06_zero_uncertainty_is_binary_probability) ... ok
test_07_probability_equals_counts_over_n (test_block64_part2a_probabilistic_occupancy.TestBlock64Part2AOccupancy.test_07_probability_equals_counts_over_n) ... ok
test_08_probability_bounds (test_block64_part2a_probabilistic_occupancy.TestBlock64Part2AOccupancy.test_08_probability_bounds) ... ok
test_09_same_seed_exact_occupancy_repeat (test_block64_part2a_probabilistic_occupancy.TestBlock64Part2AOccupancy.test_09_same_seed_exact_occupancy_repeat) ... ok
test_10_uncertainty_produces_nonbinary_cells (test_block64_part2a_probabilistic_occupancy.TestBlock64Part2AOccupancy.test_10_uncertainty_produces_nonbinary_cells) ... ok
test_11_output_shape_is_horizon_theta_range (test_block64_part2a_probabilistic_occupancy.TestBlock64Part2AOccupancy.test_11_output_shape_is_horizon_theta_range) ... ok
test_12_no_gamma_threshold_argument (test_block64_part2a_probabilistic_occupancy.TestBlock64Part2AOccupancy.test_12_no_gamma_threshold_argument) ... ok
test_13_no_class_policy_argument (test_block64_part2a_probabilistic_occupancy.TestBlock64Part2AOccupancy.test_13_no_class_policy_argument) ... ok
test_14_no_centroid_api_in_occupancy_kernel (test_block64_part2a_probabilistic_occupancy.TestBlock64Part2AOccupancy.test_14_no_centroid_api_in_occupancy_kernel) ... ok
test_15_all_eight_corners_required (test_block64_part2a_probabilistic_occupancy.TestBlock64Part2AOccupancy.test_15_all_eight_corners_required) ... ok
test_01_strict_gamma_equality_is_not_active (test_block65_part1_parameterized_mask.TestBlock65Part1ParameterizedMask.test_01_strict_gamma_equality_is_not_active) ... ok
test_02_below_gamma_is_not_active (test_block65_part1_parameterized_mask.TestBlock65Part1ParameterizedMask.test_02_below_gamma_is_not_active) ... ok
test_03_gamma_zero_is_strict_positive_support (test_block65_part1_parameterized_mask.TestBlock65Part1ParameterizedMask.test_03_gamma_zero_is_strict_positive_support) ... ok
test_04_gamma_one_produces_empty_mask (test_block65_part1_parameterized_mask.TestBlock65Part1ParameterizedMask.test_04_gamma_one_produces_empty_mask) ... ok
test_05_invalid_gamma_is_rejected (test_block65_part1_parameterized_mask.TestBlock65Part1ParameterizedMask.test_05_invalid_gamma_is_rejected) ... ok
test_06_actor_mask_shape_and_bool_dtype (test_block65_part1_parameterized_mask.TestBlock65Part1ParameterizedMask.test_06_actor_mask_shape_and_bool_dtype) ... ok
test_07_exact_multi_actor_formula (test_block65_part1_parameterized_mask.TestBlock65Part1ParameterizedMask.test_07_exact_multi_actor_formula) ... ok
test_08_binary_formula_equals_logical_or (test_block65_part1_parameterized_mask.TestBlock65Part1ParameterizedMask.test_08_binary_formula_equals_logical_or) ... ok
test_09_aggregation_is_order_invariant (test_block65_part1_parameterized_mask.TestBlock65Part1ParameterizedMask.test_09_aggregation_is_order_invariant) ... ok
test_10_empty_predictive_actor_set_is_all_false (test_block65_part1_parameterized_mask.TestBlock65Part1ParameterizedMask.test_10_empty_predictive_actor_set_is_all_false) ... ok
test_11_reactive_fallback_is_exact_block62_callthrough (test_block65_part1_parameterized_mask.TestBlock65Part1ParameterizedMask.test_11_reactive_fallback_is_exact_block62_callthrough) ... ok
test_12_reactive_fallback_is_not_binarized (test_block65_part1_parameterized_mask.TestBlock65Part1ParameterizedMask.test_12_reactive_fallback_is_not_binarized) ... ok
test_13_empty_reactive_fallback_equals_static (test_block65_part1_parameterized_mask.TestBlock65Part1ParameterizedMask.test_13_empty_reactive_fallback_equals_static) ... ok
test_14_plan_keeps_predictive_and_reactive_outputs_separate (test_block65_part1_parameterized_mask.TestBlock65Part1ParameterizedMask.test_14_plan_keeps_predictive_and_reactive_outputs_separate) ... ok
test_15_duplicate_prediction_ids_are_rejected (test_block65_part1_parameterized_mask.TestBlock65Part1ParameterizedMask.test_15_duplicate_prediction_ids_are_rejected) ... ok
test_16_predictive_reactive_shape_mismatch_rejected (test_block65_part1_parameterized_mask.TestBlock65Part1ParameterizedMask.test_16_predictive_reactive_shape_mismatch_rejected) ... ok
test_17_gamma_has_no_default (test_block65_part1_parameterized_mask.TestBlock65Part1ParameterizedMask.test_17_gamma_has_no_default) ... ok
test_18_class_policy_not_in_part1_api (test_block65_part1_parameterized_mask.TestBlock65Part1ParameterizedMask.test_18_class_policy_not_in_part1_api) ... ok
test_maximum_active_vru_floor_wins (test_block66_part3c1_class_aware_policy.CompositionTests.test_maximum_active_vru_floor_wins) ... ok
test_pedestrian_floor_overrides_vehicle_blackout (test_block66_part3c1_class_aware_policy.CompositionTests.test_pedestrian_floor_overrides_vehicle_blackout) ... ok
test_vehicle_only_uses_minimum (test_block66_part3c1_class_aware_policy.CompositionTests.test_vehicle_only_uses_minimum) ... ok
test_angular_margin_uses_ceil (test_block66_part3c1_class_aware_policy.MarginTests.test_angular_margin_uses_ceil) ... ok
test_cyclist_lateral_response (test_block66_part3c1_class_aware_policy.MarginTests.test_cyclist_lateral_response) ... ok
test_pedestrian_has_no_motion_term (test_block66_part3c1_class_aware_policy.MarginTests.test_pedestrian_has_no_motion_term) ... ok
test_unknown_class_rejected (test_block66_part3c1_class_aware_policy.MarginTests.test_unknown_class_rejected) ... ok
test_vehicle_uncertainty_and_closing (test_block66_part3c1_class_aware_policy.MarginTests.test_vehicle_uncertainty_and_closing) ... ok
test_predictive_illumination_preserves_inactive_theta (test_block66_part3c1_class_aware_policy.MaskAndIlluminationTests.test_predictive_illumination_preserves_inactive_theta) ... ok
test_predictive_illumination_uses_nonzero_floor (test_block66_part3c1_class_aware_policy.MaskAndIlluminationTests.test_predictive_illumination_uses_nonzero_floor) ... ok
test_theta_dilation_clips_at_boundary (test_block66_part3c1_class_aware_policy.MaskAndIlluminationTests.test_theta_dilation_clips_at_boundary) ... ok
test_theta_dilation_only (test_block66_part3c1_class_aware_policy.MaskAndIlluminationTests.test_theta_dilation_only) ... ok
test_finite_brightening_rate (test_block66_part3c1_class_aware_policy.RateLimitTests.test_finite_brightening_rate) ... ok
test_finite_dimming_rate (test_block66_part3c1_class_aware_policy.RateLimitTests.test_finite_dimming_rate) ... ok
test_invalid_rate_order_rejected (test_block66_part3c1_class_aware_policy.RateLimitTests.test_invalid_rate_order_rejected) ... ok
test_vru_floor_safety_override_is_counted (test_block66_part3c1_class_aware_policy.RateLimitTests.test_vru_floor_safety_override_is_counted) ... ok
test_invalid_k_rejected (test_block66_part3c1_class_aware_policy.StrictThresholdTests.test_invalid_k_rejected) ... ok
test_k_zero_keeps_positive_counts (test_block66_part3c1_class_aware_policy.StrictThresholdTests.test_k_zero_keeps_positive_counts) ... ok
test_strict_k_boundary (test_block66_part3c1_class_aware_policy.StrictThresholdTests.test_strict_k_boundary) ... ok
test_temporal_smoothing_exact_first_step (test_block66_part3c1_class_aware_policy.TemporalTests.test_temporal_smoothing_exact_first_step) ... ok
test_temporal_smoothing_is_recursive (test_block66_part3c1_class_aware_policy.TemporalTests.test_temporal_smoothing_is_recursive) ... ok
test_constructed_oracle_metrics_are_marked (test_block67_baseline_metric_contract.Block67BaselineMetricContractTest.test_constructed_oracle_metrics_are_marked) ... ok
test_deterministic_predictive_removes_uncertainty (test_block67_baseline_metric_contract.Block67BaselineMetricContractTest.test_deterministic_predictive_removes_uncertainty) ... ok
test_exact_seven_baseline_labels (test_block67_baseline_metric_contract.Block67BaselineMetricContractTest.test_exact_seven_baseline_labels) ... ok
test_exact_twelve_metric_labels (test_block67_baseline_metric_contract.Block67BaselineMetricContractTest.test_exact_twelve_metric_labels) ... ok
test_metric_formula_freeze_is_not_done_here (test_block67_baseline_metric_contract.Block67BaselineMetricContractTest.test_metric_formula_freeze_is_not_done_here)
Block6.7 freezes the metric set/interface. ... ok
test_metric_interfaces_are_evaluator_only (test_block67_baseline_metric_contract.Block67BaselineMetricContractTest.test_metric_interfaces_are_evaluator_only) ... ok
test_no_nonoracle_controller_uses_future_truth (test_block67_baseline_metric_contract.Block67BaselineMetricContractTest.test_no_nonoracle_controller_uses_future_truth) ... ok
test_oracle_is_evaluator_only_constructed_reference (test_block67_baseline_metric_contract.Block67BaselineMetricContractTest.test_oracle_is_evaluator_only_constructed_reference) ... ok
test_primary_class_aware_controller_has_uncertainty (test_block67_baseline_metric_contract.Block67BaselineMetricContractTest.test_primary_class_aware_controller_has_uncertainty) ... ok
test_uncertainty_and_class_agnostic_overlap_is_explicit (test_block67_baseline_metric_contract.Block67BaselineMetricContractTest.test_uncertainty_and_class_agnostic_overlap_is_explicit) ... ok
test_cell_rule_remains_frozen_ceil (test_block67_margin_binding.Block67MarginBindingTest.test_cell_rule_remains_frozen_ceil) ... ok
test_inconsistent_total_rejected (test_block67_margin_binding.Block67MarginBindingTest.test_inconsistent_total_rejected) ... ok
test_real_margin_computation_binds_extra (test_block67_margin_binding.Block67MarginBindingTest.test_real_margin_computation_binds_extra) ... ok
test_runtime_uses_extra_only (test_block67_margin_binding.Block67MarginBindingTest.test_runtime_uses_extra_only) ... ok
test_zero_extra_means_no_predictive_dilation (test_block67_margin_binding.Block67MarginBindingTest.test_zero_extra_means_no_predictive_dilation) ... ok
test_01_horizons_exact (test_block68_evaluator_reference_contract.Block68EvaluatorReferenceContractTest.test_01_horizons_exact) ... ok
test_02_classes_exact (test_block68_evaluator_reference_contract.Block68EvaluatorReferenceContractTest.test_02_classes_exact) ... ok
test_03_road_roi_is_full_grid (test_block68_evaluator_reference_contract.Block68EvaluatorReferenceContractTest.test_03_road_roi_is_full_grid) ... ok
test_04_constructed_oracle_is_union (test_block68_evaluator_reference_contract.Block68EvaluatorReferenceContractTest.test_04_constructed_oracle_is_union) ... ok
test_05_empty_oracle_is_zero (test_block68_evaluator_reference_contract.Block68EvaluatorReferenceContractTest.test_05_empty_oracle_is_zero) ... ok
test_06_final_output_is_post_actuation (test_block68_evaluator_reference_contract.Block68EvaluatorReferenceContractTest.test_06_final_output_is_post_actuation) ... ok
test_07_contract_and_artifact_frozen (test_block68_evaluator_reference_contract.Block68EvaluatorReferenceContractTest.test_07_contract_and_artifact_frozen) ... ok
test_01_authority (test_block68_metric_reconciliation.Block68MetricReconciliationTest.test_01_authority) ... ok
test_02_temporal_lower_is_better (test_block68_metric_reconciliation.Block68MetricReconciliationTest.test_02_temporal_lower_is_better) ... ok
test_03_no_flicker_threshold (test_block68_metric_reconciliation.Block68MetricReconciliationTest.test_03_no_flicker_threshold) ... ok
test_04_overmask_not_road_roi_normalized (test_block68_metric_reconciliation.Block68MetricReconciliationTest.test_04_overmask_not_road_roi_normalized) ... ok
test_05_false_dimming_not_road_roi_normalized (test_block68_metric_reconciliation.Block68MetricReconciliationTest.test_05_false_dimming_not_road_roi_normalized) ... ok
test_06_energy_not_road_roi_normalized (test_block68_metric_reconciliation.Block68MetricReconciliationTest.test_06_energy_not_road_roi_normalized) ... ok
test_01_binary_dim_support (test_block68_metric_semantics.Block68MetricSemanticsTest.test_01_binary_dim_support) ... ok
test_02_mask_iou_empty (test_block68_metric_semantics.Block68MetricSemanticsTest.test_02_mask_iou_empty) ... ok
test_03_vehicle_violation (test_block68_metric_semantics.Block68MetricSemanticsTest.test_03_vehicle_violation) ... ok
test_04_vehicle_empty_is_na (test_block68_metric_semantics.Block68MetricSemanticsTest.test_04_vehicle_empty_is_na) ... ok
test_05_glare_reference_region (test_block68_metric_semantics.Block68MetricSemanticsTest.test_05_glare_reference_region) ... ok
test_06_overmask_full_grid_denominator (test_block68_metric_semantics.Block68MetricSemanticsTest.test_06_overmask_full_grid_denominator) ... ok
test_07_road_retention (test_block68_metric_semantics.Block68MetricSemanticsTest.test_07_road_retention) ... ok
test_08_pedestrian_visibility (test_block68_metric_semantics.Block68MetricSemanticsTest.test_08_pedestrian_visibility) ... ok
test_09_cyclist_visibility (test_block68_metric_semantics.Block68MetricSemanticsTest.test_09_cyclist_visibility) ... ok
test_10_false_dimming_support_ratio (test_block68_metric_semantics.Block68MetricSemanticsTest.test_10_false_dimming_support_ratio) ... ok
test_11_false_dimming_no_dim_is_zero (test_block68_metric_semantics.Block68MetricSemanticsTest.test_11_false_dimming_no_dim_is_zero) ... ok
test_12_temporal_change_rate (test_block68_metric_semantics.Block68MetricSemanticsTest.test_12_temporal_change_rate) ... ok
test_13_flicker_exact_inequality (test_block68_metric_semantics.Block68MetricSemanticsTest.test_13_flicker_exact_inequality) ... ok
test_14_energy_full_grid_mean (test_block68_metric_semantics.Block68MetricSemanticsTest.test_14_energy_full_grid_mean) ... ok
test_15_latency_seconds (test_block68_metric_semantics.Block68MetricSemanticsTest.test_15_latency_seconds) ... ok
test_01_constants_exact (test_block68_noninferiority_bound_rule.Block68NoninferiorityBoundRuleTest.test_01_constants_exact) ... ok
test_02_metric_set_exact (test_block68_noninferiority_bound_rule.Block68NoninferiorityBoundRuleTest.test_02_metric_set_exact) ... ok
test_03_constant_reactive_values_hit_floor (test_block68_noninferiority_bound_rule.Block68NoninferiorityBoundRuleTest.test_03_constant_reactive_values_hit_floor) ... ok
test_04_high_variability_hits_cap (test_block68_noninferiority_bound_rule.Block68NoninferiorityBoundRuleTest.test_04_high_variability_hits_cap) ... ok
test_05_interior_rule_not_floor_or_cap (test_block68_noninferiority_bound_rule.Block68NoninferiorityBoundRuleTest.test_05_interior_rule_not_floor_or_cap) ... ok
test_06_support_rules (test_block68_noninferiority_bound_rule.Block68NoninferiorityBoundRuleTest.test_06_support_rules) ... ok
test_07_invalid_values_rejected (test_block68_noninferiority_bound_rule.Block68NoninferiorityBoundRuleTest.test_07_invalid_values_rejected) ... ok
test_08_config_forbids_predictive_bound_selection (test_block68_noninferiority_bound_rule.Block68NoninferiorityBoundRuleTest.test_08_config_forbids_predictive_bound_selection) ... ok
test_01_horizons_are_exact (test_block68_reactive_development_scoring.Block68ReactiveDevelopmentScoringTests.test_01_horizons_are_exact) ... ok
test_02_hold_current_replication (test_block68_reactive_development_scoring.Block68ReactiveDevelopmentScoringTests.test_02_hold_current_replication) ... ok
test_03_output_is_independent_copy (test_block68_reactive_development_scoring.Block68ReactiveDevelopmentScoringTests.test_03_output_is_independent_copy) ... ok
test_04_invalid_current_map_rejected (test_block68_reactive_development_scoring.Block68ReactiveDevelopmentScoringTests.test_04_invalid_current_map_rejected) ... ok
test_05_nonfrozen_horizons_rejected (test_block68_reactive_development_scoring.Block68ReactiveDevelopmentScoringTests.test_05_nonfrozen_horizons_rejected) ... ok
test_06_dim_support_is_strict_less_than_one (test_block68_reactive_development_scoring.Block68ReactiveDevelopmentScoringTests.test_06_dim_support_is_strict_less_than_one) ... ok
test_07_contract_forbids_future_refresh (test_block68_reactive_development_scoring.Block68ReactiveDevelopmentScoringTests.test_07_contract_forbids_future_refresh) ... ok
test_VRU_floor_guard_excludes_cell (test_stage6_v2_budgeted_residual.Stage6V2BudgetedResidualTest.test_VRU_floor_guard_excludes_cell) ... ok
test_budget_is_hard_spatial_bound (test_stage6_v2_budgeted_residual.Stage6V2BudgetedResidualTest.test_budget_is_hard_spatial_bound) ... ok
test_controller_API_has_no_oracle_or_truth_input (test_stage6_v2_budgeted_residual.Stage6V2BudgetedResidualTest.test_controller_API_has_no_oracle_or_truth_input) ... ok
test_reactive_cells_are_held_exactly (test_stage6_v2_budgeted_residual.Stage6V2BudgetedResidualTest.test_reactive_cells_are_held_exactly) ... ok
test_selected_cell_keeps_exact_old_time_sequence (test_stage6_v2_budgeted_residual.Stage6V2BudgetedResidualTest.test_selected_cell_keeps_exact_old_time_sequence) ... ok

----------------------------------------------------------------------
Ran 229 tests in 0.180s

OK
