============================================================
STAGE 5 — BLOCK 5.10 PART 2/2
CANONICAL FINAL FREEZE + STAGE5→STAGE6 HANDOFF
============================================================

===== A. FROZEN UPSTREAM CONTINUITY =====
Stages0–4 PDF certification = EXACT PASS
Stage4 closure/handoff/freeze = EXACT PASS
formal N=120 manifest         = EXACT PASS

===== B. BLOCK5.10 PART1 ACCEPTANCE =====
mandatory acceptance = 17 / 17 PASS
empirical coverage   = 0.9959473150962512 PASS
overhead reduction   = 0.865216565349544 PASS

===== C. FORMAL / REPRODUCIBILITY SEAL =====
formal N=120              = PASS
Block5.8 closure/reconcile= PASS
Block5.9                  = PASS_FROZEN
fresh-process repeat      = EXACT PASS
beam probabilities        = EXACT PASS

===== D. PRE-FREEZE FULL REGRESSION =====
pre-freeze regression = 257 / 257 PASS

===== E. STORAGE RESERVE =====
free GiB = 1054.907
250-GiB reserve = PASS

===== F. CURRENT STAGE5 IMPLEMENTATION SEAL =====
implementation files = 107
implementation SHA256 = 0285aa21e361ba2a247c11e18e7d484a93135383112aebd92b9d1d610be4ff75

===== G. STAGE5 → STAGE6 HANDOFF =====
handoff write = WRITTEN
handoff SHA256 = c900ccbd63e7c680af28ed5cd8046f408463eceb7ce943b324b266dda73500eb
Stage6 started = NO

===== H. CANONICAL STAGE5 CLOSURE =====
closure write = WRITTEN
closure SHA256 = c83731948749f3ca20742aaac6b7474f53c755cbc8209dd31db969d229f60610
canonical Stage5 status = COMPLETE_FROZEN

===== I. FINAL FREEZE MANIFEST =====
freeze write = WRITTEN
freeze SHA256 = af9612205f190a04d9da565a98a0449f4ed98f53027b6f971b8457f73bd70913

===== J. POST-FREEZE FULL REGRESSION =====
post-freeze regression = 257 / 257 PASS

===== K. FINAL READBACK =====
closure readback = COMPLETE_FROZEN PASS
handoff readback = FROZEN_HANDOFF PASS
freeze readback  = FROZEN PASS
communication / ADB actuator separation = PASS
Stage6 started = NO

============================================================
BLOCK 5.10 PART 2/2 — FINAL STAGE5 CLOSURE
============================================================
Blocks 5.0 → 5.10        = PASS
mandatory acceptance      = 17 / 17 PASS
formal N=120              = PASS
requested coverage        = 0.9959473150962512 PASS
overhead reduction        = 0.865216565349544 PASS
reproducibility           = PASS_FROZEN
pre-freeze regression     = 257 / 257 PASS
post-freeze regression    = 257 / 257 PASS
implementation files      = 107
implementation SHA256     = 0285aa21e361ba2a247c11e18e7d484a93135383112aebd92b9d1d610be4ff75
Stage5 closure SHA256     = c83731948749f3ca20742aaac6b7474f53c755cbc8209dd31db969d229f60610
Stage5→Stage6 handoff SHA = c900ccbd63e7c680af28ed5cd8046f408463eceb7ce943b324b266dda73500eb
Stage5 freeze SHA256      = af9612205f190a04d9da565a98a0449f4ed98f53027b6f971b8457f73bd70913
scientific outputs changed= NO
training/formal inference = NO
parameter tuning          = NO
Stage6 started            = NO
STATUS = COMPLETE_FROZEN
closure = /home/agni/waymo/iscai_stage5/reports/stage5_final_closure.json
handoff = /home/agni/waymo/iscai_stage5/artifacts/block510/stage5_to_stage6_handoff.json
freeze = /home/agni/waymo/iscai_stage5/artifacts/block510/stage5_final_freeze_manifest.json
terminal remains open = YES
