============================================================
STAGE 6 — BLOCK 6.0 PART 1/2
FROZEN HANDOFF + STRICT PDF CONTRACT
============================================================

===== A. STAGE5 FROZEN SEAL =====
Stage5 closure = COMPLETE_FROZEN PASS
Stage5 handoff = FROZEN_HANDOFF PASS
Stage5 freeze  = FROZEN PASS
Stage5 hashes  = EXACT PASS

===== B. STAGE4 POSTERIOR CONTINUITY =====
Stage4 closure        = COMPLETE_FROZEN
calibrated Gaussian   = FROZEN DOWNSTREAM
future GT input       = NO
recalibration Stage6  = FORBIDDEN

===== C. FORMAL POPULATION CONTINUITY =====
formal manifest SHA = EXACT PASS
formal scenarios    = 120 PASS
Stage6 use          = continuity choice, not literal PDF N requirement

===== D. PART-A FROZEN REFERENCE =====
Part-A git commit = EXACT PASS
Part-A reference  = PRESENT
Part-A reference SHA256 = fcdfc0a7b9c14fa9447ceb8563a6f20ac277706223388dc9aa8a1edf416c5e2b
ADB adapter audit = DEFERRED TO BLOCK6.0 PART2

===== E. COMMUNICATION / ADB ACTUATOR BOUNDARY =====
Stage6 next layer   = predictive_class_aware_ADB
communication beam actuator reused = NO
shared posterior     = YES

===== F. STRICT PDF-AUDITED STAGE6 CONTRACT =====
Stage6 audited contract = WRITTEN
contract SHA256 = 6b2ee6454f876c3658d4d308b827202cd31dd7c77bf96c38e6c6da70e6573675

===== G. STAGE6 PACKAGE SKELETON =====
package skeleton = WRITTEN

===== H. BLOCK6.0 CONTRACT TEST =====
test file = WRITTEN
Ran 13 tests in 0.001s
OK

===== I. STORAGE / UPSTREAM IMMUTABILITY =====
free GiB              = 1054.908
250-GiB reserve       = PASS
Stage4 artifacts      = UNCHANGED
Stage5 artifacts      = UNCHANGED
Part-A reference      = UNCHANGED

============================================================
BLOCK 6.0 PART 1/2 — FINAL
============================================================
strict Stage6 plan audit = 100% PASS
Stage4 posterior         = FROZEN PASS
Stage5 handoff           = EXACT PASS
Part-A reference         = FROZEN PASS
primary mode             = TRACK-BASED PC-FMCW-LIKE
ADB actor population     = ALL CAUSAL ADB-RELEVANT ACTORS
centroid-only ADB        = FORBIDDEN
communication actuator reused = NO
all 7 ADB baselines      = CONTRACT FROZEN
all 12 ADB metrics       = CONTRACT FROZEN
Stage7 boundary          = PRESERVED
Stage8 boundary          = PRESERVED
scientific ADB started   = NO
upstream modified        = NO
STATUS = PASS_CONTRACT_FROZEN
report = /home/agni/waymo/iscai_stage6/reports/block60_part1_handoff_contract.json
terminal remains open = YES
