nohup: ignoring input
==============================
STAGE4 COMPLETE PIPELINE START
==============================

==============================
1) DETERMINISTIC FINAL
==============================

================
VEHICLE
================
TRAIN 374781 VAL 1133871
VEHICLE 1 train 18.066921010267375 val 0.8362624044838397 ADE 1.003552036762251 FDE 1.261463847189003
VEHICLE 2 train 3.1207891772475724 val 0.7002757711747823 ADE 0.93963872144129 FDE 1.0982126436411423

================
PEDESTRIAN
================
TRAIN 25461 VAL 76128
PEDESTRIAN 1 train 135.5278725528238 val 13.738963520827413 ADE 3.1728774499492487 FDE 3.4179574679927667
PEDESTRIAN 2 train 9.239054228792238 val 3.9011455261406778 ADE 2.0042892065368783 FDE 2.3070540517318148

================
CYCLIST
================
TRAIN 2674 VAL 7245
CYCLIST 1 train 363.9756495157878 val 262.5061901159454 ADE 17.855818957613227 FDE 18.431156760767887
CYCLIST 2 train 195.54947789510092 val 144.98987010487338 ADE 12.70429852134303 FDE 13.228178166506583
DETERMINISTIC FINAL DONE
