======================================================================
STAGE 4 GAUSSIAN CALIBRATION COMPARISON
======================================================================
DEVICE: cuda
GPU: NVIDIA RTX A6000

Loading WOMD validation dataset...
Validation samples: 1217244

======================================================================
MODEL: ALL_gaussian_h128_l1_d0.0_lr0.001_b32
CHECKPOINT: checkpoints/stage4_auto_cuda/ALL_gaussian_h128_l1_d0.0_lr0.001_b32.pt
======================================================================
batch=100/38039
batch=200/38039
batch=300/38039
batch=400/38039
batch=500/38039
batch=600/38039
batch=700/38039
batch=800/38039
batch=900/38039
batch=1000/38039
batch=1100/38039
batch=1200/38039
batch=1300/38039
batch=1400/38039
batch=1500/38039
batch=1600/38039
batch=1700/38039
batch=1800/38039
batch=1900/38039
batch=2000/38039
batch=2100/38039
batch=2200/38039
batch=2300/38039
batch=2400/38039
batch=2500/38039
batch=2600/38039
batch=2700/38039
batch=2800/38039
batch=2900/38039
batch=3000/38039
batch=3100/38039
batch=3200/38039
batch=3300/38039
batch=3400/38039
batch=3500/38039
batch=3600/38039
batch=3700/38039
batch=3800/38039
batch=3900/38039
batch=4000/38039
batch=4100/38039
batch=4200/38039
batch=4300/38039
batch=4400/38039
batch=4500/38039
batch=4600/38039
batch=4700/38039
batch=4800/38039
batch=4900/38039
batch=5000/38039
batch=5100/38039
batch=5200/38039
batch=5300/38039
batch=5400/38039
batch=5500/38039
batch=5600/38039
batch=5700/38039
batch=5800/38039
batch=5900/38039
batch=6000/38039
batch=6100/38039
batch=6200/38039
batch=6300/38039
batch=6400/38039
batch=6500/38039
batch=6600/38039
batch=6700/38039
batch=6800/38039
batch=6900/38039
batch=7000/38039
batch=7100/38039
batch=7200/38039
batch=7300/38039
batch=7400/38039
batch=7500/38039
batch=7600/38039
batch=7700/38039
batch=7800/38039
batch=7900/38039
batch=8000/38039
batch=8100/38039
batch=8200/38039
batch=8300/38039
batch=8400/38039
batch=8500/38039
batch=8600/38039
batch=8700/38039
batch=8800/38039
batch=8900/38039
batch=9000/38039
batch=9100/38039
batch=9200/38039
batch=9300/38039
batch=9400/38039
batch=9500/38039
batch=9600/38039
batch=9700/38039
batch=9800/38039
batch=9900/38039
batch=10000/38039
batch=10100/38039
batch=10200/38039
batch=10300/38039
batch=10400/38039
batch=10500/38039
batch=10600/38039
batch=10700/38039
batch=10800/38039
batch=10900/38039
batch=11000/38039
batch=11100/38039
batch=11200/38039
batch=11300/38039
batch=11400/38039
batch=11500/38039
batch=11600/38039
batch=11700/38039
batch=11800/38039
batch=11900/38039
batch=12000/38039
batch=12100/38039
batch=12200/38039
batch=12300/38039
batch=12400/38039
batch=12500/38039
batch=12600/38039
batch=12700/38039
batch=12800/38039
batch=12900/38039
batch=13000/38039
batch=13100/38039
batch=13200/38039
batch=13300/38039
batch=13400/38039
batch=13500/38039
batch=13600/38039
batch=13700/38039
batch=13800/38039
batch=13900/38039
batch=14000/38039
batch=14100/38039
batch=14200/38039
batch=14300/38039
batch=14400/38039
batch=14500/38039
batch=14600/38039
batch=14700/38039
batch=14800/38039
batch=14900/38039
batch=15000/38039
batch=15100/38039
batch=15200/38039
batch=15300/38039
batch=15400/38039
batch=15500/38039
batch=15600/38039
batch=15700/38039
batch=15800/38039
batch=15900/38039
batch=16000/38039
batch=16100/38039
batch=16200/38039
batch=16300/38039
batch=16400/38039
batch=16500/38039
batch=16600/38039
batch=16700/38039
batch=16800/38039
batch=16900/38039
batch=17000/38039
batch=17100/38039
batch=17200/38039
batch=17300/38039
batch=17400/38039
batch=17500/38039
batch=17600/38039
batch=17700/38039
batch=17800/38039
batch=17900/38039
batch=18000/38039
batch=18100/38039
batch=18200/38039
batch=18300/38039
batch=18400/38039
batch=18500/38039
batch=18600/38039
batch=18700/38039
batch=18800/38039
batch=18900/38039
batch=19000/38039
batch=19100/38039
batch=19200/38039
batch=19300/38039
batch=19400/38039
batch=19500/38039
batch=19600/38039
batch=19700/38039
batch=19800/38039
batch=19900/38039
batch=20000/38039
batch=20100/38039
batch=20200/38039
batch=20300/38039
batch=20400/38039
batch=20500/38039
batch=20600/38039
batch=20700/38039
batch=20800/38039
batch=20900/38039
batch=21000/38039
batch=21100/38039
batch=21200/38039
batch=21300/38039
batch=21400/38039
batch=21500/38039
batch=21600/38039
batch=21700/38039
batch=21800/38039
batch=21900/38039
batch=22000/38039
batch=22100/38039
batch=22200/38039
batch=22300/38039
batch=22400/38039
batch=22500/38039
batch=22600/38039
batch=22700/38039
batch=22800/38039
batch=22900/38039
batch=23000/38039
batch=23100/38039
batch=23200/38039
batch=23300/38039
batch=23400/38039
batch=23500/38039
batch=23600/38039
batch=23700/38039
batch=23800/38039
batch=23900/38039
batch=24000/38039
batch=24100/38039
batch=24200/38039
batch=24300/38039
batch=24400/38039
batch=24500/38039
batch=24600/38039
batch=24700/38039
batch=24800/38039
batch=24900/38039
batch=25000/38039
batch=25100/38039
batch=25200/38039
batch=25300/38039
batch=25400/38039
batch=25500/38039
batch=25600/38039
batch=25700/38039
batch=25800/38039
batch=25900/38039
batch=26000/38039
batch=26100/38039
batch=26200/38039
batch=26300/38039
batch=26400/38039
batch=26500/38039
batch=26600/38039
batch=26700/38039
batch=26800/38039
batch=26900/38039
batch=27000/38039
batch=27100/38039
batch=27200/38039
batch=27300/38039
batch=27400/38039
batch=27500/38039
batch=27600/38039
batch=27700/38039
batch=27800/38039
batch=27900/38039
batch=28000/38039
batch=28100/38039
batch=28200/38039
batch=28300/38039
batch=28400/38039
batch=28500/38039
batch=28600/38039
batch=28700/38039
batch=28800/38039
batch=28900/38039
batch=29000/38039
batch=29100/38039
batch=29200/38039
batch=29300/38039
batch=29400/38039
batch=29500/38039
batch=29600/38039
batch=29700/38039
batch=29800/38039
batch=29900/38039
batch=30000/38039
batch=30100/38039
batch=30200/38039
batch=30300/38039
batch=30400/38039
batch=30500/38039
batch=30600/38039
batch=30700/38039
batch=30800/38039
batch=30900/38039
batch=31000/38039
batch=31100/38039
batch=31200/38039
batch=31300/38039
batch=31400/38039
batch=31500/38039
batch=31600/38039
batch=31700/38039
batch=31800/38039
batch=31900/38039
batch=32000/38039
batch=32100/38039
batch=32200/38039
batch=32300/38039
batch=32400/38039
batch=32500/38039
batch=32600/38039
batch=32700/38039
batch=32800/38039
batch=32900/38039
batch=33000/38039
batch=33100/38039
batch=33200/38039
batch=33300/38039
batch=33400/38039
batch=33500/38039
batch=33600/38039
batch=33700/38039
batch=33800/38039
batch=33900/38039
batch=34000/38039
batch=34100/38039
batch=34200/38039
batch=34300/38039
batch=34400/38039
batch=34500/38039
batch=34600/38039
batch=34700/38039
batch=34800/38039
batch=34900/38039
batch=35000/38039
batch=35100/38039
batch=35200/38039
batch=35300/38039
batch=35400/38039
batch=35500/38039
batch=35600/38039
batch=35700/38039
batch=35800/38039
batch=35900/38039
batch=36000/38039
batch=36100/38039
batch=36200/38039
batch=36300/38039
batch=36400/38039
batch=36500/38039
batch=36600/38039
batch=36700/38039
batch=36800/38039
batch=36900/38039
batch=37000/38039
batch=37100/38039
batch=37200/38039
batch=37300/38039
batch=37400/38039
batch=37500/38039
batch=37600/38039
batch=37700/38039
batch=37800/38039
batch=37900/38039
batch=38000/38039

NLL = -2.1101187146097296
ADE = 0.480248438221332
FDE = 0.71274934789084
Coverage:
  50% -> 60.26%
  80% -> 86.99%
  90% -> 94.27%
  95% -> 97.02%
  99% -> 98.65%
Mean abs calibration error = 0.047767129679834076

======================================================================
MODEL: ALL_gaussian_h128_l2_d0.0_lr0.001_b32
CHECKPOINT: checkpoints/stage4_auto_cuda/ALL_gaussian_h128_l2_d0.0_lr0.001_b32.pt
======================================================================
batch=100/38039
batch=200/38039
batch=300/38039
batch=400/38039
batch=500/38039
batch=600/38039
batch=700/38039
batch=800/38039
batch=900/38039
batch=1000/38039
batch=1100/38039
batch=1200/38039
batch=1300/38039
batch=1400/38039
batch=1500/38039
batch=1600/38039
batch=1700/38039
batch=1800/38039
batch=1900/38039
batch=2000/38039
batch=2100/38039
batch=2200/38039
batch=2300/38039
batch=2400/38039
batch=2500/38039
batch=2600/38039
batch=2700/38039
batch=2800/38039
batch=2900/38039
batch=3000/38039
batch=3100/38039
batch=3200/38039
batch=3300/38039
batch=3400/38039
batch=3500/38039
batch=3600/38039
batch=3700/38039
batch=3800/38039
batch=3900/38039
batch=4000/38039
batch=4100/38039
batch=4200/38039
batch=4300/38039
batch=4400/38039
batch=4500/38039
batch=4600/38039
batch=4700/38039
batch=4800/38039
batch=4900/38039
batch=5000/38039
batch=5100/38039
batch=5200/38039
batch=5300/38039
batch=5400/38039
batch=5500/38039
batch=5600/38039
batch=5700/38039
batch=5800/38039
batch=5900/38039
batch=6000/38039
batch=6100/38039
batch=6200/38039
batch=6300/38039
batch=6400/38039
batch=6500/38039
batch=6600/38039
batch=6700/38039
batch=6800/38039
batch=6900/38039
batch=7000/38039
batch=7100/38039
batch=7200/38039
batch=7300/38039
batch=7400/38039
batch=7500/38039
batch=7600/38039
batch=7700/38039
batch=7800/38039
batch=7900/38039
batch=8000/38039
batch=8100/38039
batch=8200/38039
batch=8300/38039
batch=8400/38039
batch=8500/38039
batch=8600/38039
batch=8700/38039
batch=8800/38039
batch=8900/38039
batch=9000/38039
batch=9100/38039
batch=9200/38039
batch=9300/38039
batch=9400/38039
batch=9500/38039
batch=9600/38039
batch=9700/38039
batch=9800/38039
batch=9900/38039
batch=10000/38039
batch=10100/38039
batch=10200/38039
batch=10300/38039
batch=10400/38039
batch=10500/38039
batch=10600/38039
batch=10700/38039
batch=10800/38039
batch=10900/38039
batch=11000/38039
batch=11100/38039
batch=11200/38039
batch=11300/38039
batch=11400/38039
batch=11500/38039
batch=11600/38039
batch=11700/38039
batch=11800/38039
batch=11900/38039
batch=12000/38039
batch=12100/38039
batch=12200/38039
batch=12300/38039
batch=12400/38039
batch=12500/38039
batch=12600/38039
batch=12700/38039
batch=12800/38039
batch=12900/38039
batch=13000/38039
batch=13100/38039
batch=13200/38039
batch=13300/38039
batch=13400/38039
batch=13500/38039
batch=13600/38039
batch=13700/38039
batch=13800/38039
batch=13900/38039
batch=14000/38039
batch=14100/38039
batch=14200/38039
batch=14300/38039
batch=14400/38039
batch=14500/38039
batch=14600/38039
batch=14700/38039
batch=14800/38039
batch=14900/38039
batch=15000/38039
batch=15100/38039
batch=15200/38039
batch=15300/38039
batch=15400/38039
batch=15500/38039
batch=15600/38039
batch=15700/38039
batch=15800/38039
batch=15900/38039
batch=16000/38039
batch=16100/38039
batch=16200/38039
batch=16300/38039
batch=16400/38039
batch=16500/38039
batch=16600/38039
batch=16700/38039
batch=16800/38039
batch=16900/38039
batch=17000/38039
batch=17100/38039
batch=17200/38039
batch=17300/38039
batch=17400/38039
batch=17500/38039
batch=17600/38039
batch=17700/38039
batch=17800/38039
batch=17900/38039
batch=18000/38039
batch=18100/38039
batch=18200/38039
batch=18300/38039
batch=18400/38039
batch=18500/38039
batch=18600/38039
batch=18700/38039
batch=18800/38039
batch=18900/38039
batch=19000/38039
batch=19100/38039
batch=19200/38039
batch=19300/38039
batch=19400/38039
batch=19500/38039
batch=19600/38039
batch=19700/38039
batch=19800/38039
batch=19900/38039
batch=20000/38039
batch=20100/38039
batch=20200/38039
batch=20300/38039
batch=20400/38039
batch=20500/38039
batch=20600/38039
batch=20700/38039
batch=20800/38039
batch=20900/38039
batch=21000/38039
batch=21100/38039
batch=21200/38039
batch=21300/38039
batch=21400/38039
batch=21500/38039
batch=21600/38039
batch=21700/38039
batch=21800/38039
batch=21900/38039
batch=22000/38039
batch=22100/38039
batch=22200/38039
batch=22300/38039
batch=22400/38039
batch=22500/38039
batch=22600/38039
batch=22700/38039
batch=22800/38039
batch=22900/38039
batch=23000/38039
batch=23100/38039
batch=23200/38039
batch=23300/38039
batch=23400/38039
batch=23500/38039
batch=23600/38039
batch=23700/38039
batch=23800/38039
batch=23900/38039
batch=24000/38039
batch=24100/38039
batch=24200/38039
batch=24300/38039
batch=24400/38039
batch=24500/38039
batch=24600/38039
batch=24700/38039
batch=24800/38039
batch=24900/38039
batch=25000/38039
batch=25100/38039
batch=25200/38039
batch=25300/38039
batch=25400/38039
batch=25500/38039
batch=25600/38039
batch=25700/38039
batch=25800/38039
batch=25900/38039
batch=26000/38039
batch=26100/38039
batch=26200/38039
batch=26300/38039
batch=26400/38039
batch=26500/38039
batch=26600/38039
batch=26700/38039
batch=26800/38039
batch=26900/38039
batch=27000/38039
batch=27100/38039
batch=27200/38039
batch=27300/38039
batch=27400/38039
batch=27500/38039
batch=27600/38039
batch=27700/38039
batch=27800/38039
batch=27900/38039
batch=28000/38039
batch=28100/38039
batch=28200/38039
batch=28300/38039
batch=28400/38039
batch=28500/38039
batch=28600/38039
batch=28700/38039
batch=28800/38039
batch=28900/38039
batch=29000/38039
batch=29100/38039
batch=29200/38039
batch=29300/38039
batch=29400/38039
batch=29500/38039
batch=29600/38039
batch=29700/38039
batch=29800/38039
batch=29900/38039
batch=30000/38039
batch=30100/38039
batch=30200/38039
batch=30300/38039
batch=30400/38039
batch=30500/38039
batch=30600/38039
batch=30700/38039
batch=30800/38039
batch=30900/38039
batch=31000/38039
batch=31100/38039
batch=31200/38039
batch=31300/38039
batch=31400/38039
batch=31500/38039
batch=31600/38039
batch=31700/38039
batch=31800/38039
batch=31900/38039
batch=32000/38039
batch=32100/38039
batch=32200/38039
batch=32300/38039
batch=32400/38039
batch=32500/38039
batch=32600/38039
batch=32700/38039
batch=32800/38039
batch=32900/38039
batch=33000/38039
batch=33100/38039
batch=33200/38039
batch=33300/38039
batch=33400/38039
batch=33500/38039
batch=33600/38039
batch=33700/38039
batch=33800/38039
batch=33900/38039
batch=34000/38039
batch=34100/38039
batch=34200/38039
batch=34300/38039
batch=34400/38039
batch=34500/38039
batch=34600/38039
batch=34700/38039
batch=34800/38039
batch=34900/38039
batch=35000/38039
batch=35100/38039
batch=35200/38039
batch=35300/38039
batch=35400/38039
batch=35500/38039
batch=35600/38039
batch=35700/38039
batch=35800/38039
batch=35900/38039
batch=36000/38039
batch=36100/38039
batch=36200/38039
batch=36300/38039
batch=36400/38039
batch=36500/38039
batch=36600/38039
batch=36700/38039
batch=36800/38039
batch=36900/38039
batch=37000/38039
batch=37100/38039
batch=37200/38039
batch=37300/38039
batch=37400/38039
batch=37500/38039
batch=37600/38039
batch=37700/38039
batch=37800/38039
batch=37900/38039
batch=38000/38039

NLL = -1.668498280964704
ADE = 0.27576754509092916
FDE = 0.43977687016546346
Coverage:
  50% -> 64.00%
  80% -> 88.94%
  90% -> 93.20%
  95% -> 95.45%
  99% -> 97.99%
Mean abs calibration error = 0.05521554593820135

======================================================================
MODEL: ALL_gaussian_h128_l2_d0.0_lr0.001_b64
CHECKPOINT: checkpoints/stage4_auto_cuda/ALL_gaussian_h128_l2_d0.0_lr0.001_b64.pt
======================================================================
batch=100/19020
batch=200/19020
batch=300/19020
batch=400/19020
batch=500/19020
batch=600/19020
batch=700/19020
batch=800/19020
batch=900/19020
batch=1000/19020
batch=1100/19020
batch=1200/19020
batch=1300/19020
batch=1400/19020
batch=1500/19020
batch=1600/19020
batch=1700/19020
batch=1800/19020
batch=1900/19020
batch=2000/19020
batch=2100/19020
batch=2200/19020
batch=2300/19020
batch=2400/19020
batch=2500/19020
batch=2600/19020
batch=2700/19020
batch=2800/19020
batch=2900/19020
batch=3000/19020
batch=3100/19020
batch=3200/19020
batch=3300/19020
batch=3400/19020
batch=3500/19020
batch=3600/19020
batch=3700/19020
batch=3800/19020
batch=3900/19020
batch=4000/19020
batch=4100/19020
batch=4200/19020
batch=4300/19020
batch=4400/19020
batch=4500/19020
batch=4600/19020
batch=4700/19020
batch=4800/19020
batch=4900/19020
batch=5000/19020
batch=5100/19020
batch=5200/19020
batch=5300/19020
batch=5400/19020
batch=5500/19020
batch=5600/19020
batch=5700/19020
batch=5800/19020
batch=5900/19020
batch=6000/19020
batch=6100/19020
batch=6200/19020
batch=6300/19020
batch=6400/19020
batch=6500/19020
batch=6600/19020
batch=6700/19020
batch=6800/19020
batch=6900/19020
batch=7000/19020
batch=7100/19020
batch=7200/19020
batch=7300/19020
batch=7400/19020
batch=7500/19020
batch=7600/19020
batch=7700/19020
batch=7800/19020
batch=7900/19020
batch=8000/19020
batch=8100/19020
batch=8200/19020
batch=8300/19020
batch=8400/19020
batch=8500/19020
batch=8600/19020
batch=8700/19020
batch=8800/19020
batch=8900/19020
batch=9000/19020
batch=9100/19020
batch=9200/19020
batch=9300/19020
batch=9400/19020
batch=9500/19020
batch=9600/19020
batch=9700/19020
batch=9800/19020
batch=9900/19020
batch=10000/19020
batch=10100/19020
batch=10200/19020
batch=10300/19020
batch=10400/19020
batch=10500/19020
batch=10600/19020
batch=10700/19020
batch=10800/19020
batch=10900/19020
batch=11000/19020
batch=11100/19020
batch=11200/19020
batch=11300/19020
batch=11400/19020
batch=11500/19020
batch=11600/19020
batch=11700/19020
batch=11800/19020
batch=11900/19020
batch=12000/19020
batch=12100/19020
batch=12200/19020
batch=12300/19020
batch=12400/19020
batch=12500/19020
batch=12600/19020
batch=12700/19020
batch=12800/19020
batch=12900/19020
batch=13000/19020
batch=13100/19020
batch=13200/19020
batch=13300/19020
batch=13400/19020
batch=13500/19020
batch=13600/19020
batch=13700/19020
batch=13800/19020
batch=13900/19020
batch=14000/19020
batch=14100/19020
batch=14200/19020
batch=14300/19020
batch=14400/19020
batch=14500/19020
batch=14600/19020
batch=14700/19020
batch=14800/19020
batch=14900/19020
batch=15000/19020
batch=15100/19020
batch=15200/19020
batch=15300/19020
batch=15400/19020
batch=15500/19020
batch=15600/19020
batch=15700/19020
batch=15800/19020
batch=15900/19020
batch=16000/19020
batch=16100/19020
batch=16200/19020
batch=16300/19020
batch=16400/19020
batch=16500/19020
batch=16600/19020
batch=16700/19020
batch=16800/19020
batch=16900/19020
batch=17000/19020
batch=17100/19020
batch=17200/19020
batch=17300/19020
batch=17400/19020
batch=17500/19020
batch=17600/19020
batch=17700/19020
batch=17800/19020
batch=17900/19020
batch=18000/19020
batch=18100/19020
batch=18200/19020
batch=18300/19020
batch=18400/19020
batch=18500/19020
batch=18600/19020
batch=18700/19020
batch=18800/19020
batch=18900/19020
batch=19000/19020

NLL = -2.0529546758401764
ADE = 0.3019066134616954
FDE = 0.4228919115267128
Coverage:
  50% -> 69.95%
  80% -> 92.67%
  90% -> 96.23%
  95% -> 97.73%
  99% -> 98.97%
Mean abs calibration error = 0.08320032138174431

======================================================================
FINAL RANKING
======================================================================
BEST NLL: ALL_gaussian_h128_l1_d0.0_lr0.001_b32
BEST ADE: ALL_gaussian_h128_l2_d0.0_lr0.001_b32
BEST FDE: ALL_gaussian_h128_l2_d0.0_lr0.001_b64
BEST CALIBRATED: ALL_gaussian_h128_l1_d0.0_lr0.001_b32

Saved: reports/stage4_auto_cuda/gaussian_calibration_comparison.json
