Traceback (most recent call last):
  File "/home/agni/waymo/iscai_stage6/scripts/run_block61_part2_stage1_integration.py", line 3353, in <module>
    main()
    ~~~~^^
  File "/home/agni/waymo/iscai_stage6/scripts/run_block61_part2_stage1_integration.py", line 863, in main
    importlib.import_module(
    ~~~~~~~~~~~~~~~~~~~~~~~^
        headlamp_module_name
        ^^^^^^^^^^^^^^^^^^^^
    )
    ^
  File "/usr/lib/python3.13/importlib/__init__.py", line 88, in import_module
    return _bootstrap._gcd_import(name[level:], package, level)
           ~~~~~~~~~~~~~~~~~~~~~~^^^^^^^^^^^^^^^^^^^^^^^^^^^^^^
  File "<frozen importlib._bootstrap>", line 1387, in _gcd_import
  File "<frozen importlib._bootstrap>", line 1360, in _find_and_load
  File "<frozen importlib._bootstrap>", line 1310, in _find_and_load_unlocked
  File "<frozen importlib._bootstrap>", line 488, in _call_with_frames_removed
  File "<frozen importlib._bootstrap>", line 1387, in _gcd_import
  File "<frozen importlib._bootstrap>", line 1360, in _find_and_load
  File "<frozen importlib._bootstrap>", line 1310, in _find_and_load_unlocked
  File "<frozen importlib._bootstrap>", line 488, in _call_with_frames_removed
  File "<frozen importlib._bootstrap>", line 1387, in _gcd_import
ModuleNotFoundError: No module named 'iscai_stage1'
============================================================
STAGE 6 — BLOCK 6.1 PART 2/2
FROZEN STAGE1 INTEGRATION + REAL FULL-BOX SMOKE
============================================================

===== A. FROZEN PREREQUISITES =====
Block6.1 Part1       = EXACT PASS
Stage1 closure       = PASS_COMPLETE
H0                   = front_face_midpoint_surrogate
axes                 = +x forward / +y left / +z up
future-box dependency= NO
tracks_to_predict use= NO

===== B. STAGE1 HEADLAMP API / EXTRINSIC AUDIT =====

============================================================
BLOCK 6.1 PART 2/2 = BLOCKED
============================================================
exception = ModuleNotFoundError No module named 'iscai_stage1'


Stage1 modified         = NO
Stage5 modified         = NO
corpus scan             = NO
training                = NO
trajectory inference    = NO
formal evaluation       = NO
parameter tuning        = NO
terminal remains open   = YES
