==============================================================================
BLOCK 6.6 PART2C/2B — RESUMABLE HEADLAMP-ELIGIBLE N8192 P_OCC MATERIALIZATION
==============================================================================

===== A. IMMUTABLE SCIENTIFIC SEAL =====
development cohort               = EXACT PASS
eligible predictive manifest     = EXACT PASS
identity-safe posterior          = EXACT PASS
Part2C/1 handoff                 = EXACT PASS
Part2C/2A API audit              = EXACT PASS
Block6.4 numeric freeze          = EXACT PASS
probabilistic full-box module    = EXACT PASS
probabilistic occupancy module   = EXACT PASS
WOMD geometry module             = EXACT PASS
Stage6 geometry module           = EXACT PASS
storage reserve = PASS

===== B. P_OCC PERSISTENCE CONTRACT =====
persistence contract = /home/agni/waymo/iscai_stage6/configs/block66_part2c2b_pocc_persistence_contract.json
persistence SHA256 = 2777e25003a2c76d506609130e7927501f15a868fa6ec37dfd192bbb58ea79e5
persist dtype = uint32
P_occ reconstruction = counts / 8192
float64 probability file = NOT STORED
gamma/class policy = NOT APPLIED

===== C. ELIGIBLE ACTOR / POSTERIOR BINDING =====
eligible actors = 877
eligible by class = {'TYPE_VEHICLE': 719, 'TYPE_PEDESTRIAN': 110, 'TYPE_CYCLIST': 48}
posterior join = PASS | 877/877

===== D. FROZEN PUBLIC PROBABILISTIC KERNELS =====
full-box kernel = build_stochastic_future_full_boxes
occupancy kernel = estimate_actor_occupancy_probability
N_MC / seed = 8192 / 20260821
grid = 501 x 301
same seed per actor = YES

===== E. RESUMABLE N8192 ACTOR MATERIALIZATION =====
[001/877] TYPE_VEHICLE    f72a05a05035feb8 s3trk-000027 | support=[2571, 4158, 5816, 10484] | 8.44s
[002/877] TYPE_VEHICLE    f72a05a05035feb8 s3trk-000024 | support=[1985, 2748, 3463, 6650] | 8.17s
[003/877] TYPE_VEHICLE    f72a05a05035feb8 s3trk-000005 | support=[5361, 7392, 8591, 15623] | 8.23s
[004/877] TYPE_CYCLIST    f72a05a05035feb8 s3trk-000021 | support=[906, 1486, 2127, 5062] | 8.35s
[005/877] TYPE_VEHICLE    217d94b9231ed401 s3trk-000059 | support=[1996, 2917, 3839, 7911] | 8.28s
[006/877] TYPE_VEHICLE    217d94b9231ed401 s3trk-000049 | support=[920, 1322, 1667, 3070] | 8.09s
[007/877] TYPE_VEHICLE    217d94b9231ed401 s3trk-000039 | support=[1757, 2177, 2639, 4177] | 8.22s
[008/877] TYPE_CYCLIST    217d94b9231ed401 s3trk-000013 | support=[570, 694, 899, 1994] | 7.16s
[009/877] TYPE_CYCLIST    217d94b9231ed401 s3trk-000008 | support=[1397, 1984, 2385, 4964] | 8.26s
[010/877] TYPE_CYCLIST    6ccad5b8230fdfaf s3trk-000025 | support=[617, 743, 894, 1507] | 8.07s
[011/877] TYPE_VEHICLE    6ccad5b8230fdfaf s3trk-000001 | support=[1828, 2497, 3173, 5869] | 8.30s
[012/877] TYPE_VEHICLE    6ccad5b8230fdfaf s3trk-000026 | support=[3981, 5349, 7128, 12520] | 8.49s
[013/877] TYPE_VEHICLE    6ccad5b8230fdfaf s3trk-000008 | support=[2256, 3318, 4491, 9946] | 8.30s
[014/877] TYPE_VEHICLE    6ccad5b8230fdfaf s3trk-000013 | support=[1597, 2245, 2733, 5073] | 8.12s
[015/877] TYPE_PEDESTRIAN 78249f8856cb2c57 s3trk-000022 | support=[258, 318, 367, 705] | 8.04s
[016/877] TYPE_VEHICLE    78249f8856cb2c57 s3trk-000057 | support=[8175, 11048, 14104, 22361] | 8.60s
[017/877] TYPE_VEHICLE    78249f8856cb2c57 s3trk-000049 | support=[5322, 6243, 7373, 11021] | 9.31s
[018/877] TYPE_VEHICLE    78249f8856cb2c57 s3trk-000017 | support=[1548, 2062, 2546, 4800] | 8.37s
[019/877] TYPE_VEHICLE    78249f8856cb2c57 s3trk-000054 | support=[2365, 3894, 5546, 11037] | 8.40s
[020/877] TYPE_VEHICLE    78249f8856cb2c57 s3trk-000036 | support=[2618, 3528, 4271, 7450] | 8.74s
[021/877] TYPE_CYCLIST    78249f8856cb2c57 s3trk-000010 | support=[280, 492, 695, 1648] | 8.20s
[022/877] TYPE_VEHICLE    63e96200cbac4d62 s3trk-000027 | support=[1070, 1266, 1498, 2572] | 8.41s
[023/877] TYPE_VEHICLE    63e96200cbac4d62 s3trk-000018 | support=[1250, 1482, 1751, 2897] | 8.40s
[024/877] TYPE_PEDESTRIAN 63e96200cbac4d62 s3trk-000038 | support=[836, 1073, 1260, 2279] | 8.16s
[025/877] TYPE_PEDESTRIAN 63e96200cbac4d62 s3trk-000028 | support=[537, 760, 949, 1885] | 8.11s
[026/877] TYPE_PEDESTRIAN 63e96200cbac4d62 s3trk-000004 | support=[467, 676, 929, 1981] | 8.01s
[027/877] TYPE_CYCLIST    63e96200cbac4d62 s3trk-000012 | support=[204, 254, 295, 575] | 8.00s
[028/877] TYPE_CYCLIST    63e96200cbac4d62 s3trk-000026 | support=[785, 1119, 1529, 3425] | 8.04s
[029/877] TYPE_CYCLIST    d6a50bc55ce5f19e s3trk-000011 | support=[2507, 3448, 4286, 7787] | 8.01s
[030/877] TYPE_VEHICLE    d6a50bc55ce5f19e s3trk-000037 | support=[13623, 15927, 17795, 22832] | 7.87s
[031/877] TYPE_VEHICLE    d6a50bc55ce5f19e s3trk-000057 | support=[2216, 3451, 4869, 10738] | 8.21s
[032/877] TYPE_VEHICLE    d6a50bc55ce5f19e s3trk-000033 | support=[5560, 7789, 9388, 16847] | 8.28s
[033/877] TYPE_VEHICLE    d6a50bc55ce5f19e s3trk-000050 | support=[990, 1297, 1595, 3124] | 8.24s
[034/877] TYPE_VEHICLE    d6a50bc55ce5f19e s3trk-000006 | support=[2160, 3083, 4021, 8405] | 8.19s
[035/877] TYPE_VEHICLE    d6a50bc55ce5f19e s3trk-000008 | support=[1675, 1892, 2062, 2916] | 8.23s
[036/877] TYPE_VEHICLE    d6a50bc55ce5f19e s3trk-000042 | support=[1554, 1870, 2011, 3121] | 8.15s
[037/877] TYPE_VEHICLE    d6a50bc55ce5f19e s3trk-000007 | support=[1417, 1701, 1853, 2830] | 8.12s
[038/877] TYPE_VEHICLE    d6a50bc55ce5f19e s3trk-000024 | support=[1640, 1845, 2016, 2817] | 8.32s
[039/877] TYPE_VEHICLE    d6a50bc55ce5f19e s3trk-000020 | support=[718, 841, 1008, 1686] | 8.08s
[040/877] TYPE_PEDESTRIAN d6a50bc55ce5f19e s3trk-000015 | support=[1424, 2115, 2740, 4753] | 7.94s
[041/877] TYPE_PEDESTRIAN d6a50bc55ce5f19e s3trk-000019 | support=[652, 1048, 1460, 3209] | 7.98s
[042/877] TYPE_CYCLIST    418c1e982b7921eb s3trk-000026 | support=[581, 700, 816, 1357] | 8.03s
[043/877] TYPE_VEHICLE    418c1e982b7921eb s3trk-000040 | support=[5355, 6007, 6873, 9618] | 9.32s
[044/877] TYPE_VEHICLE    418c1e982b7921eb s3trk-000015 | support=[2077, 2524, 3267, 6217] | 8.62s
[045/877] TYPE_VEHICLE    418c1e982b7921eb s3trk-000084 | support=[2515, 3165, 3618, 6184] | 8.71s
[046/877] TYPE_VEHICLE    418c1e982b7921eb s3trk-000077 | support=[3965, 5631, 7734, 16979] | 8.45s
[047/877] TYPE_VEHICLE    418c1e982b7921eb s3trk-000010 | support=[1436, 1696, 1829, 2862] | 8.15s
[048/877] TYPE_VEHICLE    418c1e982b7921eb s3trk-000093 | support=[2116, 3046, 4106, 7881] | 8.18s
[049/877] TYPE_VEHICLE    418c1e982b7921eb s3trk-000032 | support=[3132, 4544, 6045, 11352] | 8.44s
[050/877] TYPE_VEHICLE    418c1e982b7921eb s3trk-000095 | support=[1055, 1220, 1376, 2130] | 8.06s
[051/877] TYPE_PEDESTRIAN 418c1e982b7921eb s3trk-000108 | support=[1499, 2347, 3593, 7571] | 8.03s
[052/877] TYPE_VEHICLE    418c1e982b7921eb s3trk-000063 | support=[1444, 2082, 2824, 6346] | 8.21s
[053/877] TYPE_VEHICLE    418c1e982b7921eb s3trk-000106 | support=[4220, 6969, 10120, 19451] | 8.38s
[054/877] TYPE_VEHICLE    418c1e982b7921eb s3trk-000002 | support=[2626, 3816, 4799, 9082] | 8.27s
[055/877] TYPE_VEHICLE    418c1e982b7921eb s3trk-000111 | support=[2401, 4228, 6309, 14966] | 8.18s
[056/877] TYPE_VEHICLE    e970e71b3969f6a8 s3trk-000026 | support=[11532, 16040, 21143, 29961] | 8.71s
[057/877] TYPE_VEHICLE    e970e71b3969f6a8 s3trk-000049 | support=[23922, 27763, 30521, 38334] | 9.00s
[058/877] TYPE_VEHICLE    e970e71b3969f6a8 s3trk-000038 | support=[1026, 1308, 1623, 2949] | 8.48s
[059/877] TYPE_VEHICLE    e970e71b3969f6a8 s3trk-000016 | support=[1972, 2649, 3332, 6706] | 8.68s
[060/877] TYPE_VEHICLE    e970e71b3969f6a8 s3trk-000024 | support=[1988, 2452, 3001, 5052] | 8.64s
[061/877] TYPE_VEHICLE    e970e71b3969f6a8 s3trk-000014 | support=[3129, 4106, 5409, 10686] | 8.76s
[062/877] TYPE_VEHICLE    e970e71b3969f6a8 s3trk-000004 | support=[2652, 3537, 4369, 7558] | 8.71s
[063/877] TYPE_VEHICLE    e970e71b3969f6a8 s3trk-000048 | support=[639, 840, 1018, 1663] | 8.46s
[064/877] TYPE_VEHICLE    e970e71b3969f6a8 s3trk-000019 | support=[3735, 5581, 7111, 12658] | 8.54s
[065/877] TYPE_VEHICLE    e970e71b3969f6a8 s3trk-000046 | support=[2145, 3270, 4490, 9380] | 8.57s
[066/877] TYPE_VEHICLE    e970e71b3969f6a8 s3trk-000015 | support=[6548, 9377, 11198, 18376] | 8.54s
[067/877] TYPE_VEHICLE    e970e71b3969f6a8 s3trk-000071 | support=[3182, 5634, 8392, 18815] | 8.54s
[068/877] TYPE_VEHICLE    e970e71b3969f6a8 s3trk-000020 | support=[2317, 3583, 4776, 8836] | 8.49s
[069/877] TYPE_VEHICLE    e970e71b3969f6a8 s3trk-000043 | support=[4107, 6622, 9287, 18108] | 8.50s
[070/877] TYPE_VEHICLE    65d6cd8b194260e3 s3trk-000036 | support=[2740, 3364, 4337, 7948] | 8.72s
[071/877] TYPE_VEHICLE    65d6cd8b194260e3 s3trk-000015 | support=[2582, 3470, 4400, 7829] | 8.29s
[072/877] TYPE_VEHICLE    65d6cd8b194260e3 s3trk-000003 | support=[1699, 2365, 2927, 5690] | 8.19s
[073/877] TYPE_VEHICLE    65d6cd8b194260e3 s3trk-000030 | support=[942, 1207, 1425, 2726] | 8.19s
[074/877] TYPE_VEHICLE    65d6cd8b194260e3 s3trk-000017 | support=[1920, 2643, 3402, 6603] | 8.26s
[075/877] TYPE_CYCLIST    65d6cd8b194260e3 s3trk-000014 | support=[589, 957, 1362, 3207] | 8.01s
[076/877] TYPE_VEHICLE    65d6cd8b194260e3 s3trk-000022 | support=[2158, 2823, 3470, 6707] | 8.15s
[077/877] TYPE_VEHICLE    65d6cd8b194260e3 s3trk-000041 | support=[1062, 1474, 1814, 3777] | 8.12s
[078/877] TYPE_PEDESTRIAN 65d6cd8b194260e3 s3trk-000046 | support=[909, 1388, 2020, 5312] | 8.02s
[079/877] TYPE_PEDESTRIAN 65d6cd8b194260e3 s3trk-000025 | support=[600, 775, 922, 1653] | 7.98s
[080/877] TYPE_VEHICLE    6daa131b25b411e1 s3trk-000007 | support=[2521, 3117, 3915, 7445] | 8.59s
[081/877] TYPE_VEHICLE    6daa131b25b411e1 s3trk-000045 | support=[3579, 5350, 7938, 17008] | 8.62s
[082/877] TYPE_VEHICLE    6daa131b25b411e1 s3trk-000039 | support=[946, 1374, 1850, 3856] | 8.16s
[083/877] TYPE_VEHICLE    6daa131b25b411e1 s3trk-000035 | support=[1232, 1867, 2454, 4605] | 8.12s
[084/877] TYPE_VEHICLE    6daa131b25b411e1 s3trk-000049 | support=[1104, 1446, 1679, 2774] | 8.15s
[085/877] TYPE_VEHICLE    6daa131b25b411e1 s3trk-000052 | support=[2228, 3595, 4835, 9523] | 8.19s
[086/877] TYPE_VEHICLE    6daa131b25b411e1 s3trk-000004 | support=[1398, 1811, 2401, 4112] | 8.41s
[087/877] TYPE_VEHICLE    6daa131b25b411e1 s3trk-000010 | support=[2296, 3973, 4939, 7544] | 8.90s
[088/877] TYPE_CYCLIST    6daa131b25b411e1 s3trk-000019 | support=[567, 684, 779, 1309] | 8.34s
[089/877] TYPE_VEHICLE    87ed599ac076981a s3trk-000047 | support=[1910, 2180, 2472, 3729] | 8.80s
[090/877] TYPE_VEHICLE    87ed599ac076981a s3trk-000011 | support=[6682, 8829, 10312, 15531] | 9.37s
[091/877] TYPE_VEHICLE    87ed599ac076981a s3trk-000010 | support=[5808, 7615, 9217, 15248] | 9.13s
[092/877] TYPE_VEHICLE    87ed599ac076981a s3trk-000048 | support=[4423, 5423, 6612, 11469] | 8.96s
[093/877] TYPE_VEHICLE    87ed599ac076981a s3trk-000055 | support=[2695, 3763, 4810, 9434] | 8.57s
[094/877] TYPE_VEHICLE    87ed599ac076981a s3trk-000033 | support=[6905, 10662, 14574, 27664] | 8.45s
[095/877] TYPE_VEHICLE    87ed599ac076981a s3trk-000077 | support=[1455, 2014, 2533, 5105] | 8.41s
[096/877] TYPE_VEHICLE    87ed599ac076981a s3trk-000006 | support=[2123, 2466, 2988, 4897] | 8.64s
[097/877] TYPE_VEHICLE    87ed599ac076981a s3trk-000035 | support=[994, 1331, 1690, 3564] | 8.17s
[098/877] TYPE_VEHICLE    87ed599ac076981a s3trk-000083 | support=[1550, 1912, 2071, 3079] | 7.97s
[099/877] TYPE_CYCLIST    87ed599ac076981a s3trk-000045 | support=[1383, 1707, 1892, 2903] | 7.90s
[100/877] TYPE_CYCLIST    b6d332d8e9bc222c s3trk-000015 | support=[831, 912, 968, 1420] | 7.92s
[101/877] TYPE_VEHICLE    b6d332d8e9bc222c s3trk-000001 | support=[1323, 1644, 2078, 4109] | 8.24s
[102/877] TYPE_VEHICLE    b6d332d8e9bc222c s3trk-000004 | support=[1408, 1780, 2135, 2836] | 7.96s
[103/877] TYPE_VEHICLE    b6d332d8e9bc222c s3trk-000022 | support=[1573, 2594, 3799, 9153] | 8.05s
[104/877] TYPE_VEHICLE    4c4f377a1c147f8e s3trk-000008 | support=[9035, 15546, 23256, 42867] | 8.39s
[105/877] TYPE_VEHICLE    4c4f377a1c147f8e s3trk-000041 | support=[2150, 3496, 4866, 10208] | 8.10s
[106/877] TYPE_VEHICLE    4c4f377a1c147f8e s3trk-000029 | support=[2413, 3974, 5697, 11304] | 8.09s
[107/877] TYPE_VEHICLE    4c4f377a1c147f8e s3trk-000022 | support=[887, 1138, 1428, 2359] | 8.13s
[108/877] TYPE_VEHICLE    4c4f377a1c147f8e s3trk-000036 | support=[2013, 3300, 4674, 9606] | 8.09s
[109/877] TYPE_CYCLIST    4c4f377a1c147f8e s3trk-000030 | support=[549, 745, 963, 1742] | 7.87s
[110/877] TYPE_CYCLIST    4c4f377a1c147f8e s3trk-000010 | support=[502, 695, 843, 1607] | 7.98s
[111/877] TYPE_CYCLIST    3efb1c80ff9f199d s3trk-000019 | support=[323, 435, 510, 1067] | 7.96s
[112/877] TYPE_CYCLIST    c490bf21464a12e9 s3trk-000022 | support=[1690, 2654, 3477, 6613] | 7.95s
[113/877] TYPE_VEHICLE    c490bf21464a12e9 s3trk-000000 | support=[1017, 1535, 1901, 3268] | 8.12s
[114/877] TYPE_VEHICLE    c490bf21464a12e9 s3trk-000019 | support=[1954, 3259, 4795, 11277] | 8.05s
[115/877] TYPE_PEDESTRIAN 94fc609eb2e9d4bf s3trk-000014 | support=[589, 758, 954, 1868] | 7.92s
[116/877] TYPE_PEDESTRIAN 94fc609eb2e9d4bf s3trk-000023 | support=[398, 519, 652, 1408] | 7.97s
[117/877] TYPE_CYCLIST    94fc609eb2e9d4bf s3trk-000035 | support=[461, 851, 1220, 2812] | 7.96s
[118/877] TYPE_VEHICLE    94fc609eb2e9d4bf s3trk-000022 | support=[1821, 2078, 2519, 4335] | 8.48s
[119/877] TYPE_VEHICLE    78edfc551a37bffd s3trk-000063 | support=[5303, 7486, 9291, 16121] | 8.59s
[120/877] TYPE_VEHICLE    78edfc551a37bffd s3trk-000057 | support=[921, 1356, 1852, 3899] | 8.11s
[121/877] TYPE_VEHICLE    78edfc551a37bffd s3trk-000020 | support=[2225, 3392, 4098, 7017] | 8.07s
[122/877] TYPE_VEHICLE    78edfc551a37bffd s3trk-000011 | support=[1892, 2383, 3026, 4825] | 8.37s
[123/877] TYPE_VEHICLE    78edfc551a37bffd s3trk-000045 | support=[870, 1225, 1489, 2530] | 8.13s
[124/877] TYPE_VEHICLE    78edfc551a37bffd s3trk-000074 | support=[3476, 4556, 5620, 9622] | 8.51s
[125/877] TYPE_VEHICLE    78edfc551a37bffd s3trk-000007 | support=[2130, 2391, 2663, 4094] | 8.59s
[126/877] TYPE_VEHICLE    78edfc551a37bffd s3trk-000050 | support=[1145, 1448, 1592, 2842] | 8.07s
[127/877] TYPE_VEHICLE    78edfc551a37bffd s3trk-000019 | support=[1230, 1269, 1341, 1228] | 7.44s
[128/877] TYPE_VEHICLE    78edfc551a37bffd s3trk-000024 | support=[920, 1146, 1367, 2531] | 8.15s
[129/877] TYPE_VEHICLE    78edfc551a37bffd s3trk-000070 | support=[2216, 3220, 3966, 7244] | 8.10s
[130/877] TYPE_VEHICLE    78edfc551a37bffd s3trk-000064 | support=[1050, 1325, 1793, 3029] | 7.65s
[131/877] TYPE_VEHICLE    78edfc551a37bffd s3trk-000039 | support=[1311, 1792, 2331, 4899] | 8.14s
[132/877] TYPE_VEHICLE    78edfc551a37bffd s3trk-000068 | support=[784, 1033, 1227, 2296] | 8.16s
[133/877] TYPE_VEHICLE    30971820b847eb66 s3trk-000047 | support=[9219, 12266, 14787, 23311] | 9.86s
[134/877] TYPE_CYCLIST    30971820b847eb66 s3trk-000045 | support=[291, 360, 431, 670] | 7.88s
[135/877] TYPE_VEHICLE    c78d67433bfd4c8c s3trk-000025 | support=[2000, 2666, 3265, 6210] | 8.32s
[136/877] TYPE_VEHICLE    c78d67433bfd4c8c s3trk-000028 | support=[1461, 2218, 3211, 7738] | 8.44s
[137/877] TYPE_VEHICLE    c78d67433bfd4c8c s3trk-000018 | support=[2254, 3116, 3849, 6738] | 8.31s
[138/877] TYPE_VEHICLE    c78d67433bfd4c8c s3trk-000008 | support=[1575, 2203, 2831, 5153] | 8.19s
[139/877] TYPE_VEHICLE    c78d67433bfd4c8c s3trk-000023 | support=[1269, 1674, 2242, 4302] | 8.17s
[140/877] TYPE_VEHICLE    c78d67433bfd4c8c s3trk-000012 | support=[2383, 2953, 3515, 5831] | 8.47s
[141/877] TYPE_VEHICLE    c78d67433bfd4c8c s3trk-000011 | support=[1219, 1612, 2007, 3738] | 8.27s
[142/877] TYPE_VEHICLE    c78d67433bfd4c8c s3trk-000042 | support=[403, 581, 801, 1971] | 7.96s
[143/877] TYPE_PEDESTRIAN c78d67433bfd4c8c s3trk-000046 | support=[821, 1017, 1102, 1659] | 8.10s
[144/877] TYPE_PEDESTRIAN c78d67433bfd4c8c s3trk-000037 | support=[556, 739, 870, 1521] | 8.14s
[145/877] TYPE_CYCLIST    c78d67433bfd4c8c s3trk-000026 | support=[462, 610, 787, 1697] | 8.24s
[146/877] TYPE_VEHICLE    e697a3e91804731f s3trk-000041 | support=[5678, 6639, 7628, 10980] | 9.57s
[147/877] TYPE_VEHICLE    e697a3e91804731f s3trk-000040 | support=[2272, 2896, 3358, 6096] | 8.81s
[148/877] TYPE_VEHICLE    e697a3e91804731f s3trk-000061 | support=[2327, 3871, 5652, 12010] | 8.23s
[149/877] TYPE_VEHICLE    e697a3e91804731f s3trk-000038 | support=[2757, 3562, 4389, 8714] | 8.78s
[150/877] TYPE_VEHICLE    e697a3e91804731f s3trk-000052 | support=[3901, 6002, 8235, 16497] | 8.45s
[151/877] TYPE_VEHICLE    e697a3e91804731f s3trk-000033 | support=[3982, 5385, 6573, 12736] | 8.49s
[152/877] TYPE_VEHICLE    e697a3e91804731f s3trk-000019 | support=[2103, 3011, 4177, 8395] | 8.30s
[153/877] TYPE_VEHICLE    e697a3e91804731f s3trk-000032 | support=[2070, 2936, 3862, 7290] | 8.25s
[154/877] TYPE_VEHICLE    e697a3e91804731f s3trk-000002 | support=[1286, 1854, 2453, 5477] | 8.35s
[155/877] TYPE_VEHICLE    e697a3e91804731f s3trk-000034 | support=[915, 1209, 1494, 3007] | 8.37s
[156/877] TYPE_VEHICLE    e697a3e91804731f s3trk-000004 | support=[2598, 3800, 4767, 8725] | 8.25s
[157/877] TYPE_VEHICLE    e697a3e91804731f s3trk-000047 | support=[2144, 3408, 4854, 11029] | 8.39s
[158/877] TYPE_VEHICLE    e697a3e91804731f s3trk-000044 | support=[3287, 4925, 6877, 14595] | 8.41s
[159/877] TYPE_CYCLIST    e697a3e91804731f s3trk-000024 | support=[1232, 1781, 2388, 4584] | 8.11s
[160/877] TYPE_VEHICLE    e697a3e91804731f s3trk-000013 | support=[1708, 2096, 2557, 3904] | 8.62s
[161/877] TYPE_VEHICLE    e697a3e91804731f s3trk-000012 | support=[11238, 16394, 21180, 31254] | 8.32s
[162/877] TYPE_VEHICLE    e697a3e91804731f s3trk-000029 | support=[1027, 1381, 1661, 3074] | 8.29s
[163/877] TYPE_VEHICLE    c4abc55d4bca0cb1 s3trk-000018 | support=[2121, 2360, 2724, 3767] | 8.66s
[164/877] TYPE_VEHICLE    c4abc55d4bca0cb1 s3trk-000004 | support=[714, 887, 1018, 1820] | 8.18s
[165/877] TYPE_VEHICLE    c4abc55d4bca0cb1 s3trk-000029 | support=[3289, 4290, 5142, 9037] | 8.54s
[166/877] TYPE_VEHICLE    c4abc55d4bca0cb1 s3trk-000007 | support=[2287, 3252, 4089, 7966] | 8.43s
[167/877] TYPE_VEHICLE    c4abc55d4bca0cb1 s3trk-000038 | support=[530, 697, 804, 1119] | 8.20s
[168/877] TYPE_VEHICLE    c4abc55d4bca0cb1 s3trk-000016 | support=[1100, 1414, 1662, 3108] | 8.32s
[169/877] TYPE_VEHICLE    c4abc55d4bca0cb1 s3trk-000009 | support=[1467, 2023, 2659, 6134] | 8.35s
[170/877] TYPE_VEHICLE    c4abc55d4bca0cb1 s3trk-000050 | support=[980, 1471, 1860, 3966] | 8.06s
[171/877] TYPE_VEHICLE    c4abc55d4bca0cb1 s3trk-000048 | support=[1495, 2097, 2657, 5286] | 8.16s
[172/877] TYPE_VEHICLE    c4abc55d4bca0cb1 s3trk-000033 | support=[957, 1169, 1314, 2333] | 8.15s
[173/877] TYPE_CYCLIST    c4abc55d4bca0cb1 s3trk-000028 | support=[467, 616, 759, 1441] | 8.08s
[174/877] TYPE_CYCLIST    c4abc55d4bca0cb1 s3trk-000053 | support=[648, 1004, 1372, 3023] | 8.05s
[175/877] TYPE_CYCLIST    42f94f9b67c492f9 s3trk-000033 | support=[852, 1344, 1911, 4029] | 8.03s
[176/877] TYPE_VEHICLE    42f94f9b67c492f9 s3trk-000034 | support=[1360, 1940, 2679, 5542] | 8.23s
[177/877] TYPE_VEHICLE    42f94f9b67c492f9 s3trk-000054 | support=[888, 1253, 1831, 3706] | 8.24s
[178/877] TYPE_VEHICLE    42f94f9b67c492f9 s3trk-000069 | support=[1852, 3051, 4531, 10137] | 8.24s
[179/877] TYPE_VEHICLE    42f94f9b67c492f9 s3trk-000045 | support=[1695, 2541, 3519, 6807] | 8.13s
[180/877] TYPE_VEHICLE    42f94f9b67c492f9 s3trk-000062 | support=[2457, 3028, 3580, 6255] | 8.51s
[181/877] TYPE_VEHICLE    42f94f9b67c492f9 s3trk-000074 | support=[2296, 3228, 4356, 8707] | 8.37s
[182/877] TYPE_VEHICLE    42f94f9b67c492f9 s3trk-000029 | support=[1695, 2167, 2667, 4937] | 8.28s
[183/877] TYPE_VEHICLE    42f94f9b67c492f9 s3trk-000043 | support=[2945, 4312, 5851, 12482] | 8.21s
[184/877] TYPE_VEHICLE    42f94f9b67c492f9 s3trk-000014 | support=[7419, 10974, 13915, 24636] | 8.34s
[185/877] TYPE_VEHICLE    42f94f9b67c492f9 s3trk-000071 | support=[2122, 3424, 5084, 12231] | 8.18s
[186/877] TYPE_CYCLIST    1eddd4cef7183af3 s3trk-000011 | support=[856, 1225, 1646, 3811] | 8.12s
[187/877] TYPE_CYCLIST    1eddd4cef7183af3 s3trk-000037 | support=[1894, 3143, 4820, 11838] | 7.98s
[188/877] TYPE_CYCLIST    1eddd4cef7183af3 s3trk-000045 | support=[714, 1068, 1509, 3642] | 7.94s
[189/877] TYPE_CYCLIST    1eddd4cef7183af3 s3trk-000009 | support=[822, 1068, 1370, 3091] | 8.13s
[190/877] TYPE_CYCLIST    1eddd4cef7183af3 s3trk-000029 | support=[189, 301, 411, 1126] | 7.84s
[191/877] TYPE_CYCLIST    100cf1362ccf12b6 s3trk-000014 | support=[845, 1343, 1773, 4204] | 8.25s
[192/877] TYPE_CYCLIST    100cf1362ccf12b6 s3trk-000015 | support=[2072, 2888, 3409, 6615] | 7.92s
[193/877] TYPE_VEHICLE    4f6961c554812aa1 s3trk-000007 | support=[8949, 12291, 15067, 27863] | 8.08s
[194/877] TYPE_VEHICLE    4f6961c554812aa1 s3trk-000026 | support=[2339, 3490, 4914, 11038] | 8.06s
[195/877] TYPE_VEHICLE    4f6961c554812aa1 s3trk-000006 | support=[1513, 2323, 2941, 5669] | 7.92s
[196/877] TYPE_VEHICLE    4f6961c554812aa1 s3trk-000011 | support=[3101, 4786, 6380, 12346] | 7.98s
[197/877] TYPE_VEHICLE    4f6961c554812aa1 s3trk-000018 | support=[1509, 2002, 2442, 4621] | 8.16s
[198/877] TYPE_VEHICLE    4f6961c554812aa1 s3trk-000031 | support=[106, 51, 0, 0] | 6.06s
[199/877] TYPE_VEHICLE    4f6961c554812aa1 s3trk-000028 | support=[1394, 1721, 1906, 2992] | 7.94s
[200/877] TYPE_CYCLIST    4f6961c554812aa1 s3trk-000010 | support=[282, 369, 471, 912] | 7.50s
[201/877] TYPE_PEDESTRIAN 26dfc0c284135c2b s3trk-000021 | support=[15054, 18005, 18544, 23363] | 7.81s
[202/877] TYPE_VEHICLE    26dfc0c284135c2b s3trk-000047 | support=[2949, 3994, 5280, 10588] | 8.31s
[203/877] TYPE_VEHICLE    26dfc0c284135c2b s3trk-000053 | support=[4353, 7091, 10833, 23170] | 8.27s
[204/877] TYPE_VEHICLE    26dfc0c284135c2b s3trk-000056 | support=[1173, 1410, 1606, 2694] | 8.03s
[205/877] TYPE_VEHICLE    26dfc0c284135c2b s3trk-000023 | support=[1911, 2108, 2601, 4840] | 7.85s
[206/877] TYPE_CYCLIST    26dfc0c284135c2b s3trk-000025 | support=[976, 1188, 1464, 2861] | 8.00s
[207/877] TYPE_VEHICLE    26dfc0c284135c2b s3trk-000015 | support=[1272, 1504, 1677, 2654] | 7.99s
[208/877] TYPE_VEHICLE    26dfc0c284135c2b s3trk-000028 | support=[1726, 2372, 3153, 6853] | 8.25s
[209/877] TYPE_VEHICLE    26dfc0c284135c2b s3trk-000018 | support=[1107, 1318, 1368, 1983] | 7.96s
[210/877] TYPE_VEHICLE    26dfc0c284135c2b s3trk-000010 | support=[918, 1219, 1435, 2631] | 7.99s
[211/877] TYPE_VEHICLE    95090c818ae21276 s3trk-000054 | support=[5791, 6972, 8177, 11565] | 9.17s
[212/877] TYPE_VEHICLE    95090c818ae21276 s3trk-000031 | support=[2093, 2550, 2832, 5479] | 8.29s
[213/877] TYPE_VEHICLE    95090c818ae21276 s3trk-000040 | support=[2564, 4106, 5764, 11626] | 8.09s
[214/877] TYPE_VEHICLE    95090c818ae21276 s3trk-000057 | support=[1380, 2072, 2934, 6003] | 8.47s
[215/877] TYPE_VEHICLE    95090c818ae21276 s3trk-000027 | support=[1683, 2467, 3132, 5859] | 8.16s
[216/877] TYPE_VEHICLE    95090c818ae21276 s3trk-000022 | support=[743, 1003, 1231, 2255] | 7.03s
[217/877] TYPE_PEDESTRIAN 95090c818ae21276 s3trk-000003 | support=[608, 821, 973, 1745] | 7.91s
[218/877] TYPE_PEDESTRIAN 95090c818ae21276 s3trk-000039 | support=[147, 178, 205, 432] | 7.79s
[219/877] TYPE_VEHICLE    1fcc11fbaef870af s3trk-000006 | support=[1224, 1564, 1899, 3550] | 8.21s
[220/877] TYPE_VEHICLE    1fcc11fbaef870af s3trk-000002 | support=[1453, 1915, 2370, 4973] | 8.16s
[221/877] TYPE_VEHICLE    1fcc11fbaef870af s3trk-000020 | support=[1154, 1509, 1778, 3314] | 8.12s
[222/877] TYPE_VEHICLE    1fcc11fbaef870af s3trk-000008 | support=[1023, 1273, 1451, 2597] | 8.11s
[223/877] TYPE_VEHICLE    1fcc11fbaef870af s3trk-000033 | support=[1199, 1423, 1599, 2651] | 8.11s
[224/877] TYPE_CYCLIST    1fcc11fbaef870af s3trk-000032 | support=[570, 698, 847, 1430] | 7.91s
[225/877] TYPE_CYCLIST    7257f334476484c9 s3trk-000040 | support=[440, 648, 870, 1864] | 8.03s
[226/877] TYPE_CYCLIST    7257f334476484c9 s3trk-000054 | support=[379, 572, 777, 1859] | 7.98s
[227/877] TYPE_CYCLIST    7257f334476484c9 s3trk-000061 | support=[1015, 1481, 2050, 4071] | 7.93s
[228/877] TYPE_PEDESTRIAN 7257f334476484c9 s3trk-000014 | support=[1143, 1649, 2074, 3886] | 7.90s
[229/877] TYPE_VEHICLE    7257f334476484c9 s3trk-000049 | support=[2800, 3958, 5265, 10528] | 8.41s
[230/877] TYPE_VEHICLE    7257f334476484c9 s3trk-000053 | support=[3559, 4607, 5604, 9182] | 8.25s
[231/877] TYPE_PEDESTRIAN 7257f334476484c9 s3trk-000047 | support=[445, 614, 783, 1503] | 7.95s
[232/877] TYPE_VEHICLE    7257f334476484c9 s3trk-000037 | support=[3413, 4709, 5643, 9744] | 8.23s
[233/877] TYPE_PEDESTRIAN 7257f334476484c9 s3trk-000022 | support=[306, 383, 475, 958] | 8.01s
[234/877] TYPE_PEDESTRIAN 7257f334476484c9 s3trk-000020 | support=[847, 1168, 1439, 2583] | 7.98s
[235/877] TYPE_PEDESTRIAN 7257f334476484c9 s3trk-000013 | support=[332, 420, 536, 1092] | 7.86s
[236/877] TYPE_PEDESTRIAN 7257f334476484c9 s3trk-000044 | support=[554, 656, 807, 1380] | 7.97s
[237/877] TYPE_PEDESTRIAN 7257f334476484c9 s3trk-000023 | support=[254, 364, 497, 1201] | 7.96s
[238/877] TYPE_PEDESTRIAN 7257f334476484c9 s3trk-000018 | support=[306, 426, 554, 1251] | 7.95s
[239/877] TYPE_PEDESTRIAN 7257f334476484c9 s3trk-000035 | support=[513, 650, 766, 1597] | 7.96s
[240/877] TYPE_PEDESTRIAN 7257f334476484c9 s3trk-000034 | support=[553, 694, 839, 1584] | 7.86s
[241/877] TYPE_PEDESTRIAN 7257f334476484c9 s3trk-000024 | support=[1155, 1512, 1813, 2866] | 7.95s
[242/877] TYPE_PEDESTRIAN 7257f334476484c9 s3trk-000066 | support=[569, 821, 1054, 2040] | 8.01s
[243/877] TYPE_VEHICLE    1d879936662232aa s3trk-000007 | support=[1598, 2147, 2511, 4097] | 8.42s
[244/877] TYPE_VEHICLE    1d879936662232aa s3trk-000021 | support=[1258, 1505, 1991, 3251] | 8.26s
[245/877] TYPE_VEHICLE    1d879936662232aa s3trk-000056 | support=[2666, 4226, 6088, 12832] | 8.11s
[246/877] TYPE_VEHICLE    1d879936662232aa s3trk-000015 | support=[1767, 2773, 3807, 7057] | 8.09s
[247/877] TYPE_VEHICLE    1d879936662232aa s3trk-000036 | support=[640, 919, 1230, 2368] | 8.08s
[248/877] TYPE_VEHICLE    1d879936662232aa s3trk-000029 | support=[1008, 1490, 1946, 3759] | 8.15s
[249/877] TYPE_VEHICLE    1d879936662232aa s3trk-000012 | support=[2791, 3965, 4929, 8947] | 8.06s
[250/877] TYPE_PEDESTRIAN 1d879936662232aa s3trk-000020 | support=[623, 761, 882, 1670] | 7.94s
[251/877] TYPE_CYCLIST    1d879936662232aa s3trk-000063 | support=[1252, 2263, 3436, 8192] | 7.79s
[252/877] TYPE_VEHICLE    bfa57d47562271ae s3trk-000002 | support=[1427, 1765, 1976, 3210] | 8.02s
[253/877] TYPE_VEHICLE    bfa57d47562271ae s3trk-000007 | support=[2291, 3045, 3862, 7705] | 8.13s
[254/877] TYPE_VEHICLE    bfa57d47562271ae s3trk-000014 | support=[1272, 1504, 1706, 2777] | 7.84s
[255/877] TYPE_VEHICLE    bfa57d47562271ae s3trk-000016 | support=[1013, 1515, 1982, 4276] | 7.72s
[256/877] TYPE_CYCLIST    bfa57d47562271ae s3trk-000003 | support=[870, 1169, 1495, 3018] | 7.67s
[257/877] TYPE_CYCLIST    b8679dd1d710dc89 s3trk-000037 | support=[605, 974, 1512, 4325] | 7.67s
[258/877] TYPE_VEHICLE    b8679dd1d710dc89 s3trk-000020 | support=[922, 1092, 1377, 2606] | 7.78s
[259/877] TYPE_VEHICLE    b8679dd1d710dc89 s3trk-000028 | support=[3891, 4667, 5489, 8430] | 8.35s
[260/877] TYPE_VEHICLE    b8679dd1d710dc89 s3trk-000051 | support=[5431, 6768, 8594, 14426] | 8.47s
[261/877] TYPE_VEHICLE    b8679dd1d710dc89 s3trk-000015 | support=[847, 1119, 1444, 2729] | 7.67s
[262/877] TYPE_VEHICLE    b8679dd1d710dc89 s3trk-000052 | support=[9641, 12983, 16845, 30945] | 8.93s
[263/877] TYPE_VEHICLE    b8679dd1d710dc89 s3trk-000019 | support=[2335, 3483, 4615, 9267] | 7.71s
[264/877] TYPE_PEDESTRIAN b8679dd1d710dc89 s3trk-000049 | support=[167, 276, 422, 1142] | 6.73s
[265/877] TYPE_PEDESTRIAN b8679dd1d710dc89 s3trk-000012 | support=[327, 453, 584, 1347] | 7.49s
[266/877] TYPE_VEHICLE    9a163c3f9ebe2638 s3trk-000033 | support=[5203, 7953, 11546, 18211] | 8.54s
[267/877] TYPE_VEHICLE    9a163c3f9ebe2638 s3trk-000026 | support=[1207, 991, 794, 1398] | 6.60s
[268/877] TYPE_VEHICLE    9a163c3f9ebe2638 s3trk-000019 | support=[2312, 2836, 3435, 6163] | 8.18s
[269/877] TYPE_VEHICLE    9a163c3f9ebe2638 s3trk-000059 | support=[1512, 2118, 2784, 6165] | 7.83s
[270/877] TYPE_VEHICLE    9a163c3f9ebe2638 s3trk-000067 | support=[2267, 3796, 5373, 11859] | 7.70s
[271/877] TYPE_CYCLIST    9a163c3f9ebe2638 s3trk-000045 | support=[330, 480, 615, 1515] | 7.69s
[272/877] TYPE_VEHICLE    77c49a651a2d544 s3trk-000044 | support=[1871, 2323, 2779, 5204] | 8.15s
[273/877] TYPE_VEHICLE    77c49a651a2d544 s3trk-000015 | support=[1302, 1669, 1927, 3417] | 7.75s
[274/877] TYPE_VEHICLE    77c49a651a2d544 s3trk-000077 | support=[2297, 3348, 4449, 9228] | 7.99s
[275/877] TYPE_CYCLIST    77c49a651a2d544 s3trk-000053 | support=[945, 1428, 1999, 4396] | 7.54s
[276/877] TYPE_VEHICLE    77c49a651a2d544 s3trk-000041 | support=[1339, 1757, 2183, 4198] | 7.86s
[277/877] TYPE_VEHICLE    77c49a651a2d544 s3trk-000016 | support=[1207, 1356, 1459, 1982] | 7.75s
[278/877] TYPE_VEHICLE    77c49a651a2d544 s3trk-000047 | support=[1867, 2344, 2568, 4041] | 7.77s
[279/877] TYPE_VEHICLE    77c49a651a2d544 s3trk-000072 | support=[873, 1189, 1466, 2871] | 7.70s
[280/877] TYPE_VEHICLE    972c0423e1895025 s3trk-000049 | support=[6570, 9305, 12972, 21385] | 8.43s
[281/877] TYPE_VEHICLE    972c0423e1895025 s3trk-000031 | support=[11131, 15377, 20385, 31451] | 7.63s
[282/877] TYPE_VEHICLE    972c0423e1895025 s3trk-000010 | support=[4567, 7586, 10928, 20260] | 7.92s
[283/877] TYPE_VEHICLE    972c0423e1895025 s3trk-000022 | support=[1478, 2000, 2464, 4657] | 7.87s
[284/877] TYPE_VEHICLE    972c0423e1895025 s3trk-000037 | support=[3047, 3983, 5099, 9224] | 8.19s
[285/877] TYPE_CYCLIST    972c0423e1895025 s3trk-000047 | support=[3967, 7159, 10969, 20762] | 7.63s
[286/877] TYPE_VEHICLE    972c0423e1895025 s3trk-000003 | support=[2139, 3243, 4292, 8044] | 7.87s
[287/877] TYPE_VEHICLE    972c0423e1895025 s3trk-000007 | support=[2546, 3547, 4851, 8792] | 7.79s
[288/877] TYPE_VEHICLE    972c0423e1895025 s3trk-000016 | support=[1461, 2323, 3310, 6415] | 6.78s
[289/877] TYPE_VEHICLE    9417fbd3c38ba139 s3trk-000052 | support=[2982, 3543, 4206, 7247] | 8.43s
[290/877] TYPE_VEHICLE    9417fbd3c38ba139 s3trk-000026 | support=[4953, 5357, 6094, 8771] | 8.82s
[291/877] TYPE_VEHICLE    9417fbd3c38ba139 s3trk-000059 | support=[12972, 16437, 16117, 22143] | 8.03s
[292/877] TYPE_VEHICLE    9417fbd3c38ba139 s3trk-000030 | support=[520, 644, 824, 2000] | 7.06s
[293/877] TYPE_VEHICLE    9417fbd3c38ba139 s3trk-000048 | support=[2913, 3867, 5207, 9216] | 7.74s
[294/877] TYPE_VEHICLE    9417fbd3c38ba139 s3trk-000073 | support=[724, 1217, 1748, 4050] | 7.16s
[295/877] TYPE_VEHICLE    9417fbd3c38ba139 s3trk-000045 | support=[1751, 2656, 3828, 9204] | 7.95s
[296/877] TYPE_VEHICLE    9417fbd3c38ba139 s3trk-000040 | support=[1534, 3060, 4924, 13042] | 7.97s
[297/877] TYPE_CYCLIST    9417fbd3c38ba139 s3trk-000054 | support=[3409, 5440, 7483, 14419] | 7.65s
[298/877] TYPE_VEHICLE    9417fbd3c38ba139 s3trk-000078 | support=[1315, 2067, 2874, 6807] | 7.75s
[299/877] TYPE_PEDESTRIAN 9417fbd3c38ba139 s3trk-000089 | support=[1638, 3296, 5561, 12660] | 7.49s
[300/877] TYPE_PEDESTRIAN 9417fbd3c38ba139 s3trk-000055 | support=[262, 372, 473, 987] | 7.54s
[301/877] TYPE_PEDESTRIAN fc359b7b231404cc s3trk-000027 | support=[340, 572, 859, 2348] | 7.54s
[302/877] TYPE_PEDESTRIAN fc359b7b231404cc s3trk-000015 | support=[891, 1103, 1208, 1788] | 7.68s
[303/877] TYPE_PEDESTRIAN fc359b7b231404cc s3trk-000012 | support=[658, 846, 959, 1655] | 7.53s
[304/877] TYPE_PEDESTRIAN fc359b7b231404cc s3trk-000054 | support=[438, 593, 707, 1372] | 7.58s
[305/877] TYPE_PEDESTRIAN fc359b7b231404cc s3trk-000016 | support=[405, 562, 651, 1243] | 7.56s
[306/877] TYPE_PEDESTRIAN fc359b7b231404cc s3trk-000029 | support=[294, 460, 675, 1876] | 7.55s
[307/877] TYPE_PEDESTRIAN fc359b7b231404cc s3trk-000031 | support=[421, 773, 1191, 3084] | 7.53s
[308/877] TYPE_VEHICLE    fc359b7b231404cc s3trk-000087 | support=[4877, 8339, 12412, 26500] | 8.28s
[309/877] TYPE_VEHICLE    fc359b7b231404cc s3trk-000061 | support=[1375, 1722, 1985, 3524] | 7.91s
[310/877] TYPE_VEHICLE    fc359b7b231404cc s3trk-000058 | support=[3263, 4479, 5242, 10214] | 8.00s
[311/877] TYPE_PEDESTRIAN fc359b7b231404cc s3trk-000042 | support=[1022, 1181, 1178, 1663] | 7.60s
[312/877] TYPE_CYCLIST    fc359b7b231404cc s3trk-000072 | support=[703, 1050, 1391, 3158] | 7.55s
[313/877] TYPE_PEDESTRIAN fc359b7b231404cc s3trk-000010 | support=[365, 578, 793, 1856] | 7.56s
[314/877] TYPE_PEDESTRIAN fc359b7b231404cc s3trk-000059 | support=[598, 741, 863, 1565] | 7.54s
[315/877] TYPE_CYCLIST    5bf5ced093dfd342 s3trk-000015 | support=[1132, 1980, 2792, 6129] | 7.66s
[316/877] TYPE_CYCLIST    5615a357b42afca7 s3trk-000050 | support=[683, 988, 1361, 2743] | 7.67s
[317/877] TYPE_VEHICLE    5615a357b42afca7 s3trk-000015 | support=[1196, 1590, 1860, 2341] | 7.93s
[318/877] TYPE_VEHICLE    5615a357b42afca7 s3trk-000035 | support=[1232, 1442, 1748, 2610] | 8.01s
[319/877] TYPE_VEHICLE    5615a357b42afca7 s3trk-000029 | support=[1382, 1743, 2073, 4220] | 7.87s
[320/877] TYPE_PEDESTRIAN 5615a357b42afca7 s3trk-000012 | support=[560, 737, 818, 1376] | 7.59s
[321/877] TYPE_PEDESTRIAN 5615a357b42afca7 s3trk-000053 | support=[445, 669, 840, 1870] | 7.56s
[322/877] TYPE_CYCLIST    1b0c763aeef8ba69 s3trk-000007 | support=[769, 1096, 1408, 2770] | 7.64s
[323/877] TYPE_VEHICLE    1b0c763aeef8ba69 s3trk-000002 | support=[3242, 4729, 5457, 8770] | 8.08s
[324/877] TYPE_VEHICLE    1b0c763aeef8ba69 s3trk-000055 | support=[2641, 3072, 3753, 5633] | 8.19s
[325/877] TYPE_VEHICLE    1b0c763aeef8ba69 s3trk-000012 | support=[1648, 2457, 2883, 4486] | 8.08s
[326/877] TYPE_VEHICLE    1b0c763aeef8ba69 s3trk-000044 | support=[1884, 2260, 2550, 4021] | 7.79s
[327/877] TYPE_PEDESTRIAN a6432ee002f8046d s3trk-000025 | support=[702, 965, 1224, 2368] | 7.60s
[328/877] TYPE_PEDESTRIAN a6432ee002f8046d s3trk-000030 | support=[600, 809, 984, 1939] | 7.57s
[329/877] TYPE_PEDESTRIAN a6432ee002f8046d s3trk-000012 | support=[551, 792, 1005, 2073] | 7.57s
[330/877] TYPE_PEDESTRIAN a6432ee002f8046d s3trk-000008 | support=[932, 1310, 1595, 3035] | 7.54s
[331/877] TYPE_PEDESTRIAN a6432ee002f8046d s3trk-000021 | support=[495, 639, 759, 1440] | 7.56s
[332/877] TYPE_PEDESTRIAN a6432ee002f8046d s3trk-000062 | support=[353, 492, 603, 1302] | 7.56s
[333/877] TYPE_PEDESTRIAN a6432ee002f8046d s3trk-000019 | support=[368, 523, 656, 1478] | 7.64s
[334/877] TYPE_PEDESTRIAN a6432ee002f8046d s3trk-000005 | support=[532, 725, 873, 1602] | 7.57s
[335/877] TYPE_VEHICLE    a6432ee002f8046d s3trk-000003 | support=[15217, 16121, 16454, 20230] | 8.65s
[336/877] TYPE_VEHICLE    a6432ee002f8046d s3trk-000071 | support=[4560, 5612, 6455, 10765] | 8.45s
[337/877] TYPE_VEHICLE    a6432ee002f8046d s3trk-000023 | support=[1496, 1667, 1980, 3329] | 8.01s
[338/877] TYPE_VEHICLE    a6432ee002f8046d s3trk-000078 | support=[2792, 4124, 5414, 10979] | 7.89s
[339/877] TYPE_VEHICLE    a6432ee002f8046d s3trk-000007 | support=[1377, 1704, 1932, 3393] | 7.77s
[340/877] TYPE_VEHICLE    a6432ee002f8046d s3trk-000042 | support=[1247, 1622, 1880, 2944] | 7.87s
[341/877] TYPE_VEHICLE    a6432ee002f8046d s3trk-000059 | support=[1620, 1965, 2082, 3331] | 7.86s
[342/877] TYPE_VEHICLE    a6432ee002f8046d s3trk-000061 | support=[126, 181, 212, 495] | 6.08s
[343/877] TYPE_VEHICLE    a6432ee002f8046d s3trk-000036 | support=[5352, 7005, 7923, 13610] | 7.95s
[344/877] TYPE_VEHICLE    a6432ee002f8046d s3trk-000086 | support=[1153, 1873, 2701, 6103] | 7.62s
[345/877] TYPE_VEHICLE    a6432ee002f8046d s3trk-000040 | support=[2274, 3271, 4175, 7488] | 7.73s
[346/877] TYPE_VEHICLE    a6432ee002f8046d s3trk-000014 | support=[543, 718, 870, 1831] | 7.47s
[347/877] TYPE_VEHICLE    a6432ee002f8046d s3trk-000084 | support=[2384, 3601, 4738, 9870] | 7.84s
[348/877] TYPE_VEHICLE    a6432ee002f8046d s3trk-000044 | support=[820, 1135, 1497, 3399] | 7.72s
[349/877] TYPE_VEHICLE    96a1481dc541512 s3trk-000005 | support=[2554, 3662, 4933, 10365] | 8.52s
[350/877] TYPE_VEHICLE    96a1481dc541512 s3trk-000022 | support=[1331, 1585, 1763, 2861] | 7.88s
[351/877] TYPE_VEHICLE    96a1481dc541512 s3trk-000006 | support=[1195, 1455, 1616, 2638] | 7.77s
[352/877] TYPE_VEHICLE    96a1481dc541512 s3trk-000018 | support=[1910, 2355, 2710, 4578] | 7.98s
[353/877] TYPE_VEHICLE    96a1481dc541512 s3trk-000010 | support=[1597, 1899, 2073, 3141] | 7.76s
[354/877] TYPE_VEHICLE    96a1481dc541512 s3trk-000025 | support=[1277, 1630, 1875, 3457] | 7.69s
[355/877] TYPE_PEDESTRIAN 96a1481dc541512 s3trk-000016 | support=[501, 626, 789, 1610] | 7.64s
[356/877] TYPE_VEHICLE    664363d04fabb36a s3trk-000048 | support=[9948, 16622, 24156, 36320] | 8.22s
[357/877] TYPE_VEHICLE    664363d04fabb36a s3trk-000004 | support=[1580, 2281, 2987, 6274] | 7.74s
[358/877] TYPE_PEDESTRIAN 664363d04fabb36a s3trk-000031 | support=[409, 510, 566, 1036] | 7.61s
[359/877] TYPE_PEDESTRIAN 664363d04fabb36a s3trk-000027 | support=[270, 408, 534, 1258] | 7.53s
[360/877] TYPE_PEDESTRIAN 664363d04fabb36a s3trk-000028 | support=[380, 583, 785, 1767] | 7.64s
[361/877] TYPE_VEHICLE    941d04605eef0369 s3trk-000053 | support=[3924, 4629, 5269, 8286] | 8.32s
[362/877] TYPE_VEHICLE    941d04605eef0369 s3trk-000050 | support=[8462, 9625, 10711, 14196] | 8.66s
[363/877] TYPE_VEHICLE    941d04605eef0369 s3trk-000044 | support=[2668, 2817, 3067, 4676] | 8.19s
[364/877] TYPE_VEHICLE    941d04605eef0369 s3trk-000064 | support=[6143, 7145, 7064, 9364] | 8.34s
[365/877] TYPE_VEHICLE    941d04605eef0369 s3trk-000019 | support=[4431, 5181, 5756, 8691] | 8.29s
[366/877] TYPE_VEHICLE    941d04605eef0369 s3trk-000062 | support=[1330, 1573, 1737, 2835] | 7.82s
[367/877] TYPE_VEHICLE    941d04605eef0369 s3trk-000065 | support=[3889, 4664, 5272, 8597] | 8.36s
[368/877] TYPE_VEHICLE    941d04605eef0369 s3trk-000077 | support=[2567, 2976, 3438, 5799] | 8.35s
[369/877] TYPE_VEHICLE    941d04605eef0369 s3trk-000017 | support=[2929, 3223, 3521, 4796] | 8.33s
[370/877] TYPE_VEHICLE    941d04605eef0369 s3trk-000025 | support=[2005, 2257, 2434, 3542] | 8.10s
[371/877] TYPE_VEHICLE    941d04605eef0369 s3trk-000069 | support=[755, 828, 839, 1161] | 7.79s
[372/877] TYPE_VEHICLE    941d04605eef0369 s3trk-000063 | support=[1825, 2022, 2090, 2950] | 7.86s
[373/877] TYPE_VEHICLE    941d04605eef0369 s3trk-000009 | support=[1491, 1741, 1789, 2475] | 7.83s
[374/877] TYPE_PEDESTRIAN 97bc53b662ba6242 s3trk-000042 | support=[594, 767, 943, 1874] | 7.80s
[375/877] TYPE_PEDESTRIAN 97bc53b662ba6242 s3trk-000021 | support=[254, 345, 437, 955] | 7.74s
[376/877] TYPE_PEDESTRIAN 97bc53b662ba6242 s3trk-000038 | support=[265, 355, 435, 950] | 7.65s
[377/877] TYPE_PEDESTRIAN 97bc53b662ba6242 s3trk-000023 | support=[312, 376, 522, 1026] | 7.62s
[378/877] TYPE_VEHICLE    97bc53b662ba6242 s3trk-000025 | support=[517, 642, 828, 1764] | 7.23s
[379/877] TYPE_VEHICLE    7dd29b1a494b86d s3trk-000023 | support=[11701, 18483, 26154, 44294] | 7.81s
[380/877] TYPE_VEHICLE    7dd29b1a494b86d s3trk-000065 | support=[2802, 5149, 8046, 19840] | 7.71s
[381/877] TYPE_VEHICLE    7dd29b1a494b86d s3trk-000030 | support=[1492, 2135, 2802, 6121] | 7.80s
[382/877] TYPE_VEHICLE    7dd29b1a494b86d s3trk-000062 | support=[2039, 3269, 4639, 9626] | 7.93s
[383/877] TYPE_PEDESTRIAN 7dd29b1a494b86d s3trk-000055 | support=[1429, 2188, 2799, 5643] | 7.74s
[384/877] TYPE_VEHICLE    ad9fba22e5ceeffc s3trk-000008 | support=[4708, 5082, 5521, 7615] | 8.09s
[385/877] TYPE_VEHICLE    ad9fba22e5ceeffc s3trk-000052 | support=[1135, 1347, 1611, 3063] | 7.77s
[386/877] TYPE_VEHICLE    ad9fba22e5ceeffc s3trk-000034 | support=[7744, 9586, 11823, 15938] | 8.93s
[387/877] TYPE_VEHICLE    ad9fba22e5ceeffc s3trk-000025 | support=[12876, 17913, 20607, 35142] | 8.13s
[388/877] TYPE_VEHICLE    ad9fba22e5ceeffc s3trk-000066 | support=[2944, 4339, 5648, 10938] | 8.02s
[389/877] TYPE_VEHICLE    ad9fba22e5ceeffc s3trk-000061 | support=[2103, 3115, 3910, 7019] | 8.00s
[390/877] TYPE_VEHICLE    ad9fba22e5ceeffc s3trk-000024 | support=[876, 1103, 1204, 2006] | 7.70s
[391/877] TYPE_VEHICLE    ad9fba22e5ceeffc s3trk-000071 | support=[2748, 3678, 4612, 8703] | 8.10s
[392/877] TYPE_VEHICLE    ad9fba22e5ceeffc s3trk-000015 | support=[2347, 2813, 3281, 5689] | 8.33s
[393/877] TYPE_VEHICLE    ad9fba22e5ceeffc s3trk-000049 | support=[561, 667, 766, 1286] | 7.74s
[394/877] TYPE_VEHICLE    ad9fba22e5ceeffc s3trk-000050 | support=[1270, 1560, 1704, 2725] | 7.83s
[395/877] TYPE_VEHICLE    ad9fba22e5ceeffc s3trk-000033 | support=[568, 670, 709, 1084] | 7.74s
[396/877] TYPE_VEHICLE    ad9fba22e5ceeffc s3trk-000009 | support=[1071, 1229, 1394, 2249] | 7.87s
[397/877] TYPE_PEDESTRIAN ad9fba22e5ceeffc s3trk-000032 | support=[981, 1256, 1517, 2880] | 7.66s
[398/877] TYPE_PEDESTRIAN c29548d27dbc1820 s3trk-000086 | support=[1555, 2153, 2596, 5478] | 7.68s
[399/877] TYPE_PEDESTRIAN c29548d27dbc1820 s3trk-000085 | support=[2356, 3281, 3817, 7860] | 7.83s
[400/877] TYPE_PEDESTRIAN c29548d27dbc1820 s3trk-000070 | support=[532, 738, 926, 2003] | 7.66s
[401/877] TYPE_PEDESTRIAN c29548d27dbc1820 s3trk-000058 | support=[356, 443, 501, 922] | 7.62s
[402/877] TYPE_PEDESTRIAN c29548d27dbc1820 s3trk-000055 | support=[1191, 1527, 1712, 2472] | 7.66s
[403/877] TYPE_VEHICLE    c29548d27dbc1820 s3trk-000041 | support=[2226, 2644, 3089, 4998] | 8.12s
[404/877] TYPE_VEHICLE    c29548d27dbc1820 s3trk-000017 | support=[3095, 3885, 4393, 6432] | 7.86s
[405/877] TYPE_VEHICLE    c29548d27dbc1820 s3trk-000081 | support=[2386, 3068, 3613, 5762] | 8.00s
[406/877] TYPE_PEDESTRIAN 1d14acf963febc80 s3trk-000017 | support=[4173, 5771, 7494, 11071] | 7.51s
[407/877] TYPE_VEHICLE    1d14acf963febc80 s3trk-000011 | support=[1758, 2015, 2270, 3595] | 7.95s
[408/877] TYPE_VEHICLE    1d14acf963febc80 s3trk-000003 | support=[1695, 1904, 2030, 2594] | 7.71s
[409/877] TYPE_VEHICLE    1d14acf963febc80 s3trk-000000 | support=[1307, 1424, 1589, 2335] | 7.86s
[410/877] TYPE_VEHICLE    1d14acf963febc80 s3trk-000048 | support=[1880, 2039, 2247, 3231] | 8.02s
[411/877] TYPE_VEHICLE    1d14acf963febc80 s3trk-000024 | support=[5754, 5984, 6019, 7625] | 7.76s
[412/877] TYPE_VEHICLE    91b9bd56c1084d03 s3trk-000029 | support=[1308, 1463, 1494, 2023] | 7.71s
[413/877] TYPE_VEHICLE    91b9bd56c1084d03 s3trk-000023 | support=[8696, 12204, 14753, 23822] | 8.09s
[414/877] TYPE_VEHICLE    3577c657003ea5de s3trk-000029 | support=[1152, 1342, 1405, 2119] | 7.64s
[415/877] TYPE_VEHICLE    3577c657003ea5de s3trk-000015 | support=[1404, 1891, 2319, 4635] | 7.76s
[416/877] TYPE_VEHICLE    3577c657003ea5de s3trk-000050 | support=[1710, 1776, 1808, 2259] | 7.74s
[417/877] TYPE_VEHICLE    3577c657003ea5de s3trk-000008 | support=[1384, 1569, 1686, 2539] | 7.70s
[418/877] TYPE_VEHICLE    3577c657003ea5de s3trk-000045 | support=[1500, 1849, 2085, 3518] | 7.63s
[419/877] TYPE_VEHICLE    3577c657003ea5de s3trk-000055 | support=[2809, 4279, 5854, 11959] | 7.72s
[420/877] TYPE_VEHICLE    3577c657003ea5de s3trk-000051 | support=[3447, 5622, 8067, 16916] | 7.77s
[421/877] TYPE_VEHICLE    3577c657003ea5de s3trk-000019 | support=[3188, 4756, 6441, 13003] | 7.71s
[422/877] TYPE_VEHICLE    3577c657003ea5de s3trk-000063 | support=[188, 252, 293, 547] | 6.34s
[423/877] TYPE_PEDESTRIAN 3577c657003ea5de s3trk-000041 | support=[251, 299, 310, 565] | 7.15s
[424/877] TYPE_VEHICLE    8e890dd54af4ede9 s3trk-000022 | support=[9525, 13908, 17803, 31960] | 7.83s
[425/877] TYPE_VEHICLE    8e890dd54af4ede9 s3trk-000024 | support=[2991, 4045, 4941, 9260] | 8.06s
[426/877] TYPE_VEHICLE    8e890dd54af4ede9 s3trk-000019 | support=[1153, 1664, 2249, 5240] | 7.76s
[427/877] TYPE_VEHICLE    8e890dd54af4ede9 s3trk-000014 | support=[1471, 2208, 2965, 6791] | 7.69s
[428/877] TYPE_VEHICLE    8e890dd54af4ede9 s3trk-000016 | support=[1035, 1601, 2200, 5320] | 7.73s
[429/877] TYPE_PEDESTRIAN 8e890dd54af4ede9 s3trk-000035 | support=[1988, 3482, 5459, 12074] | 7.56s
[430/877] TYPE_PEDESTRIAN 8e890dd54af4ede9 s3trk-000029 | support=[3708, 5601, 7212, 12845] | 7.59s
[431/877] TYPE_VEHICLE    43dd5c65c678aced s3trk-000028 | support=[2171, 2639, 3016, 5085] | 7.94s
[432/877] TYPE_VEHICLE    43dd5c65c678aced s3trk-000007 | support=[1732, 2539, 2786, 3628] | 7.95s
[433/877] TYPE_VEHICLE    43dd5c65c678aced s3trk-000039 | support=[1575, 1896, 2154, 3543] | 7.91s
[434/877] TYPE_VEHICLE    43dd5c65c678aced s3trk-000061 | support=[1637, 1955, 2250, 3738] | 7.95s
[435/877] TYPE_VEHICLE    43dd5c65c678aced s3trk-000029 | support=[2124, 2668, 3173, 5729] | 7.90s
[436/877] TYPE_VEHICLE    43dd5c65c678aced s3trk-000066 | support=[1520, 1747, 1850, 2713] | 8.02s
[437/877] TYPE_VEHICLE    43dd5c65c678aced s3trk-000017 | support=[1142, 1463, 1708, 3127] | 7.77s
[438/877] TYPE_VEHICLE    43dd5c65c678aced s3trk-000067 | support=[1062, 1242, 1338, 2272] | 7.78s
[439/877] TYPE_PEDESTRIAN 43dd5c65c678aced s3trk-000020 | support=[420, 566, 678, 1365] | 7.63s
[440/877] TYPE_PEDESTRIAN 36d56590663993da s3trk-000009 | support=[449, 565, 630, 1117] | 7.65s
[441/877] TYPE_PEDESTRIAN 36d56590663993da s3trk-000018 | support=[538, 688, 802, 1377] | 7.59s
[442/877] TYPE_VEHICLE    36d56590663993da s3trk-000093 | support=[2415, 2763, 3133, 4677] | 8.22s
[443/877] TYPE_VEHICLE    36d56590663993da s3trk-000066 | support=[1701, 2048, 2353, 4182] | 8.08s
[444/877] TYPE_VEHICLE    36d56590663993da s3trk-000024 | support=[2225, 2625, 2844, 4127] | 7.98s
[445/877] TYPE_VEHICLE    36d56590663993da s3trk-000055 | support=[491, 547, 590, 935] | 6.94s
[446/877] TYPE_VEHICLE    6fe5e19d4a29c9a7 s3trk-000015 | support=[1913, 2155, 2440, 3733] | 8.05s
[447/877] TYPE_VEHICLE    6fe5e19d4a29c9a7 s3trk-000022 | support=[1554, 1825, 2092, 3406] | 8.11s
[448/877] TYPE_VEHICLE    6fe5e19d4a29c9a7 s3trk-000017 | support=[2523, 3021, 3364, 5379] | 8.16s
[449/877] TYPE_VEHICLE    6fe5e19d4a29c9a7 s3trk-000010 | support=[1694, 2005, 2282, 3843] | 8.21s
[450/877] TYPE_VEHICLE    6fe5e19d4a29c9a7 s3trk-000033 | support=[2908, 3622, 4180, 7230] | 8.24s
[451/877] TYPE_PEDESTRIAN 2cfd77c90dc3f042 s3trk-000057 | support=[1730, 3435, 5745, 12086] | 7.64s
[452/877] TYPE_VEHICLE    2cfd77c90dc3f042 s3trk-000012 | support=[6072, 7087, 8323, 11496] | 9.12s
[453/877] TYPE_VEHICLE    2cfd77c90dc3f042 s3trk-000000 | support=[2933, 3888, 4599, 8920] | 7.61s
[454/877] TYPE_VEHICLE    2cfd77c90dc3f042 s3trk-000029 | support=[2395, 3038, 3551, 6546] | 8.39s
[455/877] TYPE_VEHICLE    2cfd77c90dc3f042 s3trk-000023 | support=[4397, 5833, 7551, 14259] | 8.70s
[456/877] TYPE_VEHICLE    2cfd77c90dc3f042 s3trk-000052 | support=[5456, 8928, 12926, 24631] | 8.35s
[457/877] TYPE_VEHICLE    2cfd77c90dc3f042 s3trk-000048 | support=[1988, 3377, 5202, 12260] | 7.93s
[458/877] TYPE_VEHICLE    2cfd77c90dc3f042 s3trk-000049 | support=[280, 363, 469, 1042] | 6.53s
[459/877] TYPE_VEHICLE    2cfd77c90dc3f042 s3trk-000051 | support=[4909, 8545, 12836, 25823] | 8.01s
[460/877] TYPE_VEHICLE    2cfd77c90dc3f042 s3trk-000020 | support=[2732, 4328, 6300, 14745] | 8.06s
[461/877] TYPE_VEHICLE    2cfd77c90dc3f042 s3trk-000034 | support=[1338, 2031, 2722, 5888] | 7.81s
[462/877] TYPE_VEHICLE    2cfd77c90dc3f042 s3trk-000032 | support=[3907, 5341, 6505, 10972] | 7.92s
[463/877] TYPE_VEHICLE    51061211593a5c3a s3trk-000042 | support=[4935, 5703, 6128, 8313] | 8.08s
[464/877] TYPE_VEHICLE    51061211593a5c3a s3trk-000057 | support=[3293, 4135, 4994, 9166] | 8.57s
[465/877] TYPE_VEHICLE    51061211593a5c3a s3trk-000020 | support=[1753, 2311, 2808, 5009] | 7.81s
[466/877] TYPE_VEHICLE    51061211593a5c3a s3trk-000012 | support=[1327, 1541, 1661, 2714] | 7.83s
[467/877] TYPE_VEHICLE    51061211593a5c3a s3trk-000031 | support=[867, 1438, 2233, 4996] | 6.73s
[468/877] TYPE_VEHICLE    51061211593a5c3a s3trk-000039 | support=[6564, 9340, 12250, 19043] | 7.87s
[469/877] TYPE_VEHICLE    51061211593a5c3a s3trk-000015 | support=[2243, 2888, 3382, 5876] | 7.71s
[470/877] TYPE_PEDESTRIAN a3f66f03ee1159f7 s3trk-000076 | support=[796, 1004, 1067, 2056] | 7.24s
[471/877] TYPE_PEDESTRIAN a3f66f03ee1159f7 s3trk-000071 | support=[1418, 1884, 2221, 3378] | 7.47s
[472/877] TYPE_PEDESTRIAN a3f66f03ee1159f7 s3trk-000034 | support=[676, 878, 1011, 1875] | 7.58s
[473/877] TYPE_PEDESTRIAN a3f66f03ee1159f7 s3trk-000053 | support=[531, 674, 810, 1537] | 7.62s
[474/877] TYPE_PEDESTRIAN a3f66f03ee1159f7 s3trk-000062 | support=[1832, 2157, 2268, 2870] | 7.57s
[475/877] TYPE_PEDESTRIAN a3f66f03ee1159f7 s3trk-000033 | support=[1977, 2331, 2434, 3341] | 7.47s
[476/877] TYPE_VEHICLE    a3f66f03ee1159f7 s3trk-000064 | support=[1799, 2234, 2608, 4604] | 8.02s
[477/877] TYPE_VEHICLE    a3f66f03ee1159f7 s3trk-000012 | support=[480, 542, 603, 943] | 7.60s
[478/877] TYPE_VEHICLE    a3f66f03ee1159f7 s3trk-000052 | support=[1189, 1323, 1434, 2125] | 7.93s
[479/877] TYPE_VEHICLE    a3f66f03ee1159f7 s3trk-000042 | support=[2506, 2881, 2916, 3897] | 7.69s
[480/877] TYPE_VEHICLE    a3f66f03ee1159f7 s3trk-000081 | support=[1731, 1791, 1813, 2204] | 7.66s
[481/877] TYPE_VEHICLE    a3f66f03ee1159f7 s3trk-000084 | support=[1541, 2162, 2706, 5756] | 7.72s
[482/877] TYPE_VEHICLE    a3f66f03ee1159f7 s3trk-000032 | support=[1188, 1399, 1481, 2281] | 7.67s
[483/877] TYPE_VEHICLE    8d720725f5d480f1 s3trk-000027 | support=[2024, 3196, 3858, 6575] | 7.88s
[484/877] TYPE_VEHICLE    8d720725f5d480f1 s3trk-000018 | support=[1837, 2931, 4127, 9500] | 7.77s
[485/877] TYPE_VEHICLE    8d720725f5d480f1 s3trk-000025 | support=[1876, 2837, 3923, 8710] | 7.76s
[486/877] TYPE_VEHICLE    8d720725f5d480f1 s3trk-000029 | support=[1125, 1586, 2077, 4522] | 7.74s
[487/877] TYPE_PEDESTRIAN 8d720725f5d480f1 s3trk-000047 | support=[568, 771, 919, 1661] | 7.53s
[488/877] TYPE_PEDESTRIAN 74ca33b01f8adc34 s3trk-000034 | support=[692, 1192, 1724, 3956] | 7.54s
[489/877] TYPE_VEHICLE    74ca33b01f8adc34 s3trk-000015 | support=[1510, 2096, 2602, 5188] | 7.66s
[490/877] TYPE_VEHICLE    74ca33b01f8adc34 s3trk-000012 | support=[1377, 1826, 2180, 4089] | 7.74s
[491/877] TYPE_VEHICLE    74ca33b01f8adc34 s3trk-000052 | support=[1476, 1698, 1945, 3488] | 7.73s
[492/877] TYPE_VEHICLE    74ca33b01f8adc34 s3trk-000003 | support=[1776, 2457, 3170, 6980] | 7.73s
[493/877] TYPE_VEHICLE    5cd171137f548ee5 s3trk-000002 | support=[6197, 8567, 9765, 15236] | 7.69s
[494/877] TYPE_VEHICLE    5cd171137f548ee5 s3trk-000004 | support=[1613, 2153, 2535, 4538] | 7.68s
[495/877] TYPE_VEHICLE    5cd171137f548ee5 s3trk-000028 | support=[1107, 1377, 1544, 2619] | 7.78s
[496/877] TYPE_VEHICLE    5cd171137f548ee5 s3trk-000008 | support=[1000, 1219, 1373, 2368] | 7.72s
[497/877] TYPE_VEHICLE    5cd171137f548ee5 s3trk-000068 | support=[2499, 3663, 4775, 9921] | 7.72s
[498/877] TYPE_VEHICLE    5cd171137f548ee5 s3trk-000058 | support=[3130, 4679, 5831, 10279] | 7.65s
[499/877] TYPE_VEHICLE    5cd171137f548ee5 s3trk-000069 | support=[1215, 1593, 1930, 3387] | 7.69s
[500/877] TYPE_PEDESTRIAN 5cd171137f548ee5 s3trk-000067 | support=[450, 543, 605, 1010] | 7.50s
[501/877] TYPE_PEDESTRIAN 5cd171137f548ee5 s3trk-000016 | support=[655, 1018, 1503, 3927] | 7.57s
[502/877] TYPE_VEHICLE    5cd171137f548ee5 s3trk-000022 | support=[2208, 2706, 3451, 6570] | 8.15s
[503/877] TYPE_VEHICLE    5cd171137f548ee5 s3trk-000005 | support=[5000, 5663, 6371, 9159] | 8.88s
[504/877] TYPE_VEHICLE    5cd171137f548ee5 s3trk-000035 | support=[2762, 3926, 4721, 8724] | 8.25s
[505/877] TYPE_VEHICLE    5cd171137f548ee5 s3trk-000066 | support=[432, 517, 559, 955] | 6.96s
[506/877] TYPE_PEDESTRIAN 20ef67765531728d s3trk-000023 | support=[345, 434, 468, 902] | 7.57s
[507/877] TYPE_PEDESTRIAN 20ef67765531728d s3trk-000024 | support=[496, 570, 638, 1112] | 7.53s
[508/877] TYPE_VEHICLE    20ef67765531728d s3trk-000009 | support=[1517, 2105, 2809, 5049] | 7.83s
[509/877] TYPE_VEHICLE    20ef67765531728d s3trk-000031 | support=[2246, 3225, 4534, 8013] | 7.49s
[510/877] TYPE_VEHICLE    20ef67765531728d s3trk-000029 | support=[1304, 1545, 1742, 2787] | 7.90s
[511/877] TYPE_VEHICLE    20ef67765531728d s3trk-000027 | support=[6593, 8835, 11906, 21482] | 8.53s
[512/877] TYPE_VEHICLE    20ef67765531728d s3trk-000025 | support=[1402, 1726, 2003, 3299] | 7.78s
[513/877] TYPE_VEHICLE    20ef67765531728d s3trk-000041 | support=[1885, 2953, 3894, 7437] | 7.70s
[514/877] TYPE_VEHICLE    20ef67765531728d s3trk-000014 | support=[1275, 1918, 2501, 5308] | 7.64s
[515/877] TYPE_VEHICLE    20ef67765531728d s3trk-000004 | support=[1137, 1521, 1907, 3647] | 6.77s
[516/877] TYPE_PEDESTRIAN ec189f632b1d6e8e s3trk-000020 | support=[4970, 8271, 12261, 16720] | 7.37s
[517/877] TYPE_PEDESTRIAN ec189f632b1d6e8e s3trk-000003 | support=[315, 469, 649, 1604] | 7.85s
[518/877] TYPE_VEHICLE    ec189f632b1d6e8e s3trk-000044 | support=[8412, 9638, 10541, 13437] | 9.43s
[519/877] TYPE_VEHICLE    ec189f632b1d6e8e s3trk-000061 | support=[3158, 4367, 5907, 11240] | 8.37s
[520/877] TYPE_VEHICLE    ec189f632b1d6e8e s3trk-000024 | support=[1257, 1554, 1756, 2900] | 8.15s
[521/877] TYPE_VEHICLE    ec189f632b1d6e8e s3trk-000056 | support=[1590, 1984, 2314, 3980] | 8.10s
[522/877] TYPE_VEHICLE    ec189f632b1d6e8e s3trk-000036 | support=[1881, 2266, 2512, 4045] | 8.01s
[523/877] TYPE_VEHICLE    ec189f632b1d6e8e s3trk-000026 | support=[2173, 2709, 3078, 4942] | 8.04s
[524/877] TYPE_VEHICLE    ec189f632b1d6e8e s3trk-000019 | support=[1752, 2023, 2129, 2923] | 8.01s
[525/877] TYPE_VEHICLE    ec189f632b1d6e8e s3trk-000028 | support=[1528, 1947, 2151, 3394] | 7.97s
[526/877] TYPE_PEDESTRIAN b5e59eca7dcf8a90 s3trk-000020 | support=[436, 587, 687, 1249] | 7.62s
[527/877] TYPE_VEHICLE    b5e59eca7dcf8a90 s3trk-000003 | support=[2146, 2784, 3203, 5034] | 6.43s
[528/877] TYPE_VEHICLE    b5e59eca7dcf8a90 s3trk-000018 | support=[5664, 7286, 8560, 14090] | 8.18s
[529/877] TYPE_VEHICLE    b5e59eca7dcf8a90 s3trk-000033 | support=[2857, 3750, 4646, 8538] | 8.05s
[530/877] TYPE_VEHICLE    70bbf1819647d8c7 s3trk-000010 | support=[2423, 2817, 3391, 5783] | 8.28s
[531/877] TYPE_VEHICLE    70bbf1819647d8c7 s3trk-000012 | support=[1867, 2634, 2958, 4862] | 8.10s
[532/877] TYPE_VEHICLE    aa5a13fc3f401cb1 s3trk-000008 | support=[1866, 2203, 2606, 4860] | 8.01s
[533/877] TYPE_VEHICLE    aa5a13fc3f401cb1 s3trk-000007 | support=[2085, 2760, 3383, 6351] | 8.00s
[534/877] TYPE_VEHICLE    aa5a13fc3f401cb1 s3trk-000018 | support=[1170, 1424, 1629, 2750] | 7.43s
[535/877] TYPE_VEHICLE    aa5a13fc3f401cb1 s3trk-000009 | support=[1118, 1464, 1767, 3259] | 7.82s
[536/877] TYPE_VEHICLE    22cd37cf6c061bd s3trk-000062 | support=[1154, 1593, 2057, 4445] | 7.82s
[537/877] TYPE_VEHICLE    22cd37cf6c061bd s3trk-000093 | support=[1163, 1475, 1777, 3788] | 7.71s
[538/877] TYPE_VEHICLE    22cd37cf6c061bd s3trk-000099 | support=[2725, 4656, 6784, 15799] | 7.79s
[539/877] TYPE_VEHICLE    22cd37cf6c061bd s3trk-000059 | support=[1024, 1360, 1649, 3293] | 7.76s
[540/877] TYPE_VEHICLE    22cd37cf6c061bd s3trk-000084 | support=[5863, 10098, 15457, 31283] | 8.16s
[541/877] TYPE_VEHICLE    22cd37cf6c061bd s3trk-000100 | support=[5546, 11295, 19354, 39805] | 8.01s
[542/877] TYPE_VEHICLE    22cd37cf6c061bd s3trk-000030 | support=[14627, 18716, 20236, 28937] | 7.78s
[543/877] TYPE_VEHICLE    22cd37cf6c061bd s3trk-000083 | support=[2812, 4527, 6935, 16670] | 7.93s
[544/877] TYPE_VEHICLE    22cd37cf6c061bd s3trk-000025 | support=[2691, 4623, 6855, 13610] | 7.95s
[545/877] TYPE_PEDESTRIAN 22cd37cf6c061bd s3trk-000053 | support=[384, 669, 1038, 2896] | 7.62s
[546/877] TYPE_PEDESTRIAN 1295af2fe5e0331d s3trk-000017 | support=[295, 415, 585, 1408] | 7.55s
[547/877] TYPE_PEDESTRIAN 1295af2fe5e0331d s3trk-000046 | support=[518, 823, 1261, 3491] | 7.52s
[548/877] TYPE_PEDESTRIAN 1295af2fe5e0331d s3trk-000047 | support=[332, 451, 625, 1625] | 7.59s
[549/877] TYPE_PEDESTRIAN 1295af2fe5e0331d s3trk-000008 | support=[320, 366, 410, 806] | 7.59s
[550/877] TYPE_VEHICLE    1295af2fe5e0331d s3trk-000035 | support=[2597, 3523, 4593, 9737] | 8.20s
[551/877] TYPE_VEHICLE    1295af2fe5e0331d s3trk-000000 | support=[3409, 5001, 6817, 15572] | 7.98s
[552/877] TYPE_VEHICLE    1295af2fe5e0331d s3trk-000049 | support=[2495, 3561, 4754, 10977] | 7.97s
[553/877] TYPE_VEHICLE    1295af2fe5e0331d s3trk-000014 | support=[2468, 3057, 3706, 7059] | 8.06s
[554/877] TYPE_VEHICLE    1295af2fe5e0331d s3trk-000043 | support=[1510, 2225, 2920, 6233] | 7.75s
[555/877] TYPE_VEHICLE    1295af2fe5e0331d s3trk-000027 | support=[9357, 11281, 11833, 18799] | 8.15s
[556/877] TYPE_VEHICLE    1295af2fe5e0331d s3trk-000016 | support=[1353, 1845, 2230, 4515] | 7.67s
[557/877] TYPE_VEHICLE    1295af2fe5e0331d s3trk-000037 | support=[2280, 3043, 3771, 6892] | 8.01s
[558/877] TYPE_VEHICLE    1c72de5c85a9dd5f s3trk-000035 | support=[2306, 4196, 7418, 18481] | 7.63s
[559/877] TYPE_VEHICLE    1c72de5c85a9dd5f s3trk-000034 | support=[5042, 8648, 13089, 25495] | 8.18s
[560/877] TYPE_VEHICLE    1c72de5c85a9dd5f s3trk-000004 | support=[8650, 12593, 16076, 27666] | 8.02s
[561/877] TYPE_VEHICLE    1c72de5c85a9dd5f s3trk-000009 | support=[1270, 1769, 2340, 4536] | 7.94s
[562/877] TYPE_VEHICLE    1c72de5c85a9dd5f s3trk-000018 | support=[1203, 1438, 1589, 2465] | 8.03s
[563/877] TYPE_VEHICLE    1c72de5c85a9dd5f s3trk-000002 | support=[1079, 1540, 2003, 4399] | 8.11s
[564/877] TYPE_PEDESTRIAN 1c72de5c85a9dd5f s3trk-000021 | support=[510, 989, 1877, 6149] | 7.85s
[565/877] TYPE_PEDESTRIAN 1c72de5c85a9dd5f s3trk-000030 | support=[838, 1798, 3264, 9346] | 7.85s
[566/877] TYPE_VEHICLE    9b55dd4a2eb55f33 s3trk-000035 | support=[2644, 3420, 4551, 7401] | 8.05s
[567/877] TYPE_VEHICLE    9b55dd4a2eb55f33 s3trk-000026 | support=[1865, 2471, 3142, 5482] | 7.75s
[568/877] TYPE_VEHICLE    9b55dd4a2eb55f33 s3trk-000034 | support=[1783, 2740, 3378, 5451] | 7.75s
[569/877] TYPE_VEHICLE    9b55dd4a2eb55f33 s3trk-000070 | support=[1091, 1341, 1512, 2496] | 7.83s
[570/877] TYPE_VEHICLE    9b55dd4a2eb55f33 s3trk-000027 | support=[1129, 1566, 2092, 3930] | 7.82s
[571/877] TYPE_VEHICLE    9b55dd4a2eb55f33 s3trk-000071 | support=[1714, 2123, 2420, 3844] | 8.05s
[572/877] TYPE_PEDESTRIAN 9b55dd4a2eb55f33 s3trk-000048 | support=[647, 761, 787, 1107] | 7.87s
[573/877] TYPE_VEHICLE    efe6683f082a3633 s3trk-000053 | support=[1696, 2021, 2314, 3776] | 8.16s
[574/877] TYPE_VEHICLE    efe6683f082a3633 s3trk-000095 | support=[2722, 3224, 3699, 5847] | 8.24s
[575/877] TYPE_VEHICLE    efe6683f082a3633 s3trk-000056 | support=[1291, 1591, 1835, 3175] | 8.02s
[576/877] TYPE_VEHICLE    efe6683f082a3633 s3trk-000032 | support=[1749, 2136, 2476, 4253] | 8.00s
[577/877] TYPE_VEHICLE    efe6683f082a3633 s3trk-000090 | support=[1754, 2179, 2613, 4747] | 8.05s
[578/877] TYPE_VEHICLE    efe6683f082a3633 s3trk-000043 | support=[2477, 2871, 3132, 4630] | 7.92s
[579/877] TYPE_VEHICLE    efe6683f082a3633 s3trk-000023 | support=[1583, 2015, 2430, 4570] | 7.93s
[580/877] TYPE_VEHICLE    efe6683f082a3633 s3trk-000037 | support=[1337, 1666, 1894, 3242] | 7.78s
[581/877] TYPE_PEDESTRIAN efe6683f082a3633 s3trk-000008 | support=[789, 1166, 1587, 3752] | 7.59s
[582/877] TYPE_PEDESTRIAN efe6683f082a3633 s3trk-000082 | support=[354, 464, 591, 1243] | 7.62s
[583/877] TYPE_VEHICLE    efe6683f082a3633 s3trk-000077 | support=[929, 1294, 1545, 3004] | 7.41s
[584/877] TYPE_PEDESTRIAN e0dd62ab14c75750 s3trk-000019 | support=[621, 762, 864, 1379] | 7.89s
[585/877] TYPE_VEHICLE    e0dd62ab14c75750 s3trk-000044 | support=[1954, 2178, 2351, 3289] | 8.23s
[586/877] TYPE_VEHICLE    e0dd62ab14c75750 s3trk-000035 | support=[1833, 2019, 2104, 2935] | 8.20s
[587/877] TYPE_VEHICLE    e0dd62ab14c75750 s3trk-000036 | support=[3415, 3994, 4357, 6433] | 8.42s
[588/877] TYPE_VEHICLE    e0dd62ab14c75750 s3trk-000016 | support=[1466, 1686, 1748, 2469] | 8.20s
[589/877] TYPE_VEHICLE    e0dd62ab14c75750 s3trk-000061 | support=[1942, 2275, 2418, 3387] | 7.80s
[590/877] TYPE_VEHICLE    cdb7952aba3bda75 s3trk-000009 | support=[1156, 1291, 1505, 2821] | 8.22s
[591/877] TYPE_VEHICLE    cdb7952aba3bda75 s3trk-000059 | support=[1872, 2659, 3385, 6676] | 7.82s
[592/877] TYPE_VEHICLE    cdb7952aba3bda75 s3trk-000049 | support=[1257, 1643, 2120, 3974] | 7.97s
[593/877] TYPE_VEHICLE    cdb7952aba3bda75 s3trk-000029 | support=[708, 877, 1048, 1973] | 7.67s
[594/877] TYPE_VEHICLE    cdb7952aba3bda75 s3trk-000012 | support=[2431, 3602, 4726, 9129] | 7.73s
[595/877] TYPE_VEHICLE    cdb7952aba3bda75 s3trk-000042 | support=[480, 573, 708, 1314] | 7.58s
[596/877] TYPE_PEDESTRIAN cdb7952aba3bda75 s3trk-000065 | support=[289, 369, 439, 892] | 7.52s
[597/877] TYPE_PEDESTRIAN cdb7952aba3bda75 s3trk-000063 | support=[361, 567, 803, 2092] | 7.74s
[598/877] TYPE_PEDESTRIAN cdb7952aba3bda75 s3trk-000075 | support=[10665, 11775, 13547, 18412] | 7.66s
[599/877] TYPE_VEHICLE    cdb7952aba3bda75 s3trk-000030 | support=[2641, 3405, 4235, 7387] | 8.23s
[600/877] TYPE_VEHICLE    78ddaf2505ba466b s3trk-000052 | support=[5507, 7838, 11158, 16893] | 8.73s
[601/877] TYPE_VEHICLE    78ddaf2505ba466b s3trk-000050 | support=[1035, 1432, 1824, 3772] | 7.75s
[602/877] TYPE_VEHICLE    78ddaf2505ba466b s3trk-000033 | support=[1223, 1337, 1415, 1992] | 8.00s
[603/877] TYPE_VEHICLE    78ddaf2505ba466b s3trk-000039 | support=[1673, 1924, 1988, 2734] | 7.92s
[604/877] TYPE_VEHICLE    78ddaf2505ba466b s3trk-000019 | support=[4791, 7851, 11070, 19466] | 8.42s
[605/877] TYPE_VEHICLE    78ddaf2505ba466b s3trk-000001 | support=[222, 272, 313, 571] | 6.67s
[606/877] TYPE_VEHICLE    78ddaf2505ba466b s3trk-000034 | support=[1313, 1448, 1512, 2139] | 7.86s
[607/877] TYPE_PEDESTRIAN 78ddaf2505ba466b s3trk-000009 | support=[282, 388, 475, 1015] | 7.60s
[608/877] TYPE_PEDESTRIAN fec7326515422b1f s3trk-000030 | support=[182, 237, 314, 787] | 7.70s
[609/877] TYPE_PEDESTRIAN fec7326515422b1f s3trk-000020 | support=[3600, 6051, 8377, 17208] | 7.73s
[610/877] TYPE_VEHICLE    e4496bda8f11b875 s3trk-000036 | support=[1534, 1994, 2366, 4377] | 8.09s
[611/877] TYPE_VEHICLE    e4496bda8f11b875 s3trk-000005 | support=[6732, 8141, 9772, 15678] | 8.64s
[612/877] TYPE_VEHICLE    e4496bda8f11b875 s3trk-000009 | support=[4568, 6288, 7981, 15159] | 8.30s
[613/877] TYPE_VEHICLE    e4496bda8f11b875 s3trk-000052 | support=[2616, 3322, 4340, 7883] | 8.24s
[614/877] TYPE_VEHICLE    e4496bda8f11b875 s3trk-000030 | support=[2397, 2863, 3278, 5580] | 8.39s
[615/877] TYPE_VEHICLE    e4496bda8f11b875 s3trk-000054 | support=[2049, 2401, 2563, 3609] | 7.86s
[616/877] TYPE_VEHICLE    e4496bda8f11b875 s3trk-000015 | support=[1651, 1849, 1886, 2547] | 7.77s
[617/877] TYPE_VEHICLE    e4496bda8f11b875 s3trk-000067 | support=[808, 942, 960, 1380] | 7.79s
[618/877] TYPE_VEHICLE    e4496bda8f11b875 s3trk-000051 | support=[8498, 9259, 10076, 12887] | 8.44s
[619/877] TYPE_PEDESTRIAN 15557e328704e016 s3trk-000003 | support=[317, 449, 596, 1490] | 7.67s
[620/877] TYPE_VEHICLE    15557e328704e016 s3trk-000039 | support=[1372, 1647, 1953, 3316] | 7.85s
[621/877] TYPE_VEHICLE    15557e328704e016 s3trk-000008 | support=[1166, 1470, 1708, 3251] | 7.82s
[622/877] TYPE_VEHICLE    15557e328704e016 s3trk-000044 | support=[1451, 1969, 2414, 4332] | 7.83s
[623/877] TYPE_VEHICLE    15557e328704e016 s3trk-000010 | support=[1046, 1345, 1592, 3069] | 7.88s
[624/877] TYPE_VEHICLE    15557e328704e016 s3trk-000021 | support=[2442, 3387, 4159, 7404] | 7.80s
[625/877] TYPE_VEHICLE    15557e328704e016 s3trk-000001 | support=[3391, 4467, 5291, 8961] | 7.87s
[626/877] TYPE_VEHICLE    3470e259c2ed99f0 s3trk-000010 | support=[1969, 2999, 4050, 6364] | 8.16s
[627/877] TYPE_VEHICLE    3470e259c2ed99f0 s3trk-000017 | support=[1494, 2072, 2561, 4476] | 7.87s
[628/877] TYPE_VEHICLE    3470e259c2ed99f0 s3trk-000015 | support=[1269, 1638, 2114, 3920] | 7.56s
[629/877] TYPE_VEHICLE    3470e259c2ed99f0 s3trk-000009 | support=[2533, 3802, 4947, 9127] | 7.81s
[630/877] TYPE_VEHICLE    ba84a1a387730a63 s3trk-000094 | support=[2365, 2738, 3009, 4475] | 7.96s
[631/877] TYPE_VEHICLE    ba84a1a387730a63 s3trk-000068 | support=[5597, 6150, 6239, 8042] | 8.56s
[632/877] TYPE_VEHICLE    ba84a1a387730a63 s3trk-000061 | support=[866, 990, 1183, 2097] | 7.67s
[633/877] TYPE_VEHICLE    ba84a1a387730a63 s3trk-000027 | support=[7236, 8638, 8806, 11927] | 8.26s
[634/877] TYPE_VEHICLE    ba84a1a387730a63 s3trk-000020 | support=[2001, 2477, 2823, 4908] | 7.96s
[635/877] TYPE_VEHICLE    ba84a1a387730a63 s3trk-000083 | support=[1914, 1984, 2044, 2432] | 8.15s
[636/877] TYPE_VEHICLE    ba84a1a387730a63 s3trk-000043 | support=[1966, 2348, 2587, 4037] | 7.93s
[637/877] TYPE_VEHICLE    ba84a1a387730a63 s3trk-000071 | support=[1505, 1755, 1929, 3104] | 7.83s
[638/877] TYPE_VEHICLE    ba84a1a387730a63 s3trk-000102 | support=[3300, 4045, 4528, 6806] | 8.09s
[639/877] TYPE_VEHICLE    ba84a1a387730a63 s3trk-000058 | support=[1082, 1072, 1077, 1443] | 7.84s
[640/877] TYPE_VEHICLE    ba84a1a387730a63 s3trk-000108 | support=[1864, 2167, 2356, 3454] | 7.92s
[641/877] TYPE_VEHICLE    ba84a1a387730a63 s3trk-000006 | support=[4174, 4826, 4871, 6364] | 7.96s
[642/877] TYPE_VEHICLE    ba84a1a387730a63 s3trk-000055 | support=[1965, 2248, 2375, 3363] | 7.92s
[643/877] TYPE_VEHICLE    ba84a1a387730a63 s3trk-000070 | support=[2480, 2701, 2758, 3930] | 7.96s
[644/877] TYPE_VEHICLE    ba84a1a387730a63 s3trk-000001 | support=[2265, 2756, 3098, 5000] | 7.97s
[645/877] TYPE_VEHICLE    ba84a1a387730a63 s3trk-000064 | support=[2338, 2817, 3067, 4678] | 7.93s
[646/877] TYPE_VEHICLE    c9d6f61d94824305 s3trk-000016 | support=[997, 1163, 1373, 2444] | 7.83s
[647/877] TYPE_VEHICLE    c9d6f61d94824305 s3trk-000053 | support=[1363, 1835, 2271, 4198] | 8.18s
[648/877] TYPE_VEHICLE    c9d6f61d94824305 s3trk-000027 | support=[1357, 1598, 1739, 2890] | 8.03s
[649/877] TYPE_VEHICLE    c9d6f61d94824305 s3trk-000018 | support=[1301, 1514, 1667, 2649] | 7.80s
[650/877] TYPE_VEHICLE    c9d6f61d94824305 s3trk-000056 | support=[845, 925, 1014, 1463] | 7.84s
[651/877] TYPE_PEDESTRIAN c9d6f61d94824305 s3trk-000063 | support=[846, 1154, 1385, 2522] | 7.85s
[652/877] TYPE_VEHICLE    395ff370ecfc2abd s3trk-000013 | support=[1667, 2175, 2642, 5697] | 7.81s
[653/877] TYPE_VEHICLE    395ff370ecfc2abd s3trk-000028 | support=[1276, 1618, 2165, 4236] | 8.12s
[654/877] TYPE_VEHICLE    395ff370ecfc2abd s3trk-000026 | support=[909, 867, 681, 922] | 7.17s
[655/877] TYPE_VEHICLE    395ff370ecfc2abd s3trk-000019 | support=[1034, 1447, 1894, 4343] | 8.08s
[656/877] TYPE_VEHICLE    395ff370ecfc2abd s3trk-000008 | support=[2065, 2804, 3513, 6925] | 7.94s
[657/877] TYPE_VEHICLE    395ff370ecfc2abd s3trk-000006 | support=[1201, 1689, 2159, 4601] | 7.88s
[658/877] TYPE_VEHICLE    395ff370ecfc2abd s3trk-000024 | support=[1190, 1788, 2563, 6490] | 8.29s
[659/877] TYPE_VEHICLE    395ff370ecfc2abd s3trk-000032 | support=[821, 1181, 1561, 3547] | 7.96s
[660/877] TYPE_VEHICLE    9315db40e0b126b8 s3trk-000013 | support=[2723, 3703, 4958, 8827] | 7.43s
[661/877] TYPE_VEHICLE    9315db40e0b126b8 s3trk-000025 | support=[1021, 1349, 1643, 3153] | 8.03s
[662/877] TYPE_VEHICLE    9315db40e0b126b8 s3trk-000029 | support=[1394, 1874, 2492, 4856] | 8.36s
[663/877] TYPE_VEHICLE    9315db40e0b126b8 s3trk-000043 | support=[4624, 6761, 9380, 16208] | 8.82s
[664/877] TYPE_VEHICLE    1d01f68576828447 s3trk-000007 | support=[3636, 4420, 4767, 7584] | 8.31s
[665/877] TYPE_VEHICLE    1d01f68576828447 s3trk-000029 | support=[1463, 1717, 2016, 3277] | 8.35s
[666/877] TYPE_VEHICLE    1d01f68576828447 s3trk-000011 | support=[1086, 1298, 1492, 2454] | 8.27s
[667/877] TYPE_VEHICLE    1d01f68576828447 s3trk-000036 | support=[1406, 1819, 2097, 3532] | 8.19s
[668/877] TYPE_VEHICLE    1d01f68576828447 s3trk-000027 | support=[708, 852, 958, 1549] | 8.03s
[669/877] TYPE_VEHICLE    ea803c5fdc919dcb s3trk-000062 | support=[2318, 3176, 4097, 7019] | 8.25s
[670/877] TYPE_VEHICLE    ea803c5fdc919dcb s3trk-000059 | support=[3623, 5777, 6665, 9917] | 8.26s
[671/877] TYPE_VEHICLE    ea803c5fdc919dcb s3trk-000012 | support=[1062, 1564, 2134, 4174] | 8.11s
[672/877] TYPE_VEHICLE    ea803c5fdc919dcb s3trk-000032 | support=[1328, 1935, 2502, 4756] | 7.90s
[673/877] TYPE_VEHICLE    ea803c5fdc919dcb s3trk-000026 | support=[975, 1333, 1747, 3371] | 7.78s
[674/877] TYPE_VEHICLE    ea803c5fdc919dcb s3trk-000094 | support=[2903, 5306, 8124, 18202] | 8.03s
[675/877] TYPE_VEHICLE    ea803c5fdc919dcb s3trk-000061 | support=[1324, 1701, 2039, 3760] | 8.09s
[676/877] TYPE_VEHICLE    ea803c5fdc919dcb s3trk-000085 | support=[4474, 6602, 8597, 15331] | 8.05s
[677/877] TYPE_VEHICLE    35d41b1ef1460a1a s3trk-000002 | support=[1656, 2484, 3522, 6607] | 7.91s
[678/877] TYPE_VEHICLE    35d41b1ef1460a1a s3trk-000011 | support=[1611, 2433, 3308, 5771] | 8.00s
[679/877] TYPE_VEHICLE    35d41b1ef1460a1a s3trk-000009 | support=[1917, 3270, 4614, 8339] | 7.78s
[680/877] TYPE_VEHICLE    b66168b7cf95bf84 s3trk-000026 | support=[6510, 10582, 15862, 31543] | 8.22s
[681/877] TYPE_VEHICLE    b66168b7cf95bf84 s3trk-000010 | support=[6066, 7160, 8149, 12258] | 9.32s
[682/877] TYPE_VEHICLE    b66168b7cf95bf84 s3trk-000009 | support=[1176, 1684, 2080, 3664] | 7.96s
[683/877] TYPE_VEHICLE    b66168b7cf95bf84 s3trk-000015 | support=[2662, 3573, 4506, 8856] | 8.20s
[684/877] TYPE_VEHICLE    b66168b7cf95bf84 s3trk-000043 | support=[1086, 1587, 2016, 3631] | 7.86s
[685/877] TYPE_VEHICLE    b66168b7cf95bf84 s3trk-000045 | support=[763, 1118, 1377, 2450] | 7.84s
[686/877] TYPE_VEHICLE    b66168b7cf95bf84 s3trk-000007 | support=[1504, 1755, 1862, 2721] | 8.16s
[687/877] TYPE_VEHICLE    b66168b7cf95bf84 s3trk-000020 | support=[1579, 1664, 1731, 2301] | 8.12s
[688/877] TYPE_VEHICLE    b66168b7cf95bf84 s3trk-000016 | support=[1050, 1283, 1423, 2208] | 7.94s
[689/877] TYPE_VEHICLE    b66168b7cf95bf84 s3trk-000034 | support=[1546, 2410, 3132, 6707] | 8.20s
[690/877] TYPE_VEHICLE    b66168b7cf95bf84 s3trk-000017 | support=[3229, 3453, 3471, 4258] | 8.00s
[691/877] TYPE_VEHICLE    e82bc4b58b4c83e8 s3trk-000037 | support=[7625, 11907, 17689, 27324] | 8.49s
[692/877] TYPE_VEHICLE    e82bc4b58b4c83e8 s3trk-000034 | support=[6047, 8622, 10631, 14164] | 9.13s
[693/877] TYPE_VEHICLE    e82bc4b58b4c83e8 s3trk-000036 | support=[2631, 3869, 5404, 11783] | 8.38s
[694/877] TYPE_VEHICLE    e82bc4b58b4c83e8 s3trk-000020 | support=[976, 1280, 1559, 2897] | 7.97s
[695/877] TYPE_VEHICLE    e82bc4b58b4c83e8 s3trk-000014 | support=[1491, 2021, 2579, 5204] | 7.98s
[696/877] TYPE_VEHICLE    e82bc4b58b4c83e8 s3trk-000039 | support=[2603, 4417, 6322, 12807] | 8.02s
[697/877] TYPE_VEHICLE    e82bc4b58b4c83e8 s3trk-000005 | support=[780, 1049, 1295, 2538] | 8.09s
[698/877] TYPE_VEHICLE    b1ea359dde6d8df4 s3trk-000040 | support=[1728, 2061, 2199, 3370] | 8.12s
[699/877] TYPE_VEHICLE    b1ea359dde6d8df4 s3trk-000039 | support=[1606, 2098, 2479, 4599] | 8.06s
[700/877] TYPE_VEHICLE    b1ea359dde6d8df4 s3trk-000027 | support=[768, 953, 1145, 1830] | 8.12s
[701/877] TYPE_VEHICLE    b1ea359dde6d8df4 s3trk-000010 | support=[4168, 4701, 4923, 7038] | 8.79s
[702/877] TYPE_VEHICLE    b1ea359dde6d8df4 s3trk-000012 | support=[4543, 5097, 5519, 7569] | 8.94s
[703/877] TYPE_VEHICLE    b1ea359dde6d8df4 s3trk-000038 | support=[1919, 2282, 2568, 4033] | 8.34s
[704/877] TYPE_VEHICLE    b1ea359dde6d8df4 s3trk-000035 | support=[2185, 3091, 3776, 6754] | 8.19s
[705/877] TYPE_VEHICLE    b1ea359dde6d8df4 s3trk-000032 | support=[2744, 3047, 3125, 3859] | 8.11s
[706/877] TYPE_VEHICLE    86e464cce07317e1 s3trk-000048 | support=[1711, 2205, 2809, 5728] | 8.33s
[707/877] TYPE_VEHICLE    86e464cce07317e1 s3trk-000053 | support=[816, 1079, 1347, 2397] | 7.85s
[708/877] TYPE_VEHICLE    86e464cce07317e1 s3trk-000021 | support=[1782, 2555, 3107, 5855] | 7.62s
[709/877] TYPE_VEHICLE    86e464cce07317e1 s3trk-000045 | support=[2051, 2939, 3910, 8406] | 8.16s
[710/877] TYPE_VEHICLE    86e464cce07317e1 s3trk-000005 | support=[7201, 9622, 11592, 20307] | 7.90s
[711/877] TYPE_VEHICLE    28e0ea7a2ca646d6 s3trk-000048 | support=[3268, 4198, 5299, 9006] | 8.20s
[712/877] TYPE_VEHICLE    28e0ea7a2ca646d6 s3trk-000033 | support=[2788, 3950, 4939, 9262] | 8.12s
[713/877] TYPE_VEHICLE    28e0ea7a2ca646d6 s3trk-000050 | support=[1616, 2275, 2811, 5549] | 8.02s
[714/877] TYPE_VEHICLE    28e0ea7a2ca646d6 s3trk-000080 | support=[4241, 7937, 12588, 25325] | 8.29s
[715/877] TYPE_VEHICLE    28e0ea7a2ca646d6 s3trk-000001 | support=[1987, 3095, 4545, 8394] | 8.28s
[716/877] TYPE_VEHICLE    28e0ea7a2ca646d6 s3trk-000061 | support=[927, 1244, 1559, 3250] | 8.02s
[717/877] TYPE_VEHICLE    28e0ea7a2ca646d6 s3trk-000077 | support=[2621, 4442, 6525, 14930] | 8.05s
[718/877] TYPE_VEHICLE    28e0ea7a2ca646d6 s3trk-000079 | support=[1137, 1407, 1649, 2721] | 7.99s
[719/877] TYPE_VEHICLE    e2327d18c0b1d73d s3trk-000050 | support=[2541, 3495, 4694, 10247] | 8.43s
[720/877] TYPE_VEHICLE    e2327d18c0b1d73d s3trk-000037 | support=[6247, 7142, 8306, 11691] | 9.32s
[721/877] TYPE_VEHICLE    e2327d18c0b1d73d s3trk-000019 | support=[1317, 1725, 2253, 4114] | 8.22s
[722/877] TYPE_VEHICLE    e2327d18c0b1d73d s3trk-000030 | support=[2982, 3774, 4570, 7148] | 8.76s
[723/877] TYPE_VEHICLE    e2327d18c0b1d73d s3trk-000015 | support=[3609, 4874, 6749, 11880] | 7.78s
[724/877] TYPE_VEHICLE    e2327d18c0b1d73d s3trk-000027 | support=[443, 590, 798, 1783] | 6.97s
[725/877] TYPE_VEHICLE    e2327d18c0b1d73d s3trk-000028 | support=[2143, 2660, 3155, 5347] | 8.36s
[726/877] TYPE_VEHICLE    e2327d18c0b1d73d s3trk-000026 | support=[2093, 2873, 3877, 8303] | 8.25s
[727/877] TYPE_VEHICLE    e2327d18c0b1d73d s3trk-000008 | support=[992, 1371, 1731, 3626] | 8.10s
[728/877] TYPE_VEHICLE    e2327d18c0b1d73d s3trk-000041 | support=[1155, 1499, 1799, 3403] | 8.22s
[729/877] TYPE_VEHICLE    e2327d18c0b1d73d s3trk-000025 | support=[3993, 5658, 7026, 12611] | 8.08s
[730/877] TYPE_VEHICLE    e2327d18c0b1d73d s3trk-000021 | support=[4268, 6206, 8160, 15908] | 8.21s
[731/877] TYPE_VEHICLE    e704fc04e258e505 s3trk-000000 | support=[2949, 4309, 5493, 10141] | 8.38s
[732/877] TYPE_VEHICLE    e704fc04e258e505 s3trk-000047 | support=[1035, 2389, 3563, 7898] | 8.14s
[733/877] TYPE_VEHICLE    e704fc04e258e505 s3trk-000062 | support=[3970, 6327, 8599, 17138] | 8.02s
[734/877] TYPE_VEHICLE    e704fc04e258e505 s3trk-000039 | support=[863, 1285, 1574, 2583] | 8.12s
[735/877] TYPE_VEHICLE    e704fc04e258e505 s3trk-000043 | support=[791, 1252, 1800, 3884] | 8.08s
[736/877] TYPE_VEHICLE    191c1f905fd631ad s3trk-000039 | support=[1660, 2152, 2649, 4577] | 8.14s
[737/877] TYPE_VEHICLE    191c1f905fd631ad s3trk-000029 | support=[2161, 2554, 2801, 4334] | 7.94s
[738/877] TYPE_VEHICLE    191c1f905fd631ad s3trk-000017 | support=[1482, 1780, 2091, 3597] | 7.95s
[739/877] TYPE_VEHICLE    191c1f905fd631ad s3trk-000024 | support=[2619, 2939, 3153, 4542] | 8.20s
[740/877] TYPE_VEHICLE    a3a1a2a0fbbc95e9 s3trk-000021 | support=[1938, 2490, 2999, 5489] | 7.90s
[741/877] TYPE_VEHICLE    a3a1a2a0fbbc95e9 s3trk-000003 | support=[930, 1231, 1533, 3109] | 7.75s
[742/877] TYPE_VEHICLE    a3a1a2a0fbbc95e9 s3trk-000012 | support=[810, 1053, 1286, 2490] | 7.74s
[743/877] TYPE_VEHICLE    8a1c6aac44f9bd7e s3trk-000016 | support=[757, 840, 992, 1638] | 7.66s
[744/877] TYPE_VEHICLE    8a1c6aac44f9bd7e s3trk-000015 | support=[1006, 1191, 1383, 2342] | 7.77s
[745/877] TYPE_VEHICLE    8a1c6aac44f9bd7e s3trk-000034 | support=[1014, 1219, 1429, 2459] | 7.82s
[746/877] TYPE_VEHICLE    b58677c7f2933ea6 s3trk-000005 | support=[1021, 1156, 1225, 1756] | 7.94s
[747/877] TYPE_VEHICLE    b58677c7f2933ea6 s3trk-000015 | support=[1217, 1339, 1408, 2065] | 7.94s
[748/877] TYPE_VEHICLE    b58677c7f2933ea6 s3trk-000021 | support=[1472, 1767, 1945, 3179] | 7.83s
[749/877] TYPE_VEHICLE    b58677c7f2933ea6 s3trk-000008 | support=[1507, 1796, 1921, 2857] | 7.78s
[750/877] TYPE_VEHICLE    b58677c7f2933ea6 s3trk-000037 | support=[1422, 1918, 2355, 4228] | 7.75s
[751/877] TYPE_VEHICLE    b58677c7f2933ea6 s3trk-000033 | support=[1855, 2066, 2243, 3165] | 7.86s
[752/877] TYPE_VEHICLE    d016957a325c7eeb s3trk-000006 | support=[2082, 2904, 3626, 7524] | 8.08s
[753/877] TYPE_VEHICLE    d016957a325c7eeb s3trk-000004 | support=[2356, 2614, 2989, 4732] | 8.40s
[754/877] TYPE_VEHICLE    d016957a325c7eeb s3trk-000025 | support=[1604, 2173, 2609, 4594] | 7.75s
[755/877] TYPE_VEHICLE    d016957a325c7eeb s3trk-000009 | support=[1810, 2503, 3142, 6246] | 7.79s
[756/877] TYPE_VEHICLE    2eb24d7fe448063e s3trk-000036 | support=[5533, 6282, 7215, 10318] | 9.01s
[757/877] TYPE_VEHICLE    2eb24d7fe448063e s3trk-000051 | support=[4378, 5435, 6960, 11360] | 8.38s
[758/877] TYPE_VEHICLE    2eb24d7fe448063e s3trk-000032 | support=[2304, 3257, 4457, 9321] | 8.13s
[759/877] TYPE_VEHICLE    2eb24d7fe448063e s3trk-000008 | support=[313, 192, 98, 128] | 6.32s
[760/877] TYPE_VEHICLE    2eb24d7fe448063e s3trk-000029 | support=[4455, 6156, 7533, 13488] | 7.96s
[761/877] TYPE_VEHICLE    2eb24d7fe448063e s3trk-000033 | support=[2730, 4312, 6326, 15132] | 7.85s
[762/877] TYPE_VEHICLE    eb0293da64c344cb s3trk-000029 | support=[2621, 4678, 7167, 16958] | 7.74s
[763/877] TYPE_VEHICLE    eb0293da64c344cb s3trk-000028 | support=[1179, 1922, 2927, 6557] | 7.90s
[764/877] TYPE_VEHICLE    eb0293da64c344cb s3trk-000002 | support=[7215, 9997, 12150, 21877] | 7.92s
[765/877] TYPE_VEHICLE    eb0293da64c344cb s3trk-000009 | support=[1340, 1862, 2471, 5495] | 7.96s
[766/877] TYPE_VEHICLE    eb0293da64c344cb s3trk-000007 | support=[2058, 3193, 4399, 9687] | 7.74s
[767/877] TYPE_VEHICLE    eb0293da64c344cb s3trk-000004 | support=[3203, 5007, 7369, 16119] | 7.87s
[768/877] TYPE_VEHICLE    5d27f514c439978d s3trk-000016 | support=[1863, 2889, 3702, 5962] | 8.08s
[769/877] TYPE_VEHICLE    5d27f514c439978d s3trk-000001 | support=[1061, 1402, 1958, 3306] | 7.72s
[770/877] TYPE_VEHICLE    5d27f514c439978d s3trk-000019 | support=[1538, 2226, 2856, 4632] | 7.80s
[771/877] TYPE_VEHICLE    4252985934cfdf28 s3trk-000044 | support=[1247, 1636, 2000, 4092] | 7.88s
[772/877] TYPE_VEHICLE    4252985934cfdf28 s3trk-000062 | support=[4124, 5864, 8201, 14604] | 8.29s
[773/877] TYPE_VEHICLE    4252985934cfdf28 s3trk-000038 | support=[2109, 2407, 2810, 4393] | 8.11s
[774/877] TYPE_VEHICLE    4252985934cfdf28 s3trk-000041 | support=[1798, 2725, 3809, 8299] | 7.85s
[775/877] TYPE_VEHICLE    4252985934cfdf28 s3trk-000035 | support=[3000, 4649, 6352, 11838] | 7.93s
[776/877] TYPE_VEHICLE    4252985934cfdf28 s3trk-000023 | support=[1967, 2409, 2890, 5329] | 8.09s
[777/877] TYPE_VEHICLE    4252985934cfdf28 s3trk-000013 | support=[1092, 1949, 3102, 8293] | 7.65s
[778/877] TYPE_VEHICLE    4252985934cfdf28 s3trk-000037 | support=[1623, 2035, 2475, 4774] | 8.01s
[779/877] TYPE_VEHICLE    4252985934cfdf28 s3trk-000021 | support=[1479, 1923, 2313, 4568] | 8.00s
[780/877] TYPE_VEHICLE    4252985934cfdf28 s3trk-000026 | support=[2803, 4348, 6179, 13076] | 7.82s
[781/877] TYPE_VEHICLE    4252985934cfdf28 s3trk-000057 | support=[3904, 6142, 8107, 16348] | 7.72s
[782/877] TYPE_VEHICLE    4252985934cfdf28 s3trk-000058 | support=[7007, 12799, 19767, 42244] | 7.76s
[783/877] TYPE_VEHICLE    4252985934cfdf28 s3trk-000061 | support=[4813, 9480, 15439, 31761] | 7.74s
[784/877] TYPE_VEHICLE    86c5b063a876a3a4 s3trk-000010 | support=[4818, 6077, 7957, 14874] | 7.53s
[785/877] TYPE_VEHICLE    86c5b063a876a3a4 s3trk-000029 | support=[2296, 3674, 5091, 11268] | 8.05s
[786/877] TYPE_VEHICLE    a5545794899ee131 s3trk-000017 | support=[1407, 1785, 1995, 3068] | 8.07s
[787/877] TYPE_VEHICLE    a5545794899ee131 s3trk-000031 | support=[5144, 8252, 11987, 24922] | 8.27s
[788/877] TYPE_VEHICLE    a5545794899ee131 s3trk-000006 | support=[5838, 8108, 9686, 16734] | 8.14s
[789/877] TYPE_VEHICLE    a5545794899ee131 s3trk-000021 | support=[1356, 1694, 2050, 3976] | 7.98s
[790/877] TYPE_VEHICLE    a5545794899ee131 s3trk-000015 | support=[1461, 1995, 2377, 4456] | 7.82s
[791/877] TYPE_VEHICLE    b05b39c8abae6d7 s3trk-000007 | support=[6426, 7118, 7931, 10223] | 8.90s
[792/877] TYPE_VEHICLE    b05b39c8abae6d7 s3trk-000046 | support=[859, 1096, 1342, 2364] | 8.01s
[793/877] TYPE_VEHICLE    b05b39c8abae6d7 s3trk-000045 | support=[2681, 3476, 4375, 7797] | 8.28s
[794/877] TYPE_VEHICLE    b05b39c8abae6d7 s3trk-000019 | support=[1703, 2275, 2982, 4939] | 8.00s
[795/877] TYPE_VEHICLE    b05b39c8abae6d7 s3trk-000025 | support=[3876, 6066, 9057, 19138] | 8.11s
[796/877] TYPE_VEHICLE    b05b39c8abae6d7 s3trk-000028 | support=[1322, 1858, 2412, 4728] | 8.08s
[797/877] TYPE_VEHICLE    e0eef68de47eee18 s3trk-000021 | support=[2080, 3077, 4321, 8661] | 8.17s
[798/877] TYPE_VEHICLE    e0eef68de47eee18 s3trk-000023 | support=[721, 1138, 1540, 3850] | 7.73s
[799/877] TYPE_VEHICLE    e0eef68de47eee18 s3trk-000006 | support=[1626, 1870, 2068, 1778] | 7.12s
[800/877] TYPE_VEHICLE    298b525580018a99 s3trk-000060 | support=[2351, 6048, 12475, 22577] | 7.05s
[801/877] TYPE_VEHICLE    298b525580018a99 s3trk-000019 | support=[7224, 9779, 11882, 20052] | 8.54s
[802/877] TYPE_VEHICLE    298b525580018a99 s3trk-000067 | support=[5804, 9114, 13681, 24188] | 8.12s
[803/877] TYPE_VEHICLE    298b525580018a99 s3trk-000030 | support=[4713, 7069, 10519, 20896] | 7.94s
[804/877] TYPE_VEHICLE    298b525580018a99 s3trk-000039 | support=[3106, 3539, 3456, 4960] | 7.78s
[805/877] TYPE_VEHICLE    298b525580018a99 s3trk-000034 | support=[2651, 3973, 5654, 13135] | 7.96s
[806/877] TYPE_VEHICLE    33279d83114b73dc s3trk-000010 | support=[1580, 1789, 2040, 3191] | 8.09s
[807/877] TYPE_VEHICLE    81a3a56be49c4406 s3trk-000032 | support=[7054, 10482, 15230, 25964] | 8.43s
[808/877] TYPE_VEHICLE    81a3a56be49c4406 s3trk-000004 | support=[12713, 15697, 18668, 30512] | 7.95s
[809/877] TYPE_VEHICLE    81a3a56be49c4406 s3trk-000006 | support=[1567, 2292, 3027, 5655] | 8.12s
[810/877] TYPE_VEHICLE    81a3a56be49c4406 s3trk-000020 | support=[2909, 4039, 5223, 9151] | 7.88s
[811/877] TYPE_VEHICLE    81a3a56be49c4406 s3trk-000021 | support=[314, 345, 377, 800] | 6.68s
[812/877] TYPE_VEHICLE    81a3a56be49c4406 s3trk-000003 | support=[861, 971, 1106, 1729] | 7.35s
[813/877] TYPE_VEHICLE    81a3a56be49c4406 s3trk-000033 | support=[1697, 2199, 2547, 4305] | 7.91s
[814/877] TYPE_VEHICLE    81a3a56be49c4406 s3trk-000010 | support=[2636, 3505, 4159, 7718] | 7.82s
[815/877] TYPE_VEHICLE    6a8abea31441b640 s3trk-000013 | support=[2168, 2836, 3632, 6244] | 8.06s
[816/877] TYPE_VEHICLE    6a8abea31441b640 s3trk-000009 | support=[14859, 19269, 24109, 31979] | 7.75s
[817/877] TYPE_VEHICLE    6a8abea31441b640 s3trk-000011 | support=[3133, 4708, 6038, 9852] | 7.97s
[818/877] TYPE_VEHICLE    6a8abea31441b640 s3trk-000042 | support=[3155, 4995, 6319, 11268] | 8.11s
[819/877] TYPE_VEHICLE    6a8abea31441b640 s3trk-000019 | support=[1755, 2102, 2585, 4116] | 8.10s
[820/877] TYPE_VEHICLE    43cb883b388c851e s3trk-000016 | support=[3512, 5813, 8619, 18528] | 7.81s
[821/877] TYPE_VEHICLE    43cb883b388c851e s3trk-000041 | support=[4348, 7178, 9967, 18496] | 7.92s
[822/877] TYPE_VEHICLE    43cb883b388c851e s3trk-000000 | support=[1490, 1794, 2272, 3674] | 7.90s
[823/877] TYPE_VEHICLE    43cb883b388c851e s3trk-000006 | support=[5224, 7166, 8585, 13823] | 7.83s
[824/877] TYPE_VEHICLE    fb0916c764d46f22 s3trk-000036 | support=[4111, 4825, 5266, 7793] | 8.62s
[825/877] TYPE_VEHICLE    fb0916c764d46f22 s3trk-000035 | support=[2295, 2640, 2910, 4467] | 8.38s
[826/877] TYPE_VEHICLE    fb0916c764d46f22 s3trk-000011 | support=[1605, 1924, 2190, 3755] | 8.15s
[827/877] TYPE_VEHICLE    fb0916c764d46f22 s3trk-000014 | support=[763, 876, 1028, 1594] | 7.90s
[828/877] TYPE_VEHICLE    fb0916c764d46f22 s3trk-000031 | support=[1141, 1413, 1648, 2870] | 7.94s
[829/877] TYPE_VEHICLE    fb0916c764d46f22 s3trk-000030 | support=[1340, 1657, 1866, 3151] | 8.10s
[830/877] TYPE_VEHICLE    fb0916c764d46f22 s3trk-000048 | support=[1395, 1711, 1878, 2921] | 7.94s
[831/877] TYPE_VEHICLE    145c37f2e1aab934 s3trk-000013 | support=[706, 944, 1244, 2271] | 7.80s
[832/877] TYPE_VEHICLE    145c37f2e1aab934 s3trk-000009 | support=[894, 1135, 1458, 2409] | 7.76s
[833/877] TYPE_VEHICLE    145c37f2e1aab934 s3trk-000012 | support=[1436, 1918, 2454, 4309] | 7.95s
[834/877] TYPE_VEHICLE    145c37f2e1aab934 s3trk-000019 | support=[4113, 6048, 8269, 13809] | 8.33s
[835/877] TYPE_VEHICLE    145c37f2e1aab934 s3trk-000008 | support=[1412, 1793, 2111, 3843] | 8.02s
[836/877] TYPE_VEHICLE    145c37f2e1aab934 s3trk-000003 | support=[879, 1173, 1509, 3057] | 6.63s
[837/877] TYPE_VEHICLE    145c37f2e1aab934 s3trk-000021 | support=[2081, 2793, 3573, 5623] | 7.80s
[838/877] TYPE_VEHICLE    145c37f2e1aab934 s3trk-000025 | support=[1130, 1424, 1567, 2488] | 7.40s
[839/877] TYPE_VEHICLE    145c37f2e1aab934 s3trk-000031 | support=[3069, 5598, 8494, 16661] | 7.80s
[840/877] TYPE_VEHICLE    6d87bd01ab9ebc8c s3trk-000011 | support=[1199, 2647, 3425, 6341] | 8.19s
[841/877] TYPE_VEHICLE    726dc0be0b1ff3ac s3trk-000044 | support=[2608, 3454, 4382, 8302] | 8.17s
[842/877] TYPE_VEHICLE    726dc0be0b1ff3ac s3trk-000017 | support=[1751, 2609, 3166, 5231] | 8.00s
[843/877] TYPE_VEHICLE    726dc0be0b1ff3ac s3trk-000028 | support=[7658, 11010, 14071, 24473] | 7.86s
[844/877] TYPE_VEHICLE    726dc0be0b1ff3ac s3trk-000019 | support=[1717, 2768, 3949, 8108] | 7.87s
[845/877] TYPE_VEHICLE    726dc0be0b1ff3ac s3trk-000026 | support=[4820, 6230, 7935, 13419] | 8.55s
[846/877] TYPE_VEHICLE    726dc0be0b1ff3ac s3trk-000045 | support=[1882, 3138, 4634, 10521] | 7.80s
[847/877] TYPE_VEHICLE    726dc0be0b1ff3ac s3trk-000030 | support=[1666, 2303, 2826, 5265] | 7.85s
[848/877] TYPE_VEHICLE    c26ea67a45fa79c2 s3trk-000031 | support=[1157, 1346, 1667, 2658] | 8.28s
[849/877] TYPE_VEHICLE    c26ea67a45fa79c2 s3trk-000026 | support=[1814, 2640, 3528, 5615] | 8.18s
[850/877] TYPE_VEHICLE    c26ea67a45fa79c2 s3trk-000008 | support=[646, 716, 750, 1108] | 8.12s
[851/877] TYPE_VEHICLE    3bd80f6f6f6ac8d s3trk-000011 | support=[850, 1096, 1301, 2340] | 7.92s
[852/877] TYPE_VEHICLE    3bd80f6f6f6ac8d s3trk-000040 | support=[3644, 5322, 7403, 13527] | 8.45s
[853/877] TYPE_VEHICLE    3bd80f6f6f6ac8d s3trk-000018 | support=[2989, 3334, 3450, 4676] | 8.24s
[854/877] TYPE_VEHICLE    3bd80f6f6f6ac8d s3trk-000024 | support=[3501, 4096, 4248, 5482] | 8.04s
[855/877] TYPE_VEHICLE    3bd80f6f6f6ac8d s3trk-000026 | support=[1619, 2169, 2701, 5251] | 8.11s
[856/877] TYPE_VEHICLE    a7aa5ad4a9d9a71a s3trk-000002 | support=[1820, 2128, 2171, 2959] | 7.87s
[857/877] TYPE_VEHICLE    a7aa5ad4a9d9a71a s3trk-000003 | support=[20188, 23737, 25129, 30183] | 8.43s
[858/877] TYPE_VEHICLE    a7aa5ad4a9d9a71a s3trk-000034 | support=[1989, 2694, 3426, 6714] | 8.13s
[859/877] TYPE_VEHICLE    a7aa5ad4a9d9a71a s3trk-000004 | support=[1701, 2124, 2539, 4929] | 8.23s
[860/877] TYPE_VEHICLE    a7aa5ad4a9d9a71a s3trk-000000 | support=[15070, 21020, 26142, 41515] | 7.97s
[861/877] TYPE_VEHICLE    a7aa5ad4a9d9a71a s3trk-000005 | support=[1723, 2019, 2072, 2860] | 7.83s
[862/877] TYPE_VEHICLE    a7aa5ad4a9d9a71a s3trk-000046 | support=[1730, 2733, 3916, 10225] | 7.79s
[863/877] TYPE_VEHICLE    a7aa5ad4a9d9a71a s3trk-000037 | support=[1767, 1980, 2001, 2650] | 7.87s
[864/877] TYPE_VEHICLE    a7aa5ad4a9d9a71a s3trk-000025 | support=[903, 1020, 1069, 1532] | 7.75s
[865/877] TYPE_VEHICLE    a7aa5ad4a9d9a71a s3trk-000017 | support=[8388, 11179, 12332, 19941] | 7.81s
[866/877] TYPE_VEHICLE    a7aa5ad4a9d9a71a s3trk-000047 | support=[1567, 2577, 3682, 8532] | 7.80s
[867/877] TYPE_VEHICLE    5490d8b8a4f13cd0 s3trk-000021 | support=[1500, 1847, 2322, 3764] | 8.31s
[868/877] TYPE_VEHICLE    5490d8b8a4f13cd0 s3trk-000015 | support=[1045, 1406, 1712, 3568] | 7.84s
[869/877] TYPE_VEHICLE    111ba9e426732e40 s3trk-000014 | support=[2041, 2536, 3025, 5133] | 8.08s
[870/877] TYPE_VEHICLE    111ba9e426732e40 s3trk-000006 | support=[1943, 2519, 2959, 5279] | 8.04s
[871/877] TYPE_VEHICLE    111ba9e426732e40 s3trk-000024 | support=[1501, 2115, 2771, 5640] | 7.88s
[872/877] TYPE_VEHICLE    89bda4c79cb0ead4 s3trk-000024 | support=[1334, 1804, 2509, 4286] | 7.90s
[873/877] TYPE_VEHICLE    89bda4c79cb0ead4 s3trk-000037 | support=[3838, 6649, 10046, 22810] | 8.05s
[874/877] TYPE_VEHICLE    89bda4c79cb0ead4 s3trk-000030 | support=[5115, 7472, 10324, 18143] | 8.33s
[875/877] TYPE_VEHICLE    89bda4c79cb0ead4 s3trk-000033 | support=[4452, 7140, 9790, 18690] | 7.85s
[876/877] TYPE_VEHICLE    89bda4c79cb0ead4 s3trk-000035 | support=[2058, 3355, 4677, 9449] | 7.82s
[877/877] TYPE_VEHICLE    89bda4c79cb0ead4 s3trk-000025 | support=[2541, 3458, 4608, 7380] | 7.91s

===== F. COMPLETE 877-ACTOR CACHE VERIFICATION =====
actor caches = PASS | 877/877
executed this run = 877
reused this run = 0

===== G. DETERMINISTIC P_OCC CONSOLIDATION =====
actors by class = {'TYPE_VEHICLE': 719, 'TYPE_PEDESTRIAN': 110, 'TYPE_CYCLIST': 48}

classwise P_occ support:

TYPE_VEHICLE = {"actor_count": 719, "actors_with_any_support": 719, "actors_with_support_by_horizon": [719, 719, 718, 718], "actors_with_zero_support": 0, "maximum_count_observed_by_horizon": [8192, 8192, 8192, 8190], "maximum_probability_observed_by_horizon": [1.0, 1.0, 1.0, 0.999755859375], "occupancy_count_mass_sum_by_horizon": [2012766460, 1988523292, 1966572623, 1897303343], "occupancy_probability_mass_sum_by_horizon": [245699.03076171875, 242739.65966796875, 240060.1346435547, 231604.4119873047], "support_cells_sum_by_horizon": [1883000, 2555578, 3227119, 5739508]}

TYPE_PEDESTRIAN = {"actor_count": 110, "actors_with_any_support": 110, "actors_with_support_by_horizon": [110, 110, 110, 110], "actors_with_zero_support": 0, "maximum_count_observed_by_horizon": [7249, 6256, 4888, 2924], "maximum_probability_observed_by_horizon": [0.8848876953125, 0.763671875, 0.5966796875, 0.35693359375], "occupancy_count_mass_sum_by_horizon": [27652844, 27120845, 26511030, 25039492], "occupancy_probability_mass_sum_by_horizon": [3375.59130859375, 3310.6500244140625, 3236.209716796875, 3056.57861328125], "support_cells_sum_by_horizon": [109268, 150522, 190839, 353076]}

TYPE_CYCLIST = {"actor_count": 48, "actors_with_any_support": 48, "actors_with_support_by_horizon": [48, 48, 48, 48], "actors_with_zero_support": 0, "maximum_count_observed_by_horizon": [8192, 7995, 7970, 6008], "maximum_probability_observed_by_horizon": [1.0, 0.9759521484375, 0.972900390625, 0.7333984375], "occupancy_count_mass_sum_by_horizon": [22993287, 23362263, 23338271, 23406736], "occupancy_probability_mass_sum_by_horizon": [2806.7977294921875, 2851.8387451171875, 2848.9100341796875, 2857.267578125], "support_cells_sum_by_horizon": [44413, 66294, 89466, 185194]}

all core classes have nonzero P_occ evidence = PASS
manifest = /home/agni/waymo/iscai_stage6/artifacts/block66/block66_part2c2b_eligible_actor_pocc_manifest.jsonl
manifest SHA256 = c361ed640b91850831d7e7177d89733fedd3e171f5f3111bcd93698c74a4a300
scientific manifest digest = c361ed640b91850831d7e7177d89733fedd3e171f5f3111bcd93698c74a4a300

===== H. FRESH STAGE6 REGRESSION =====
.................................................................................................................................................
----------------------------------------------------------------------
Ran 145 tests in 0.174s

OK
fresh Stage6 regression = PASS | 145

===== I. BLOCK6.6 PART2C/2B REPORT =====
report = /home/agni/waymo/iscai_stage6/reports/block66_part2c2b_eligible_n8192_pocc.json
report SHA256 = 41257fbc43bcd6e0a01925c0f96648f3cb67850785e8f39d9787547ce1511348

===== J. FREEZE MANIFEST + PART3 HANDOFF =====
freeze manifest = /home/agni/waymo/iscai_stage6/artifacts/block66/block66_part2c2b_pocc_freeze_manifest.json
freeze SHA256 = b0df9df17c6008f9bdf3a993d08b103dc694607be90abe3307bc8d4877f9f6a7
handoff = /home/agni/waymo/iscai_stage6/artifacts/block66/block66_part2c2b_to_part3_handoff.json
handoff SHA256 = c727fa4a9aef6b782e229dc9bb6c64f850716cff637472c4493827711314d6ab

==============================================================================
BLOCK 6.6 PART2C/2B — FINAL
==============================================================================
STATUS = PASS_BLOCK66_ELIGIBLE_N8192_P_OCC_MATERIALIZED
eligible actors             = 877
vehicle / pedestrian / cyclist = {'TYPE_VEHICLE': 719, 'TYPE_PEDESTRIAN': 110, 'TYPE_CYCLIST': 48}
N_MC / seed                = 8192 / 20260821
same seed per actor         = YES
grid                        = 501 x 301
public full-box kernel      = FROZEN
public occupancy kernel     = FROZEN
all 8 physical corners      = YES
P_occ persisted             = uint32 counts
P_occ reconstruction        = counts / 8192
actors sampled this run     = 877
actors reused from cache    = 0
all classes nonzero P_occ   = PASS
gamma applied               = NO
class policy frozen         = NO
reactive fallback changed   = NO
new model forward           = NO
training/recalibration      = NO / NO
formal evaluation           = NO
formal outcomes read        = NO
Stage6 regression           = PASS | 145
manifest SHA256             = c361ed640b91850831d7e7177d89733fedd3e171f5f3111bcd93698c74a4a300
report SHA256               = 41257fbc43bcd6e0a01925c0f96648f3cb67850785e8f39d9787547ce1511348
freeze SHA256               = b0df9df17c6008f9bdf3a993d08b103dc694607be90abe3307bc8d4877f9f6a7
handoff SHA256              = c727fa4a9aef6b782e229dc9bb6c64f850716cff637472c4493827711314d6ab
runtime this invocation s   = 7094.531000563991
NEXT = BLOCK6.6 PART3 CLASS-AWARE POLICY DEVELOPMENT PREREGISTRATION
terminal remains open = YES
==============================================================================
