========================================================================
STAGE5 EVALUATOR-TRUTH CONTRACT AUDIT = PASS
========================================================================
formal_checker_sha256 = 342344902e6b00cb841036dcdc0e54f1e1ba396344fa602864521890f5eb5da5
checker2_sha256 = 5e77d678af188d3f0b34b84ab53ddc78fc1b2921c6bea573dd9722c439c63599
V3_formal_reason = No frozen V2 evaluator-truth binding could be resolved after sealing decisions.
resolve_truth_binding_lines = 2467-2603
truth_parser_helpers = ['parse_dimensions', 'parse_causal_row', 'truth_source_for_mode', 'truth_point_or_angle']
candidate_v2_paths_lines = 945-1071
evaluate_sealed_decisions_lines = 2994-3507
resolver_sets_FORMAL_TRUTH_OPENED = True
resolver_mentions_DECISION_LEDGER_SEALED = True
truth_named_files_by_name_only = 17
decision_artifacts = 2
read_only_sealed_decision_artifacts = 1
sealed = /home/agni/waymo/iscai_stage5/artifacts/fullpdf_v2_independent_formal/decision_ledger_sealed.jsonl
sealed_sha256 = 751703975b3fc837cc1cf660cf1321db5768323d6cf2fbef524d05a3dbb48af4
scientific_artifacts_modified = false
formal_checker_executed = false
candidate_truth_contents_opened = false
summary_json = /home/agni/waymo/iscai_stage5/artifacts/fullpdf_v2_independent_formal/evaluator_truth_binding_contract_v1/source_contract_summary.json
full_log = /home/agni/waymo/iscai_stage5/artifacts/fullpdf_v2_independent_formal/evaluator_truth_binding_contract_v1/source_contract_full.log
========================================================================
