============================================================================
STAGE5 EVALUATOR-TRUTH MATERIALIZATION V1
POST-SEAL ONLY | NO METRICS | NO CONTROLLER REEXECUTION
============================================================================

============================================================================
EVALUATOR-TRUTH BINDING MATERIALIZATION = PASS
============================================================================
V3_sealed_decision_sha256 = 751703975b3fc837cc1cf660cf1321db5768323d6cf2fbef524d05a3dbb48af4
decision_rows = 17280
receiver_keys = 120
historical_truth_route = PASS
receiver_selection_reexecuted = false
chosen_parser_layout = {"aliases": {"centroid": "centroid", "known": "known", "uncertain": "uncertain"}, "explicit_invalid": false, "horizon_wrapper": null, "kind": "nested", "wrapper": null}
evaluator_truth_rows = 120
normal_resolver_unique = true
evaluator_truth_sha256 = 1c9582cdf62dfc02cc36c6e0a56c6ce1a1b25eedc09e9fd10af00618d51a5961
truth_map_hash = d27dda703e69f0d260747e608bbd47c03c619de92201e15bc716ca867d454763
amendment_sha256 = e49ab5f3f6de1aab6f3fcaa739c306ddc3fa08267861cc4ea0f5b2ebe0e66712
truth_binding_seal_sha256 = 85d68d26bcd178b3aaa467743e31c4910d94f7c75006d350d1dc1a2e888acfcc
report_sha256 = 80bb779cf3f86030c18cca95c3a748655c8cd5b6dd6f9e61d2cb334174d3fd5a
formal_metrics_computed = false
post_outcome_tuning = false
Stage6_allowed = false
next = FINAL ONE-SHOT FORMAL EVALUATION
============================================================================
