==============================================================================
STAGE5 FULLPDF V2 — FINAL FINISH V7
STRUCTURED API BRIDGE | SEALED DECISIONS | FINAL SCIENTIFIC CLOSURE
==============================================================================
PASS | protected scientific chain exact
PASS | V6 scientific outcome = NONE
PASS | structured scalar adapter frozen before evaluator truth
PASS | regression 271/271
PASS | exact-repeat decision seal
decision_ledger_sha256 = 751703975b3fc837cc1cf660cf1321db5768323d6cf2fbef524d05a3dbb48af4
PASS | evaluator truth opened only after immutable decision seal

==============================================================================
EXECUTING FROZEN evaluate_sealed_decisions()
==============================================================================
PASS | scientific outputs returned and frozen

==============================================================================
STAGE5 V7 = GENUINE SCIENTIFIC/ACCEPTANCE FAIL
==============================================================================
G13_exact_repeat_decisions = True
G14_decisions_sealed_before_truth = True
G15_truth_after_seal = True
G16_requested_coverage = False
G17_overhead_reduction = False
G18_no_free_probes = True
G19_latency = True
G20_optical_chain = True
G21_recovery_controls = True
G22_no_post_outcome_mutation = True
G24_full_144_strata = True
G25_complete_evaluator_rows = True
G23_PDF_matrix = False
independent_acceptance = False
PDF_compliance = FAIL
post_outcome_tuning = false
Stage6_allowed = false
DO NOT RETUNE / DO NOT RERUN
==============================================================================
