==============================================================================
STAGE5 FINAL RECONCILIATION = PASS
==============================================================================
V7_status = INVALIDATED_NONAUTHORITATIVE_COORDINATE_BINDING_DEFECT
coordinate_defect = Stage4 displacement mean was wired as absolute H0 position
scientific_rerun = false
controller_rerun = false
post_outcome_tuning = false
authoritative_science = frozen_Block58
coverage = 0.9959473150962512
overhead_reduction_vs_exhaustive = 0.865216565349544
adaptive_strata = 144
mandatory_acceptance = 17/17 PASS
regression = 271/271 PASS
PDF_compliance = PASS
Stage5 = COMPLETE_FROZEN_FULLPDF_V2_RECONCILED
Stage6_allowed = true
Stage6_modified_by_reconciliation = false
reconciliation_sha256 = f0d1a4af9e50202bf4379f03cfa411c481e081281020eb5450efd03760168f76
closure_sha256 = e376a9274826f80b7ffcf6d031c0f44c792cb025a44a4675e95ded467e526e34
handoff_sha256 = ac6564dbfe537f39fe70e7f2e92a7b2a5509aa3285d1037983924714bca36124
==============================================================================
