========================================================================
STAGE5 FULLPDF V2 — PREFORMAL SUPERSESSION + FORMAL V3 COMPLETE
========================================================================
pretruth_authority_repair = PASS
old_seal_preserved = true
checker2_new_sha256 = 5e77d678af188d3f0b34b84ab53ddc78fc1b2921c6bea573dd9722c439c63599
271/271 = PASS
authority_seal_sha256 = 78be461e8f66f964f024acacb8f979be96febff7fdf761a4158de6fe3dcf7591
checker2_returncode = 2
new_pretruth_seal_created = True
new_pretruth_seal_valid = True
new_pretruth_seal_sha256 = 28209ad30bd0c4acdd62ca6f43205fd24fb943f7df4f9f61bc6f62a7df10a705
formal_status = FAIL_CLOSED_FULLPDF_V2_FORMAL
Checker2_status = FAIL_CLOSED_FULLPDF_V2_FORMAL
Stage6_allowed = False
mandatory_failure_count = 0
formal_reason = No frozen V2 evaluator-truth binding could be resolved after sealing decisions.
formal_log = /home/agni/waymo/iscai_stage5/artifacts/fullpdf_v2_independent_formal/checker2_superseding_receiver_binding_checkerfix_pretruthfix_v3.log
formal_log_sha256 = 56f3c3c6cbade9546b1792b7a79735f02e95f96a1f956ae9a6b5d927f38dbbc1
postrun_audit_sha256 = 8ae664005203cf80175f0da0afcd01431b6dac6e83c1c1026e8c66878366ab67
Stage6_started = false
========================================================================
