==============================================================================
STAGE 6 — BLOCK 6.8
DEVELOPMENT STAGE-4 TEMPORAL/RATE SELECTION
EXACT 60-CANDIDATE AUTHORITATIVE SWEEP
STAGE1+2+3 IMMUTABLE / NO PRIMARY ACCEPTANCE / NO FORMAL
==============================================================================

===== A. EXACT FROZEN SELECTION BOUNDARY =====
stage4_prefreeze         = EXACT PASS
stage4_prefreeze_report  = EXACT PASS
current_binding          = EXACT PASS
t0_maps                  = EXACT PASS
stage3_freeze            = EXACT PASS
cache_manifest           = EXACT PASS
cache_freeze             = EXACT PASS
class_runtime            = EXACT PASS
metric_runtime           = EXACT PASS
evaluator_runtime        = EXACT PASS
road_roi                 = EXACT PASS
Stage-1 gamma         = IMMUTABLE
Stage-2 margins       = IMMUTABLE
Stage-3 floors        = IMMUTABLE
primary acceptance    = NOT TESTED
formal evaluation     = NO
Stage6 pre regression = 224 / 224 PASS

===== B. EXACT FROZEN 60-CANDIDATE SPACE =====
candidate count = 60 EXACT
time constants  = [50, 100, 200, 400] ms
rate pairs      = 15 EXACT
selection key   = FROZEN / UNCHANGED

===== C. EXACT 120-SCENARIO JOIN =====
scenario join     = 120 / 120 EXACT
I_prev maps       = 120 / 120
road ROI schedule = EXACT 4-horizon replication
P_occ reopened    = NO
WOMD reopened     = NO

===== D. STAGE-3 RAW HANDOFF REPLAY =====
vehicle_shadow_zone_violation | delta= 1.3877787807814457e-17 | PASS
glare_risk_exposure | delta= 2.7755575615628914e-17 | PASS
pedestrian_visibility_proxy | delta= 2.220446049250313e-16 | PASS
cyclist_visibility_proxy | delta= 2.220446049250313e-16 | PASS
road_illumination_retention | delta= 4.440892098500626e-16 | PASS
over_masking_area | delta= 8.326672684688674e-17 | PASS
false_dimming | delta= 1.1102230246251565e-16 | PASS
Stage-3 max replay delta = 4.440892098500626e-16
Stage-3 raw handoff      = EXACT PASS

===== E. EXACT 60-CANDIDATE DEVELOPMENT SWEEP =====
scenario 001/120 f72a05a05035feb8 60/60=PASS
scenario 010/120 6daa131b25b411e1 60/60=PASS
scenario 020/120 e697a3e91804731f 60/60=PASS
scenario 030/120 1d879936662232aa 60/60=PASS
scenario 040/120 1b0c763aeef8ba69 60/60=PASS
scenario 050/120 91b9bd56c1084d03 60/60=PASS
scenario 060/120 74ca33b01f8adc34 60/60=PASS
scenario 070/120 9b55dd4a2eb55f33 60/60=PASS
scenario 080/120 c9d6f61d94824305 60/60=PASS
scenario 090/120 28e0ea7a2ca646d6 60/60=PASS
scenario 100/120 5d27f514c439978d 60/60=PASS
scenario 110/120 43cb883b388c851e 60/60=PASS
scenario 120/120 89bda4c79cb0ead4 60/60=PASS

===== F. EXACT MACRO AGGREGATION / SELECTION =====
candidate scores = 60 / 60
winner provisional = (200, 1, 1)
winner risk max = 0.18098353094358877
winner risk mean = 0.1147636416749459
runner-up = (100, 1, 1)

===== G. AUTHORITATIVE WINNER REPLAY — 120/120 =====
winner replay 001/120 f72a05a05035feb8 PASS
winner replay 020/120 e697a3e91804731f PASS
winner replay 040/120 1b0c763aeef8ba69 PASS
winner replay 060/120 74ca33b01f8adc34 PASS
winner replay 080/120 c9d6f61d94824305 PASS
winner replay 100/120 5d27f514c439978d PASS
winner replay 120/120 89bda4c79cb0ead4 PASS
winner authoritative replay = 120 / 120 PASS
winner max aggregate delta  = 2.220446049250313e-16
winner authoritative key    = (0.180983530943589, 0.11476364167494595, 0.1220827769737544, 0.2884080399555264, 0.000790514762280533, 0.26521748861081823, 200, 1, 1)

===== H. POST-SELECTION REGRESSION =====
Stage6 regression = 224 / 224 PASS

===== I. WRITE-ONCE STAGE-4 NUMERIC FREEZE =====
candidate scores SHA = 7bd4d3ccd9e7782bd6861b0b86b3e6c55597f7db52eaf4a5183b4feff89d2bff
winner replay SHA    = 51ddaa6b14187bfb61e8fa338dbbad042b3df56aec043ee55562cf163e7626bc
Stage-4 freeze SHA   = 780e134a66153c52783bc18d55f607c891b9a6983f8cfc8ac78e2e7367874885

==============================================================================
BLOCK 6.8 STAGE-4 TEMPORAL/RATE SELECTION — FINAL
==============================================================================
development scenarios        = 120 / 120
Stage-4 candidates           = 60 / 60
Stage-1 gamma                = IMMUTABLE
Stage-2 margins              = IMMUTABLE
Stage-3 floors               = IMMUTABLE
selected time constant ms    = 200
selected rho_dim / s         = 1
selected rho_bright / s      = 1
risk max                     = 0.180983530943589
risk mean                    = 0.11476364167494595
temporal change rate         = 0.1220827769737544
flicker change rate          = 0.2884080399555264
safety override fraction     = 0.000790514762280533
over-masking area            = 0.26521748861081823
vehicle violation            = 0.013116180708780553
pedestrian visibility        = 0.8992267609505494
cyclist visibility           = 0.8869782482483739
road illumination retention  = 0.819016469056411
Stage-3 raw replay           = PASS
winner authoritative replay  = 120 / 120 PASS
Stage-4 temporal/rate        = FROZEN
further parameter tuning     = FORBIDDEN
primary acceptance gate      = NOT TESTED
NI bounds                    = IMMUTABLE / UNCHANGED
formal evaluation            = NO
Stage6 regression            = 224 / 224 PASS
candidate scores SHA         = 7bd4d3ccd9e7782bd6861b0b86b3e6c55597f7db52eaf4a5183b4feff89d2bff
winner replay SHA            = 51ddaa6b14187bfb61e8fa338dbbad042b3df56aec043ee55562cf163e7626bc
Stage-4 freeze SHA           = 780e134a66153c52783bc18d55f607c891b9a6983f8cfc8ac78e2e7367874885
report SHA                   = f2c952bb2c4029e5c142e1607c46dc784d195ed4e09f5780ac3d5472219aee7b
free GiB                     = 1052.624
STATUS = PASS_STAGE4_TEMPORAL_RATE_SELECTED_FROZEN
report = /home/agni/waymo/iscai_stage6/reports/block68_stage4_temporal_rate_selection.json
NEXT = FROZEN PRIMARY DEVELOPMENT ACCEPTANCE GATE
terminal remains open = YES
