============================================================================
BLOCK 6.8 STAGE-3 POSTERIOR CARDINALITY REPAIR
SELECTED-SUBSET IDENTITY GATE ONLY
============================================================================

===== A. EXACT FAILURE BOUNDARY =====
target pre-patch SHA256 = 90eb0f4c968ed42e9391b901c6d2d34657dad54c07a74ecd96e79f305436bb92
Stage-1 gamma           = FROZEN
Stage-2 margins         = FROZEN
Stage-3 floor outcomes  = NOT COMPUTED
P_occ payload arrays    = NOT OPENED BY FAILED RUN
formal evaluation       = NO

===== B. OBSOLETE CARDINALITY ASSUMPTION =====
obsolete `len(posterior_rows)==877` gate = FOUND EXACTLY ONCE
replacement semantic = 877 SELECTED ACTORS MUST BE COVERED
extra upstream posterior rows = PERMITTED

===== C. VERIFIED BACKUP =====
backup SHA256 = 90eb0f4c968ed42e9391b901c6d2d34657dad54c07a74ecd96e79f305436bb92

===== D. BUILD MINIMAL PATCH =====
patch syntax               = PASS
scientific actor population = UNCHANGED
posterior file             = UNCHANGED
Stage1/2 numerics          = UNCHANGED
evaluator semantics        = UNCHANGED
floor scoring semantics    = UNCHANGED

===== E. TRANSACTIONAL PATCH =====
patched runner compile = PASS
Stage6 regression      = 224 / 224 PASS
target post-patch SHA256 = 1cb25fe7264daa59b8734cf7bfea7baa01fa2dc1610a2c9aa30d31a753a2d25e

============================================================================
BLOCK 6.8 POSTERIOR CARDINALITY REPAIR — FINAL
============================================================================
total posterior == 877   = NOT REQUIRED
selected actor count     = STILL 877
selected posterior join  = REQUIRED EXACT
extra posterior rows     = ALLOWED
Stage-1 gamma            = UNCHANGED
Stage-2 margins          = UNCHANGED
Stage-3 scoring          = UNCHANGED
Stage-3 floor outcomes   = NOT COMPUTED
formal evaluation        = NO
Stage6 regression        = 224 / 224 PASS
STATUS = PASS_POSTERIOR_SELECTED_SUBSET_CARDINALITY_REPAIRED
report = /home/agni/waymo/iscai_stage6/reports/block68_stage3_posterior_cardinality_repair.json
terminal remains open = YES
