===== A. REQUIRED FILES =====
Block4.4 files present = PASS

===== B. CONTROLLED COMPILE =====
gaussian_gru.py = PASS
gaussian_math.py = PASS
__init__.py = PASS
test_block44_gaussian_gru.py = PASS
run_block44_preflight.py = PASS
controlled compile = PASS

===== C. IMPORT SMOKE =====
Gaussian imports = PASS

===== D. BLOCK4.4 UNIT TEST =====

................
----------------------------------------------------------------------
Ran 16 tests in 0.335s

OK

Block4.4 unit tests = PASS

===== E. FULL STAGE4 REGRESSION =====

............................................................
----------------------------------------------------------------------
Ran 60 tests in 0.360s

OK

full Stage4 regression = 60 / 60 PASS

===== F. SCIENTIFIC GPU PREFLIGHT =====

============================================================
BLOCK 4.4 PART 1/2 = BLOCKED
============================================================
exception = CalledProcessError Command '['/usr/bin/gcc', '/tmp/tmpncpx1ah0/cuda_utils.c', '-O3', '-shared', '-fPIC', '-Wno-psabi', '-o', '/tmp/tmpncpx1ah0/cuda_utils.cpython-313-x86_64-linux-gnu.so', '-l:libcuda.so.1', '-L/home/agni/waymo/iscai_stage1/.venv_lidar/lib/python3.13/site-packages/triton/backends/nvidia/lib', '-L/lib/x86_64-linux-gnu', '-I/home/agni/waymo/iscai_stage1/.venv_lidar/lib/python3.13/site-packages/triton/backends/nvidia/include', '-I/tmp/tmpncpx1ah0', '-I/usr/include/python3.13']' returned non-zero exit status 1.

RECOVERY HINT:
Check nvidia-smi first. This preflight uses only a batch of 32 and should not stress the RTX A6000. Do not reduce the scientific model configuration automatically.

Block4.3 modified          = NO
cache regeneration         = NO
probabilistic training     = NOT STARTED
failure report = /home/agni/waymo/iscai_stage4/reports/block44_preflight_failure.json

/tmp/tmpncpx1ah0/cuda_utils.c:9:10: fatal error: Python.h: No such file or directory
    9 | #include <Python.h>
      |          ^~~~~~~~~~
compilation terminated.
Traceback (most recent call last):
  File "/home/agni/waymo/iscai_stage4/scripts/run_block44_preflight.py", line 1096, in <module>
    main()
    ~~~~^^
  File "/home/agni/waymo/iscai_stage4/scripts/run_block44_preflight.py", line 684, in main
    loss.backward()
    ~~~~~~~~~~~~~^^
  File "/home/agni/waymo/iscai_stage1/.venv_lidar/lib/python3.13/site-packages/torch/_tensor.py", line 623, in backward
    torch.autograd.backward(
    ~~~~~~~~~~~~~~~~~~~~~~~^
        self, gradient, retain_graph, create_graph, inputs=inputs
        ^^^^^^^^^^^^^^^^^^^^^^^^^^^^^^^^^^^^^^^^^^^^^^^^^^^^^^^^^
    )
    ^
  File "/home/agni/waymo/iscai_stage1/.venv_lidar/lib/python3.13/site-packages/torch/autograd/__init__.py", line 395, in backward
    _engine_run_backward(
    ~~~~~~~~~~~~~~~~~~~~^
        tensors,
        ^^^^^^^^
    ...<5 lines>...
        accumulate_grad=True,
        ^^^^^^^^^^^^^^^^^^^^^
    )
    ^
  File "/home/agni/waymo/iscai_stage1/.venv_lidar/lib/python3.13/site-packages/torch/autograd/graph.py", line 979, in _engine_run_backward
    return Variable._execution_engine.run_backward(  # Calls into the C++ engine to run the backward pass
           ~~~~~~~~~~~~~~~~~~~~~~~~~~~~~~~~~~~~~~~^^^^^^^^^^^^^^^^^^^^^^^^^^^^^^^^^^^^^^^^^^^^^^^^^^^^^^^
        t_outputs, *args, **kwargs
        ^^^^^^^^^^^^^^^^^^^^^^^^^^
    )  # Calls into the C++ engine to run the backward pass
    ^
  File "/home/agni/waymo/iscai_stage1/.venv_lidar/lib/python3.13/site-packages/torch/_native/registry.py", line 923, in eager_router
    result = _dispatch(args, kwargs, swallow_cond_exceptions=False)
  File "/home/agni/waymo/iscai_stage1/.venv_lidar/lib/python3.13/site-packages/torch/_native/registry.py", line 919, in _dispatch
    return getattr(torch.ops._native, impl_name)(*args, **kwargs)
           ~~~~~~~~~~~~~~~~~~~~~~~~~~~~~~~~~~~~~^^^^^^^^^^^^^^^^^
  File "/home/agni/waymo/iscai_stage1/.venv_lidar/lib/python3.13/site-packages/torch/_ops.py", line 1279, in __call__
    return self._op(*args, **kwargs)
           ~~~~~~~~^^^^^^^^^^^^^^^^^
  File "/home/agni/waymo/iscai_stage1/.venv_lidar/lib/python3.13/site-packages/torch/_native/ops/bmm_outer_product/triton_impl.py", line 28, in _bmm_outer_product_impl
    return bmm_outer_product(a, b)
  File "/home/agni/waymo/iscai_stage1/.venv_lidar/lib/python3.13/site-packages/torch/_native/ops/bmm_outer_product/triton_kernels.py", line 76, in bmm_outer_product
    _bmm_outer_product_kernel[(B * triton.cdiv(M, BLOCK_M) * triton.cdiv(N, BLOCK_N),)](
    ~~~~~~~~~~~~~~~~~~~~~~~~~~~~~~~~~~~~~~~~~~~~~~~~~~~~~~~~~~~~~~~~~~~~~~~~~~~~~~~~~~~^
        a,
        ^^
    ...<13 lines>...
        BLOCK_N=BLOCK_N,
        ^^^^^^^^^^^^^^^^
    )
    ^
  File "/home/agni/waymo/iscai_stage1/.venv_lidar/lib/python3.13/site-packages/triton/runtime/jit.py", line 370, in <lambda>
    return lambda *args, **kwargs: self.run(grid=grid, warmup=False, *args, **kwargs)
                                   ~~~~~~~~^^^^^^^^^^^^^^^^^^^^^^^^^^^^^^^^^^^^^^^^^^
  File "/home/agni/waymo/iscai_stage1/.venv_lidar/lib/python3.13/site-packages/triton/runtime/jit.py", line 713, in run
    device = driver.active.get_current_device()
             ^^^^^^^^^^^^^
  File "/home/agni/waymo/iscai_stage1/.venv_lidar/lib/python3.13/site-packages/triton/runtime/driver.py", line 39, in active
    self._active = self.default
                   ^^^^^^^^^^^^
  File "/home/agni/waymo/iscai_stage1/.venv_lidar/lib/python3.13/site-packages/triton/runtime/driver.py", line 33, in default
    self._default = _create_driver()
                    ~~~~~~~~~~~~~~^^
  File "/home/agni/waymo/iscai_stage1/.venv_lidar/lib/python3.13/site-packages/triton/runtime/driver.py", line 21, in _create_driver
    return active_drivers[0]()
           ~~~~~~~~~~~~~~~~~^^
  File "/home/agni/waymo/iscai_stage1/.venv_lidar/lib/python3.13/site-packages/triton/backends/nvidia/driver.py", line 336, in __init__
    self.utils = CudaUtils()  # TODO: make static
                 ~~~~~~~~~^^
  File "/home/agni/waymo/iscai_stage1/.venv_lidar/lib/python3.13/site-packages/triton/backends/nvidia/driver.py", line 66, in __init__
    mod = compile_module_from_src(
        src=Path(os.path.join(dirname, "driver.c")).read_text(),
    ...<3 lines>...
        libraries=libraries,
    )
  File "/home/agni/waymo/iscai_stage1/.venv_lidar/lib/python3.13/site-packages/triton/runtime/build.py", line 93, in compile_module_from_src
    so = _build(name, src_path, tmpdir, library_dirs or [], include_dirs or [], libraries or [], ccflags or [])
  File "/home/agni/waymo/iscai_stage1/.venv_lidar/lib/python3.13/site-packages/triton/runtime/build.py", line 48, in _build
    subprocess.check_call(cc_cmd, stdout=subprocess.DEVNULL)
    ~~~~~~~~~~~~~~~~~~~~~^^^^^^^^^^^^^^^^^^^^^^^^^^^^^^^^^^^
  File "/usr/lib/python3.13/subprocess.py", line 419, in check_call
    raise CalledProcessError(retcode, cmd)
subprocess.CalledProcessError: Command '['/usr/bin/gcc', '/tmp/tmpncpx1ah0/cuda_utils.c', '-O3', '-shared', '-fPIC', '-Wno-psabi', '-o', '/tmp/tmpncpx1ah0/cuda_utils.cpython-313-x86_64-linux-gnu.so', '-l:libcuda.so.1', '-L/home/agni/waymo/iscai_stage1/.venv_lidar/lib/python3.13/site-packages/triton/backends/nvidia/lib', '-L/lib/x86_64-linux-gnu', '-I/home/agni/waymo/iscai_stage1/.venv_lidar/lib/python3.13/site-packages/triton/backends/nvidia/include', '-I/tmp/tmpncpx1ah0', '-I/usr/include/python3.13']' returned non-zero exit status 1.


============================================================
STAGE4 BLOCK 4.4 PART 1/2
============================================================
STATUS = BLOCKED
phase  = scientific_preflight
reason = Command '['/usr/bin/gcc', '/tmp/tmpncpx1ah0/cuda_utils.c', '-O3', '-shared', '-fPIC', '-Wno-psabi', '-o', '/tmp/tmpncpx1ah0/cuda_utils.cpython-313-x86_64-linux-gnu.so', '-l:libcuda.so.1', '-L/home/agni/waymo/iscai_stage1/.venv_lidar/lib/python3.13/site-packages/triton/backends/nvidia/lib', '-L/lib/x86_64-linux-gnu', '-I/home/agni/waymo/iscai_stage1/.venv_lidar/lib/python3.13/site-packages/triton/backends/nvidia/include', '-I/tmp/tmpncpx1ah0', '-I/usr/include/python3.13']' returned non-zero exit status 1.

RECOVERY:
Check nvidia-smi first. This preflight uses only a batch of 32 and should not stress the RTX A6000. Do not reduce the scientific model configuration automatically.

Block4.3 modified      = NO
Gaussian training      = NOT STARTED
shell process status   = SAFE / EXIT 0
report = /home/agni/waymo/iscai_stage4/reports/block44_part1_safe_gate.json
