============================================================
STAGE4 BLOCK 4.4 PART 1/2 PREFLIGHT
============================================================
Block4.3 frozen upstream    = PASS
deterministic checkpoint    = PASS
fit/dev cache reuse         = PASS
fit-only normalization      = PASS
Gaussian family             = FULL 3D
covariance parameterization = CHOLESKY
predictive covariance SPD   = PASS
initial deterministic mean  = EXACT MATCH
initial predictive std      = 0.5 normalized
measurement R_t             = INPUT
predictive covariance       = MODEL OUTPUT
uncertainty separation      = PASS
CUDA Gaussian forward       = PASS
CUDA Gaussian NLL           = PASS
CUDA Gaussian backward      = PASS
metric covariance transform = PASS
raw coverage 50/80/90/95/99= PASS
full Stage4 regression      = 60 / 60 PASS
STATUS = PASS
report = /home/agni/waymo/iscai_stage4/reports/block44_preflight.json

