============================================================
STAGE 6 — BLOCK 6.8 PART 2/2
FINAL ILLUMINATION ROUTE EXTRACTION
READ-ONLY SCIENTIFIC DIAGNOSIS
============================================================

===== A. FROZEN SEALS =====
reconciliation       = EXACT PASS
metric protocol      = EXACT PASS
metric runtime       = EXACT PASS
metric interface     = EXACT PASS
development route    = PASS

===== B. CLASS-AWARE MODULE DATACLASSES =====

ClassAwareComposition
    illumination_minimum : np.ndarray
    vru_floor_guard : np.ndarray
    raw_class_aware_illumination : np.ndarray
    semantics : str

MarginComputation
    actor_class : str
    predicted_center_H0_xy_m : tuple[float, float]
    predicted_range_m : float
    lateral_predictive_sigma_m : float
    closing_speed_mps : float
    cyclist_lateral_rate_mps : float
    part_a_generic_lateral_margin_m : float
    additional_class_margin_m : float
    total_lateral_margin_m : float

RateLimitedSchedule
    illumination : np.ndarray
    safety_override_mask : np.ndarray
    safety_override_count : int
    safety_override_fraction : float
    semantics : str

ClassAwareComposition.illumination = ABSENT CONFIRMED
ClassAwareComposition.raw_class_aware_illumination = PRESENT

===== C. RELEVANT FUNCTION SIGNATURES =====

apply_actuation_rate_limit
   signature = (smoothed_schedule, *, current_illumination, horizons_s: 'Sequence[float]', rho_dim_per_s: 'float', rho_bright_per_s: 'float', vru_floor_guard=None) -> 'RateLimitedSchedule'
   return     = RateLimitedSchedule

compose_class_aware_illumination
   signature = (*, class_illumination: 'Mapping[str, np.ndarray]', class_active_masks: 'Mapping[str, np.ndarray]', class_floors: 'Mapping[str, float]') -> 'ClassAwareComposition'
   return     = ClassAwareComposition

dilate_mask_theta
   signature = (mask, *, dilation_cells: 'int') -> 'np.ndarray'
   return     = np.ndarray

predictive_mask_to_illumination
   signature = (mask, *, range_centers_m, intensity_floor: 'float') -> 'np.ndarray'
   return     = np.ndarray

temporal_smooth_schedule
   signature = (raw_schedule, *, current_illumination, horizons_s: 'Sequence[float]', time_constant_s: 'float') -> 'np.ndarray'
   return     = np.ndarray

===== D. EXACT PIPELINE SOURCE EXCERPTS =====

------------------------------------------------------------
FUNCTION: compose_class_aware_illumination
------------------------------------------------------------
def compose_class_aware_illumination(
    *,
    class_illumination: Mapping[
        str,
        np.ndarray,
    ],
    class_active_masks: Mapping[
        str,
        np.ndarray,
    ],
    class_floors: Mapping[
        str,
        float,
    ],
) -> ClassAwareComposition:
    """
    Frozen overlap semantics:

      I_min = minimum over active class illumination maps

      F_vru(cell) =
          max(
              pedestrian floor if pedestrian active,
              cyclist floor if cyclist active,
              0
          )

      I_raw = max(I_min, F_vru)

    Thus a vehicle cannot force an overlapping VRU cell below
    the active VRU's non-blackout floor.
    """

    if not class_illumination:
        raise ValueError(
            "class_illumination cannot be empty"
        )

    keys = tuple(
        class_illumination.keys()
    )

    for key in keys:
        _validate_actor_class(
            key
        )

    arrays = {
        key:
            np.asarray(
                value,
                dtype=np.float64,
            )
        for key, value
        in class_illumination.items()
    }

    reference_shape = next(
        iter(
            arrays.values()
        )
    ).shape

    if len(
        reference_shape
    ) != 3:
        raise ValueError(
            "class illumination arrays must have shape "
            "[horizon,theta,range]"
        )

    for key, array in arrays.items():
        if array.shape != reference_shape:
            raise ValueError(
                "class illumination shapes differ"
            )

        if not np.all(
            np.isfinite(array)
        ):
            raise ValueError(
                f"{key} illumination contains "
                "non-finite values"
            )

        if (
            np.any(array < 0.0)
            or
            np.any(array > 1.0)
        ):
            raise ValueError(
                f"{key} illumination must lie in [0,1]"
            )

    minimum = np.minimum.reduce(
        [
            arrays[key]
            for key in keys
        ]
    )

    vru_guard = np.zeros(
        reference_shape,
        dtype=np.float64,
    )

    for vru_class in (
        TYPE_PEDESTRIAN,
        TYPE_CYCLIST,
    ):
        if vru_class not in arrays:
            continue

        if vru_class not in class_active_masks:
            raise ValueError(
                f"missing active mask for {vru_class}"
            )

        if vru_class not in class_floors:
            raise ValueError(
                f"missing floor for {vru_class}"
            )

        active = np.asarray(
            class_active_masks[
                vru_class
            ],
            dtype=bool,
        )

        if active.shape != reference_shape:
            raise ValueError(
                f"{vru_class} active mask shape differs"
            )

        floor = _finite_scalar(
            class_floors[
                vru_class
            ],
            name=f"{vru_class}_floor",
        )

        if not (
            0.0 < floor <= 1.0
        ):
            raise ValueError(
                "VRU floors must satisfy 0 < floor <= 1"
            )

        vru_guard = np.maximum(
            vru_guard,
            np.where(
                active,
                floor,
                0.0,
            ),
        )

    raw = np.maximum(
        minimum,

------------------------------------------------------------
FUNCTION: temporal_smooth_schedule
------------------------------------------------------------
def temporal_smooth_schedule(
    raw_schedule,
    *,
    current_illumination,
    horizons_s: Sequence[float],
    time_constant_s: float,
) -> np.ndarray:
    """
    Frozen causal smoothing equation:

        alpha_h = 1-exp(-dt_h/T)
        I_h = alpha_h*raw_h + (1-alpha_h)*I_prev

    Initial I_prev is current causal illumination.
    """

    raw = np.asarray(
        raw_schedule,
        dtype=np.float64,
    )

    current = np.asarray(
        current_illumination,
        dtype=np.float64,
    )

    horizons = np.asarray(
        tuple(
            float(value)
            for value in horizons_s
        ),
        dtype=np.float64,
    )

    T = _finite_scalar(
        time_constant_s,
        name="time_constant_s",
    )

    if raw.ndim != 3:
        raise ValueError(
            "raw_schedule must have shape "
            "[horizon,theta,range]"
        )

    if current.shape != raw.shape[1:]:
        raise ValueError(
            "current_illumination shape mismatch"
        )

    if horizons.shape != (
        raw.shape[0],
    ):
        raise ValueError(
            "horizons_s length mismatch"
        )

    if not np.all(
        np.isfinite(raw)
    ):
        raise ValueError(
            "raw_schedule contains non-finite values"
        )

    if not np.all(
        np.isfinite(current)
    ):
        raise ValueError(
            "current_illumination contains non-finite values"
        )

    if (
        np.any(raw < 0.0)
        or
        np.any(raw > 1.0)
        or
        np.any(current < 0.0)
        or
        np.any(current > 1.0)
    ):
        raise ValueError(
            "illumination must lie in [0,1]"
        )

    if T <= 0.0:
        raise ValueError(
            "time_constant_s must be > 0"
        )

    if (
        horizons.size == 0
        or
        horizons[0] <= 0.0
        or
        np.any(
            np.diff(
                horizons
            )
            <=
            0.0
        )
    ):
        raise ValueError(
            "horizons_s must be strictly increasing "
            "positive times"
        )

    output = np.empty_like(
        raw,
        dtype=np.float64,
    )

    previous = current.copy()
    previous_time = 0.0

    for index, horizon in enumerate(
        horizons
    ):
        dt = float(
            horizon
            -
            previous_time
        )

        alpha = (
            1.0
            -
            math.exp(
                -dt
                /
                T
            )
        )

        current_output = (
            alpha
            *
            raw[
                index
            ]
            +
            (
                1.0
                -
                alpha
            )
            *
            previous
        )

        output[
            index
        ] = current_output

        previous = current_output
        previous_time = float(
            horizon
        )

    return np.clip(

------------------------------------------------------------
FUNCTION: apply_actuation_rate_limit
------------------------------------------------------------
def apply_actuation_rate_limit(
    smoothed_schedule,
    *,
    current_illumination,
    horizons_s: Sequence[float],
    rho_dim_per_s: float,
    rho_bright_per_s: float,
    vru_floor_guard=None,
) -> RateLimitedSchedule:
    """
    Frozen finite-rate semantics:

        I_rate = clip(
            I_smooth,
            I_prev-rho_dim*dt,
            I_prev+rho_bright*dt
        )

    Then the active VRU floor is re-applied and every cell
    changed by this safety projection is counted.
    """

    smooth = np.asarray(
        smoothed_schedule,
        dtype=np.float64,
    )

    current = np.asarray(
        current_illumination,
        dtype=np.float64,
    )

    horizons = np.asarray(
        tuple(
            float(value)
            for value in horizons_s
        ),
        dtype=np.float64,
    )

    rho_dim = _finite_scalar(
        rho_dim_per_s,
        name="rho_dim_per_s",
    )

    rho_bright = _finite_scalar(
        rho_bright_per_s,
        name="rho_bright_per_s",
    )

    if smooth.ndim != 3:
        raise ValueError(
            "smoothed_schedule must have shape "
            "[horizon,theta,range]"
        )

    if current.shape != smooth.shape[1:]:
        raise ValueError(
            "current_illumination shape mismatch"
        )

    if horizons.shape != (
        smooth.shape[0],
    ):
        raise ValueError(
            "horizons_s length mismatch"
        )

    if (
        rho_dim <= 0.0
        or
        rho_bright <= 0.0
    ):
        raise ValueError(
            "rate limits must be finite and > 0"
        )

    if rho_dim < rho_bright:
        raise ValueError(
            "rho_dim_per_s must be >= rho_bright_per_s"
        )

    if (
        horizons.size == 0
        or
        horizons[0] <= 0.0
        or
        np.any(
            np.diff(
                horizons
            )
            <=
            0.0
        )
    ):
        raise ValueError(
            "horizons_s must be strictly increasing "
            "positive times"
        )

    if vru_floor_guard is None:
        guard = np.zeros_like(
            smooth,
            dtype=np.float64,
        )

    else:
        guard = np.asarray(
            vru_floor_guard,
            dtype=np.float64,
        )

        if guard.shape != smooth.shape:
            raise ValueError(
                "vru_floor_guard shape mismatch"
            )

        if (
            np.any(guard < 0.0)
            or
            np.any(guard > 1.0)
        ):
            raise ValueError(
                "vru_floor_guard must lie in [0,1]"
            )

    output = np.empty_like(
        smooth,
        dtype=np.float64,
    )

    override_mask = np.zeros(
        smooth.shape,
        dtype=bool,
    )

    previous = current.copy()
    previous_time = 0.0

    for index, horizon in enumerate(
        horizons
    ):
        dt = float(
            horizon
            -
            previous_time
        )

        lower = np.maximum(
            0.0,
            previous
            -
            rho_dim
            *
            dt,
        )

        upper = np.minimum(
            1.0,
            previous

===== E. AST PRODUCER / CONSUMER CHAIN =====

L0080 _validate_actor_class
   calls = ['ValueError', 'str']
   returns = ['value']

L0248 compute_class_aware_margin
   calls = ['MarginComputation', 'ValueError', '_covariance_xy', '_finite_scalar', '_validate_actor_class', '_xy', 'abs', 'asarray', 'float', 'max', 'norm', 'sqrt']
   returns = ['call:MarginComputation']

L0579 dilate_mask_theta
   calls = ['ValueError', 'asarray', 'copy', 'int', 'range']
   returns = ['call:copy', 'result']

L0657 predictive_mask_to_illumination
   calls = ['ValueError', '_finite_scalar', 'all', 'any', 'asarray', 'diff', 'flatnonzero', 'float', 'int', 'isfinite', 'ones', 'part_a_radial_profile', 'range']
   returns = ['output']

L0807 compose_class_aware_illumination
   calls = ['ClassAwareComposition', 'ValueError', '_finite_scalar', '_validate_actor_class', 'all', 'any', 'asarray', 'isfinite', 'items', 'iter', 'keys', 'len', 'maximum', 'next', 'reduce', 'tuple', 'values', 'where', 'zeros']
   returns = ['call:ClassAwareComposition']
   illumination constructors = [{'call': 'ClassAwareComposition', 'keywords': ['illumination_minimum', 'vru_floor_guard', 'raw_class_aware_illumination']}]

L0991 temporal_smooth_schedule
   calls = ['ValueError', '_finite_scalar', 'all', 'any', 'asarray', 'clip', 'copy', 'diff', 'empty_like', 'enumerate', 'exp', 'float', 'isfinite', 'tuple']
   returns = ['call:clip']

L1157 apply_actuation_rate_limit
   calls = ['RateLimitedSchedule', 'ValueError', '_finite_scalar', 'any', 'asarray', 'copy', 'count_nonzero', 'diff', 'empty_like', 'enumerate', 'float', 'int', 'maximum', 'minimum', 'tuple', 'zeros', 'zeros_like']
   returns = ['call:RateLimitedSchedule']
   illumination constructors = [{'call': 'RateLimitedSchedule', 'keywords': ['illumination', 'safety_override_mask', 'safety_override_count', 'safety_override_fraction']}]

===== F. `illumination=` PRODUCER SEARCH =====
producer function = apply_actuation_rate_limit
constructor       = RateLimitedSchedule
keywords          = ['illumination', 'safety_override_mask', 'safety_override_count', 'safety_override_fraction']


===== G. FINAL I_FINAL ROUTE CANDIDATES =====
dataclasses with exact `illumination` field = ['RateLimitedSchedule']
schedule/rate ndarray-return functions = ['temporal_smooth_schedule']
illumination constructor producers = [{'function': 'apply_actuation_rate_limit', 'line': 1157, 'constructor': 'RateLimitedSchedule', 'keywords': ['illumination', 'safety_override_mask', 'safety_override_count', 'safety_override_fraction']}]

===== H. SCIENTIFIC BOUNDARY =====
development records read      = NO
development metrics computed  = NO
numeric bounds selected       = NO
formal content opened         = NO
formal outcomes read          = NO
policy tuning                 = NO
scientific source modified    = NO

===== I. FULL STAGE6 REGRESSION =====
Stage6 regression = 202 / 202 PASS

===== J. IMMUTABILITY =====
class_aware_policy.py = UNCHANGED
reconciled metrics     = UNCHANGED

===== K. STORAGE =====
free GiB        = 1052.775
250-GiB reserve = PASS

============================================================
BLOCK 6.8 FINAL ILLUMINATION ROUTE — FINAL
============================================================
previous binder assumption  = FALSE
scientific implementation   = UNCHANGED
ClassAwareComposition raw I = PROVEN
post-composition producers  = 1
final-field candidates      = ['RateLimitedSchedule']
schedule-array candidates   = ['temporal_smooth_schedule']
development metrics         = NOT COMPUTED
numeric bounds              = NOT SELECTED
formal content              = NOT OPENED
policy tuning               = NO
Stage6 regression           = 202 / 202 PASS
STATUS = PASS_FINAL_ILLUMINATION_ROUTE_EXTRACTED
report = /home/agni/waymo/iscai_stage6/reports/block68_final_illumination_route_extract.json
terminal remains open = YES
