STAGE5 FULLPDF V2 — EVALUATOR TRUTH BINDING SOURCE CONTRACT V1
NO FORMAL EXECUTION / NO TRUTH CONTENT READ / NO SCIENTIFIC MUTATION

===== SUMMARY JSON =====
{
  "V3": {
    "Stage6_allowed": false,
    "formal_failure_reason": "No frozen V2 evaluator-truth binding could be resolved after sealing decisions.",
    "formal_status": "FAIL_CLOSED_FULLPDF_V2_FORMAL"
  },
  "candidate_truth_contents_opened": false,
  "current_hashes": {
    "Checker2_V3_pretruth_seal": "28209ad30bd0c4acdd62ca6f43205fd24fb943f7df4f9f61bc6f62a7df10a705",
    "Stage4_ledger": "2dd3c396d5c365677c41b3a0df6344a7c28d423daaa368dbe466bd4b17b4c2a8",
    "V3_log": "56f3c3c6cbade9546b1792b7a79735f02e95f96a1f956ae9a6b5d927f38dbbc1",
    "V3_postrun": "8ae664005203cf80175f0da0afcd01431b6dac6e83c1c1026e8c66878366ab67",
    "authority_seal": "78be461e8f66f964f024acacb8f979be96febff7fdf761a4158de6fe3dcf7591",
    "checker2": "5e77d678af188d3f0b34b84ab53ddc78fc1b2921c6bea573dd9722c439c63599",
    "formal_checker": "342344902e6b00cb841036dcdc0e54f1e1ba396344fa602864521890f5eb5da5",
    "protocol": "91dec3cc3d3a7b72385f012d1d2bfdb8981a497e1344f585d38f3e05f2e4fa5a",
    "receiver_binding": "5a5516ee050d2fd1c0a571193007650e75f23836b2734ee3df1950cc04f2e1c8",
    "runtime": "e57708e9332bb40e84f18270e483d91165e26c149b80e82c8f10b4df44376249"
  },
  "decision_artifact_inventory": {
    "count": 2,
    "files": [
      {
        "mode_octal": "0o444",
        "path": "/home/agni/waymo/iscai_stage5/artifacts/fullpdf_v2_independent_formal/decision_ledger_sealed.jsonl",
        "read_only": true,
        "sha256": "751703975b3fc837cc1cf660cf1321db5768323d6cf2fbef524d05a3dbb48af4",
        "size": 626833800,
        "writable_bits": 0
      },
      {
        "mode_octal": "0o664",
        "path": "/home/agni/waymo/iscai_stage5/artifacts/fullpdf_v2_independent_formal/decision_ledger_seal.json",
        "read_only": false,
        "sha256": "7dd490f4f7ffb61f9aa011fbca25e896fab033d0b11635c03cbc2f3254747bb4",
        "size": 465,
        "writable_bits": 144
      }
    ],
    "read_only_sealed_count": 1
  },
  "formal_checker_executed": false,
  "formal_report": {
    "G13": true,
    "G14": true,
    "Stage5": "REPAIRED_AND_FROZEN_PRE_FORMAL",
    "Stage6_allowed": false,
    "event_names": [
      "PRETRUTH_TECHNICAL_RERUN_ADMITTED",
      "FORMAL_CHECKER_STARTED",
      "REGRESSION_STARTED",
      "CAUSAL_BINDING_RESOLUTION_STARTED",
      "DECISION_PASS_1_STARTED",
      "DECISION_PASS_1_COMPLETE",
      "DECISION_PASS_2_STARTED",
      "DECISION_LEDGER_SEALED",
      "EVALUATOR_TRUTH_BOUNDARY_OPENED"
    ],
    "failure_reason": "No frozen V2 evaluator-truth binding could be resolved after sealing decisions.",
    "status": "FAIL_CLOSED_FULLPDF_V2_FORMAL"
  },
  "functions": {
    "candidate_v2_paths": {
      "calls": [
        "Path",
        "add",
        "any",
        "collect_strings",
        "exists",
        "is_absolute",
        "is_file",
        "isinstance",
        "load_json_file",
        "lower",
        "resolve",
        "rglob",
        "set",
        "sorted",
        "str",
        "values"
      ],
      "end_line": 1071,
      "start_line": 945,
      "string_literals": [
        "*",
        ".json",
        ".jsonl",
        "anchor",
        "artifacts/fullpdf_v2",
        "artifacts/fullpdf_v2_repair",
        "artifacts/stage5_fullpdf_v2",
        "binding",
        "causal",
        "current",
        "debug",
        "evaluator",
        "future",
        "identity",
        "invalidated",
        "metadata",
        "pre_",
        "quarantine",
        "receiver",
        "target",
        "truth"
      ]
    },
    "canonical_json": {
      "calls": [
        "dumps"
      ],
      "end_line": 148,
      "start_line": 141,
      "string_literals": [
        ",",
        ":"
      ]
    },
    "evaluate_sealed_decisions": {
      "calls": [
        "all",
        "any",
        "append",
        "beam_contains",
        "bool",
        "defaultdict",
        "float",
        "frozen_optical_chain",
        "get",
        "int",
        "isfinite",
        "len",
        "list",
        "max",
        "mean",
        "require",
        "sorted",
        "sum",
        "truth_point_or_angle"
      ],
      "end_line": 3507,
      "start_line": 2994,
      "string_literals": [
        "DPSK_BER",
        "Evaluator attempted hidden/free beam.",
        "Optical evaluator count != charged probe count.",
        "Recovery mechanisms are structurally mandatory; a zero formal occurrence is not itself a failure when the frozen regression exercises the mechanism.",
        "actual_charged_plan_hit",
        "adaptive_TopK",
        "beam",
        "beam_probing_latency_s",
        "best_charged_optical_link",
        "charged_probe_count",
        "charged_probes",
        "codebook_size",
        "codebooks",
        "coverage_pass",
        "coverage_targets",
        "effective_rate_bps",
        "empirical_coverage",
        "exhaustive_loss_of_lock",
        "free_probe_count",
        "full_optical_chain_complete",
        "future_endpoint_valid",
        "horizon_s",
        "latency_all_strata_pass",
        "latency_pass",
        "local_neighbor",
        "local_neighbor_recovery",
        "mass_covering_set_hit",
        "mean_actual_charged_overhead_fraction",
        "mean_beam_probing_latency_s",
        "modes",
        "no_free_probes",
        "note",
        "optical_gain",
        "outside_support_probability",
        "overhead_reduction_vs_exhaustive_all_strata_pass",
        "overhead_reduction_vs_exhaustive_pass",
        "posterior",
        "prediction_id",
        "probing_overhead_fraction",
        "provenance",
        "received_power_normalized",
        "receiver_geometry",
        "receiver_mode",
        "recovery_event_counts",
        "requested_coverage_all_strata_pass",
        "requested_mass",
        "scenario_id",
        "selected_beams",
        "sizes",
        "snr_db",
        "snr_linear",
        "strata",
        "total_decision_rows",
        "truth_azimuth_rad",
        "truth_elevation_rad",
        "valid_endpoints",
        "valid_evaluator_rows",
        "widened_fallback"
      ]
    },
    "event": {
      "calls": [
        "append",
        "json_safe",
        "len"
      ],
      "end_line": 298,
      "start_line": 288,
      "string_literals": [
        "event",
        "sequence"
      ]
    },
    "has_forbidden_causal_payload": {
      "calls": [
        "any",
        "has_forbidden_causal_payload",
        "isinstance",
        "items",
        "lower",
        "safe_negative_marker",
        "str"
      ],
      "end_line": 752,
      "start_line": 726,
      "string_literals": []
    },
    "json_safe": {
      "calls": [
        "asdict",
        "hasattr",
        "is_dataclass",
        "isinstance",
        "item",
        "items",
        "json_safe",
        "repr",
        "startswith",
        "str",
        "tolist",
        "vars"
      ],
      "end_line": 196,
      "start_line": 151,
      "string_literals": [
        "_",
        "__dict__"
      ]
    },
    "load_json_file": {
      "calls": [
        "loads",
        "read_text"
      ],
      "end_line": 512,
      "start_line": 507,
      "string_literals": [
        "utf-8"
      ]
    },
    "load_records": {
      "calls": [
        "append",
        "get",
        "isinstance",
        "len",
        "load_json_file",
        "loads",
        "lower",
        "open",
        "strip"
      ],
      "end_line": 580,
      "start_line": 515,
      "string_literals": [
        ".json",
        ".jsonl",
        "items",
        "predictions",
        "r",
        "receivers",
        "records",
        "rows",
        "samples",
        "utf-8"
      ]
    },
    "parse_causal_row": {
      "calls": [
        "class_is_vehicle",
        "float",
        "has_forbidden_causal_payload",
        "isfinite",
        "parse_dimensions",
        "recursively_find_alias",
        "str"
      ],
      "end_line": 942,
      "start_line": 840,
      "string_literals": [
        "actor_class",
        "anchor_heading_h0_rad",
        "class_name",
        "current_heading_h0_rad",
        "heading_h0_rad",
        "heading_rad",
        "height_m",
        "is_primary_receiver",
        "is_selected_receiver",
        "length_m",
        "object_class",
        "object_type",
        "prediction_id",
        "receiver_prediction_id",
        "receiver_selected",
        "scenario_id",
        "selected_receiver",
        "selected_receiver_prediction_id",
        "selection_flag_present",
        "semantic_class",
        "width_m",
        "yaw_h0_rad"
      ]
    },
    "parse_dimensions": {
      "calls": [
        "asarray",
        "float",
        "recursively_find_alias"
      ],
      "end_line": 837,
      "start_line": 770,
      "string_literals": [
        "actor_dimensions_m",
        "actor_height_m",
        "actor_length_m",
        "actor_width_m",
        "anchor_height_m",
        "anchor_length_m",
        "anchor_width_m",
        "box_dimensions_m",
        "current_dimensions_m",
        "current_height_m",
        "current_length_m",
        "current_width_m",
        "dimensions_m",
        "height_m",
        "length_m",
        "width_m"
      ]
    },
    "recursively_find_alias": {
      "calls": [
        "isinstance",
        "items",
        "lower",
        "recursively_find_alias",
        "str",
        "values"
      ],
      "end_line": 334,
      "start_line": 301,
      "string_literals": []
    },
    "require": {
      "calls": [
        "FailClosed"
      ],
      "end_line": 271,
      "start_line": 266,
      "string_literals": []
    },
    "resolve_truth_binding": {
      "calls": [
        "any",
        "append",
        "candidate_v2_paths",
        "canonical_json",
        "defaultdict",
        "event",
        "iter",
        "json_safe",
        "len",
        "list",
        "load_records",
        "lower",
        "next",
        "recursively_find_alias",
        "require",
        "sha256_file",
        "sorted",
        "str",
        "values"
      ],
      "end_line": 2603,
      "start_line": 2467,
      "string_literals": [
        "EVALUATOR_TRUTH_BOUNDARY_OPENED",
        "Evaluator truth access attempted before decision-ledger seal.",
        "Multiple scientifically distinct evaluator truth bindings found: ",
        "No frozen V2 evaluator-truth binding could be resolved after sealing decisions.",
        "future",
        "prediction_id",
        "receiver_azimuth",
        "receiver_point",
        "receiver_position",
        "scenario_id",
        "truth"
      ]
    },
    "sha256_file": {
      "calls": [
        "hexdigest",
        "iter",
        "open",
        "read",
        "sha256",
        "update"
      ],
      "end_line": 138,
      "start_line": 128,
      "string_literals": [
        "rb"
      ]
    },
    "truth_point_or_angle": {
      "calls": [
        "abs",
        "asarray",
        "float",
        "int",
        "isscalar",
        "point_to_angles",
        "recursively_find_alias",
        "rotation_z",
        "select_horizon_value",
        "sorted",
        "str",
        "truth_source_for_mode"
      ],
      "end_line": 2464,
      "start_line": 2220,
      "string_literals": [
        "azimuth_rad",
        "causal_actor_geometry",
        "centroid",
        "elevation_rad",
        "frozen_receiver_offset_body_m",
        "future_actor_center_H0_m",
        "future_center_H0_m",
        "future_centers_H0_m",
        "future_heading_H0_rad",
        "future_heading_h0_rad",
        "future_position_H0_m",
        "future_positions_H0_m",
        "future_receiver_H0_m",
        "future_valid",
        "future_yaw_H0_rad",
        "future_yaw_h0_rad",
        "horizon_index",
        "horizon_s",
        "known",
        "length_m",
        "prediction_horizon_s",
        "realized_receiver_offset_body_m",
        "receiver_azimuth_rad",
        "receiver_elevation_rad",
        "receiver_mode",
        "receiver_point_H0_m",
        "receiver_position_H0_m",
        "receiver_truth_H0_m",
        "receiver_valid",
        "truth_azimuth_rad",
        "truth_elevation_rad",
        "uncertain",
        "uncertain_receiver_offset_body_m",
        "valid"
      ]
    },
    "truth_source_for_mode": {
      "calls": [
        "isinstance",
        "recursively_find_alias"
      ],
      "end_line": 2217,
      "start_line": 2180,
      "string_literals": [
        "centroid",
        "centroid_baseline",
        "evaluator_receiver_truth",
        "known",
        "known_receiver_offset",
        "receiver_modes",
        "receiver_truth_by_mode",
        "truth_by_receiver_mode",
        "uncertain",
        "uncertain_receiver_offset"
      ]
    }
  },
  "interesting_global_constants": {
    "DECISION_LEDGER_SEALED": {
      "expression": "False",
      "line": 113
    },
    "EVALUATOR_ROWS": {
      "expression": "OUT / 'formal_evaluator_rows.jsonl'",
      "line": 80
    },
    "EXPECTED_STAGE4_LEDGER_SHA": {
      "expression": "'2dd3c396d5c365677c41b3a0df6344a7c28d423daaa368dbe466bd4b17b4c2a8'",
      "line": 98
    },
    "FORMAL_TRUTH_OPENED": {
      "expression": "False",
      "line": 112
    },
    "RUN1_LEDGER": {
      "expression": "OUT / 'decision_pass_run1.jsonl'",
      "line": 76
    },
    "RUN2_LEDGER": {
      "expression": "OUT / 'decision_pass_run2.jsonl'",
      "line": 77
    },
    "SEALED_LEDGER": {
      "expression": "OUT / 'decision_ledger_sealed.jsonl'",
      "line": 78
    },
    "SEAL_REPORT": {
      "expression": "OUT / 'decision_ledger_seal.json'",
      "line": 79
    },
    "STAGE4_LEDGER": {
      "expression": "S4 / 'artifacts/fullpdf_v2/formal_prediction_ledger_run1.jsonl'",
      "line": 43
    }
  },
  "resolver": {
    "direct_calls": [
      "any",
      "append",
      "candidate_v2_paths",
      "canonical_json",
      "defaultdict",
      "event",
      "iter",
      "json_safe",
      "len",
      "list",
      "load_records",
      "lower",
      "next",
      "recursively_find_alias",
      "require",
      "sha256_file",
      "sorted",
      "str",
      "values"
    ],
    "end_line": 2603,
    "mentions_DECISION_LEDGER_SEALED": true,
    "sets_FORMAL_TRUTH_OPENED_true": true,
    "start_line": 2467
  },
  "scientific_artifacts_modified": false,
  "stage": 5,
  "status": "READ_ONLY_CONTRACT_AUDIT_PASS",
  "truth_named_file_inventory": {
    "contents_read": false,
    "count": 17,
    "files": [
      {
        "path": "/home/agni/waymo/iscai_stage5/artifacts/fullpdf_v2_independent_formal/checker2_pretruth_seal_superseding_v3.json",
        "sha256": "28209ad30bd0c4acdd62ca6f43205fd24fb943f7df4f9f61bc6f62a7df10a705",
        "size": 926
      },
      {
        "path": "/home/agni/waymo/iscai_stage5/artifacts/fullpdf_v2_independent_formal/superseding_formal_receiver_binding_checkerfix_pretruthfix_v3_invocation.json",
        "sha256": "f678d35c68d863810c91e397ed39c29074e447aff756eeb99143d95a18ee2c32",
        "size": 2003
      },
      {
        "path": "/home/agni/waymo/iscai_stage5/artifacts/fullpdf_v2_independent_formal/checker2_pretruth_seal.json",
        "sha256": "44b1ba5bd702f8081f4e7e8c07a9139ccaa9e588ec938851b652d05c82693803",
        "size": 926
      },
      {
        "path": "/home/agni/waymo/iscai_stage5/artifacts/fullpdf_v2_independent_formal/stage5_fullpdf_v2_receiver_binding_superseding_pretruth_seal_v1.json",
        "sha256": "b2c2035ee7839ceef3d8bf6039d5d181c993b5fac32113eca3df2723ef6c7c65",
        "size": 1620
      },
      {
        "path": "/home/agni/waymo/iscai_stage5/artifacts/fullpdf_v2_independent_formal/pretruth_checker_history/pretruth_failure_horizon_discovery.json",
        "sha256": "25574fe0a39985d8a54a93ffe03dfb5eec8b2b115b6a5e1516d61caa756be4f5",
        "size": 5258
      },
      {
        "path": "/home/agni/waymo/iscai_stage5/artifacts/fullpdf_v2_independent_formal/pretruth_checker_history/pretruth_failure_existing_report_guard.json",
        "sha256": "5271bad6281cd12c204c9af1d5302f793d2bccc66894b91d3d90eeb94ac37c93",
        "size": 721
      },
      {
        "path": "/home/agni/waymo/iscai_stage5/artifacts/fullpdf_v2_independent_formal/superseding_formal_v2_pre_run_history/010_checker2_pretruth_seal.json",
        "sha256": "44b1ba5bd702f8081f4e7e8c07a9139ccaa9e588ec938851b652d05c82693803",
        "size": 926
      },
      {
        "path": "/home/agni/waymo/iscai_stage5/artifacts/fullpdf_v2_independent_formal/superseding_formal_v2_pre_run_history/011_stage5_fullpdf_v2_receiver_binding_superseding_pretruth_seal_v1.json",
        "sha256": "b2c2035ee7839ceef3d8bf6039d5d181c993b5fac32113eca3df2723ef6c7c65",
        "size": 1620
      },
      {
        "path": "/home/agni/waymo/iscai_stage5/artifacts/fullpdf_v2_independent_formal/superseding_formal_v2_pre_run_history/006_stage5_fullpdf_v2_checker_probeplan_property_pretruth_seal_v1.json",
        "sha256": "1da2f7f5731c5574c3c4fcb0ec2a216296f338fd1cc5adcfbd2125bde85b3548",
        "size": 1555
      },
      {
        "path": "/home/agni/waymo/iscai_stage5/artifacts/fullpdf_v2_independent_formal/checker2_pretruth_authority_repair_v1/stage5_fullpdf_v2_checker2_pretruth_authority_superseding_seal_v1.json",
        "sha256": "78be461e8f66f964f024acacb8f979be96febff7fdf761a4158de6fe3dcf7591",
        "size": 1698
      },
      {
        "path": "/home/agni/waymo/iscai_stage5/artifacts/fullpdf_v2_independent_formal/probeplan_property_repair_v1/stage5_fullpdf_v2_checker_probeplan_property_pretruth_seal_v1.json",
        "sha256": "1da2f7f5731c5574c3c4fcb0ec2a216296f338fd1cc5adcfbd2125bde85b3548",
        "size": 1555
      },
      {
        "path": "/home/agni/waymo/iscai_stage5/artifacts/fullpdf_v2_independent_formal/checker2_pretruth_authority_repair_v1/pre_repair_history/01_checker2_pretruth_seal.json",
        "sha256": "44b1ba5bd702f8081f4e7e8c07a9139ccaa9e588ec938851b652d05c82693803",
        "size": 926
      },
      {
        "path": "/home/agni/waymo/iscai_stage5/artifacts/fullpdf_v2_independent_formal/checker2_pretruth_authority_repair_v1/pre_repair_history/08_stage5_fullpdf_v2_checker_probeplan_property_pretruth_seal_v1.json",
        "sha256": "1da2f7f5731c5574c3c4fcb0ec2a216296f338fd1cc5adcfbd2125bde85b3548",
        "size": 1555
      },
      {
        "path": "/home/agni/waymo/iscai_stage5/artifacts/fullpdf_v2_independent_formal/checker2_pretruth_authority_repair_v1/pre_repair_history/10_stage5_fullpdf_v2_receiver_binding_superseding_pretruth_seal_v1.json",
        "sha256": "b2c2035ee7839ceef3d8bf6039d5d181c993b5fac32113eca3df2723ef6c7c65",
        "size": 1620
      },
      {
        "path": "/home/agni/waymo/iscai_stage5/artifacts/fullpdf_v2_independent_formal/receiver_binding_failed_attempt_history/before_receiver_binding_20260826T200322Z/004_checker2_pretruth_seal.json",
        "sha256": "44b1ba5bd702f8081f4e7e8c07a9139ccaa9e588ec938851b652d05c82693803",
        "size": 926
      },
      {
        "path": "/home/agni/waymo/iscai_stage5/artifacts/fullpdf_v2_independent_formal/receiver_binding_failed_attempt_history/before_receiver_binding_20260826T200905Z/004_checker2_pretruth_seal.json",
        "sha256": "44b1ba5bd702f8081f4e7e8c07a9139ccaa9e588ec938851b652d05c82693803",
        "size": 926
      },
      {
        "path": "/home/agni/waymo/iscai_stage5/artifacts/fullpdf_v2_independent_formal/receiver_binding_failed_attempt_history/before_receiver_binding_20260826T200545Z/004_checker2_pretruth_seal.json",
        "sha256": "44b1ba5bd702f8081f4e7e8c07a9139ccaa9e588ec938851b652d05c82693803",
        "size": 926
      }
    ]
  },
  "version": "fullpdf_v2"
}

===== EXACT GLOBAL CONSTANTS =====

STAGE4_LEDGER @ line 43
S4 / 'artifacts/fullpdf_v2/formal_prediction_ledger_run1.jsonl'

RUN1_LEDGER @ line 76
OUT / 'decision_pass_run1.jsonl'

RUN2_LEDGER @ line 77
OUT / 'decision_pass_run2.jsonl'

SEALED_LEDGER @ line 78
OUT / 'decision_ledger_sealed.jsonl'

SEAL_REPORT @ line 79
OUT / 'decision_ledger_seal.json'

EVALUATOR_ROWS @ line 80
OUT / 'formal_evaluator_rows.jsonl'

EXPECTED_STAGE4_LEDGER_SHA @ line 98
'2dd3c396d5c365677c41b3a0df6344a7c28d423daaa368dbe466bd4b17b4c2a8'

FORMAL_TRUTH_OPENED @ line 112
False

DECISION_LEDGER_SEALED @ line 113
False

===== EXACT RELEVANT FUNCTIONS =====

==============================================================================
sha256_file | lines 128-138
==============================================================================
def sha256_file(path: Path) -> str:
    h = hashlib.sha256()

    with path.open("rb") as f:
        for chunk in iter(
            lambda: f.read(1024 * 1024),
            b"",
        ):
            h.update(chunk)

    return h.hexdigest()

==============================================================================
canonical_json | lines 141-148
==============================================================================
def canonical_json(obj: Any) -> str:
    return json.dumps(
        obj,
        sort_keys=True,
        separators=(",", ":"),
        ensure_ascii=False,
        allow_nan=False,
    )

==============================================================================
json_safe | lines 151-196
==============================================================================
def json_safe(obj: Any) -> Any:
    if dataclasses.is_dataclass(obj):
        return {
            k: json_safe(v)
            for k, v
            in dataclasses.asdict(obj).items()
        }

    if isinstance(obj, np.ndarray):
        return obj.tolist()

    if isinstance(obj, np.generic):
        return obj.item()

    if isinstance(obj, dict):
        return {
            str(k): json_safe(v)
            for k, v in obj.items()
        }

    if isinstance(obj, (tuple, list)):
        return [
            json_safe(v)
            for v in obj
        ]

    if isinstance(
        obj,
        (
            str,
            int,
            float,
            bool,
        ),
    ) or obj is None:
        return obj

    if hasattr(obj, "__dict__"):
        return {
            k: json_safe(v)
            for k, v
            in vars(obj).items()
            if not k.startswith("_")
        }

    return repr(obj)

==============================================================================
require | lines 266-271
==============================================================================
def require(
    condition: bool,
    message: str,
) -> None:
    if not condition:
        raise FailClosed(message)

==============================================================================
event | lines 288-298
==============================================================================
def event(
    name: str,
    **payload: Any,
) -> None:
    EVENTS.append(
        {
            "sequence": len(EVENTS) + 1,
            "event": name,
            **json_safe(payload),
        }
    )

==============================================================================
recursively_find_alias | lines 301-334
==============================================================================
def recursively_find_alias(
    obj: Any,
    aliases: Iterable[str],
) -> Any:
    wanted = {
        str(x).lower()
        for x in aliases
    }

    if isinstance(obj, dict):
        for key, value in obj.items():
            if str(key).lower() in wanted:
                return value

        for value in obj.values():
            result = recursively_find_alias(
                value,
                wanted,
            )

            if result is not None:
                return result

    elif isinstance(obj, list):
        for value in obj:
            result = recursively_find_alias(
                value,
                wanted,
            )

            if result is not None:
                return result

    return None

==============================================================================
load_json_file | lines 507-512
==============================================================================
def load_json_file(path: Path) -> Any:
    return json.loads(
        path.read_text(
            encoding="utf-8"
        )
    )

==============================================================================
load_records | lines 515-580
==============================================================================
def load_records(
    path: Path,
    *,
    limit: int | None = None,
) -> list[dict]:
    if path.suffix.lower() == ".jsonl":
        rows = []

        with path.open(
            "r",
            encoding="utf-8",
        ) as f:
            for line in f:
                if not line.strip():
                    continue

                row = json.loads(line)

                if isinstance(row, dict):
                    rows.append(row)

                if (
                    limit is not None
                    and len(rows) >= limit
                ):
                    break

        return rows

    if path.suffix.lower() == ".json":
        data = load_json_file(path)

        if isinstance(data, list):
            return [
                x
                for x in data
                if isinstance(x, dict)
            ][:limit]

        if isinstance(data, dict):
            for key in (
                "rows",
                "records",
                "items",
                "samples",
                "predictions",
                "receivers",
            ):
                value = data.get(key)

                if isinstance(value, list):
                    rows = [
                        x
                        for x in value
                        if isinstance(x, dict)
                    ]

                    return (
                        rows
                        if limit is None
                        else rows[:limit]
                    )

            return [data]

    return []

==============================================================================
has_forbidden_causal_payload | lines 726-752
==============================================================================
def has_forbidden_causal_payload(
    obj: Any,
) -> bool:
    if isinstance(obj, dict):
        for key, value in obj.items():
            low = str(key).lower()

            if any(
                token in low
                for token in CAUSAL_FORBIDDEN_TOKENS
            ):
                if not safe_negative_marker(value):
                    return True

            if has_forbidden_causal_payload(
                value
            ):
                return True

    elif isinstance(obj, list):
        for value in obj:
            if has_forbidden_causal_payload(
                value
            ):
                return True

    return False

==============================================================================
parse_dimensions | lines 770-837
==============================================================================
def parse_dimensions(
    row: dict,
) -> tuple[float, float, float] | None:
    length = recursively_find_alias(
        row,
        (
            "length_m",
            "current_length_m",
            "anchor_length_m",
            "actor_length_m",
        ),
    )

    width = recursively_find_alias(
        row,
        (
            "width_m",
            "current_width_m",
            "anchor_width_m",
            "actor_width_m",
        ),
    )

    height = recursively_find_alias(
        row,
        (
            "height_m",
            "current_height_m",
            "anchor_height_m",
            "actor_height_m",
        ),
    )

    if (
        length is not None
        and width is not None
        and height is not None
    ):
        return (
            float(length),
            float(width),
            float(height),
        )

    vector = recursively_find_alias(
        row,
        (
            "dimensions_m",
            "actor_dimensions_m",
            "box_dimensions_m",
            "current_dimensions_m",
        ),
    )

    if vector is not None:
        arr = np.asarray(
            vector,
            dtype=float,
        )

        if arr.shape == (3,):
            return (
                float(arr[0]),
                float(arr[1]),
                float(arr[2]),
            )

    return None

==============================================================================
parse_causal_row | lines 840-942
==============================================================================
def parse_causal_row(
    row: dict,
) -> dict | None:
    if has_forbidden_causal_payload(row):
        return None

    sid = recursively_find_alias(
        row,
        ("scenario_id",),
    )

    pid = recursively_find_alias(
        row,
        ("prediction_id",),
    )

    if sid is None or pid is None:
        return None

    heading = recursively_find_alias(
        row,
        (
            "heading_h0_rad",
            "current_heading_h0_rad",
            "anchor_heading_h0_rad",
            "heading_rad",
            "yaw_h0_rad",
        ),
    )

    dims = parse_dimensions(row)

    actor_class = recursively_find_alias(
        row,
        (
            "actor_class",
            "object_class",
            "semantic_class",
            "object_type",
            "class_name",
        ),
    )

    if (
        heading is None
        or dims is None
        or actor_class is None
    ):
        return None

    selected_flag = recursively_find_alias(
        row,
        (
            "selected_receiver",
            "receiver_selected",
            "is_selected_receiver",
            "is_primary_receiver",
        ),
    )

    selected_pid = recursively_find_alias(
        row,
        (
            "selected_receiver_prediction_id",
            "receiver_prediction_id",
        ),
    )

    if selected_flag is False:
        return None

    if (
        selected_pid is not None
        and str(selected_pid) != str(pid)
    ):
        return None

    if not class_is_vehicle(actor_class):
        return None

    length, width, height = dims

    if not (
        math.isfinite(float(heading))
        and length > 0.0
        and width > 0.0
        and height > 0.0
    ):
        return None

    return {
        "scenario_id": str(sid),
        "prediction_id": str(pid),
        "heading_h0_rad": float(heading),
        "length_m": float(length),
        "width_m": float(width),
        "height_m": float(height),
        "actor_class": str(actor_class),
        "selection_flag_present": (
            selected_flag is not None
            or selected_pid is not None
        ),
    }

==============================================================================
candidate_v2_paths | lines 945-1071
==============================================================================
def candidate_v2_paths(
    *,
    truth_phase: bool,
) -> list[Path]:
    paths: set[Path] = set()

    roots = [
        S4 / "artifacts/fullpdf_v2",
        S5 / "artifacts/fullpdf_v2",
        S5 / "artifacts/fullpdf_v2_repair",
        S5 / "artifacts/stage5_fullpdf_v2",
    ]

    truth_tokens = (
        "truth",
        "evaluator",
        "future",
        "target",
    )

    causal_tokens = (
        "causal",
        "binding",
        "receiver",
        "metadata",
        "current",
        "anchor",
        "identity",
    )

    for root in roots:
        if not root.exists():
            continue

        for path in root.rglob("*"):
            if not path.is_file():
                continue

            if path.suffix.lower() not in {
                ".json",
                ".jsonl",
            }:
                continue

            if path.resolve() == STAGE4_LEDGER.resolve():
                continue

            low = str(path).lower()

            if any(
                token in low
                for token in (
                    "debug",
                    "invalidated",
                    "quarantine",
                    "pre_",
                )
            ):
                continue

            if truth_phase:
                if not any(
                    token in low
                    for token in truth_tokens
                ):
                    continue
            else:
                if any(
                    token in low
                    for token in truth_tokens
                ):
                    continue

                if not any(
                    token in low
                    for token in causal_tokens
                ):
                    continue

            paths.add(path)

    # Paths explicitly mentioned by the pre-formal repair report.
    if REPAIR_REPORT.is_file():
        repair = load_json_file(
            REPAIR_REPORT
        )

        def collect_strings(obj: Any):
            if isinstance(obj, dict):
                for v in obj.values():
                    collect_strings(v)
            elif isinstance(obj, list):
                for v in obj:
                    collect_strings(v)
            elif isinstance(obj, str):
                p = Path(obj)

                if (
                    p.is_absolute()
                    and p.is_file()
                    and p.suffix.lower()
                    in {".json", ".jsonl"}
                ):
                    low = str(p).lower()

                    if truth_phase:
                        if any(
                            t in low
                            for t in truth_tokens
                        ):
                            paths.add(p)
                    else:
                        if (
                            not any(
                                t in low
                                for t in truth_tokens
                            )
                            and any(
                                t in low
                                for t in causal_tokens
                            )
                        ):
                            paths.add(p)

        collect_strings(repair)

    return sorted(paths)

==============================================================================
truth_source_for_mode | lines 2180-2217
==============================================================================
def truth_source_for_mode(
    row: dict,
    mode: str,
) -> dict:
    root = recursively_find_alias(
        row,
        (
            "receiver_truth_by_mode",
            "truth_by_receiver_mode",
            "receiver_modes",
            "evaluator_receiver_truth",
        ),
    )

    if isinstance(root, dict):
        aliases = {
            "centroid": (
                "centroid",
                "centroid_baseline",
            ),
            "known": (
                "known",
                "known_receiver_offset",
            ),
            "uncertain": (
                "uncertain",
                "uncertain_receiver_offset",
            ),
        }

        for alias in aliases[mode]:
            if alias in root:
                value = root[alias]

                if isinstance(value, dict):
                    return value

    return row

==============================================================================
truth_point_or_angle | lines 2220-2464
==============================================================================
def truth_point_or_angle(
    rows: list[dict],
    decision: dict,
) -> tuple[float, float] | None:

    mode = str(
        decision["receiver_mode"]
    )

    hidx = int(
        decision["horizon_index"]
    )

    horizon = float(
        decision["horizon_s"]
    )

    # Prefer a row explicitly carrying this horizon.
    ordered = sorted(
        rows,
        key=lambda r: (
            0
            if abs(
                float(
                    recursively_find_alias(
                        r,
                        (
                            "horizon_s",
                            "prediction_horizon_s",
                        ),
                    )
                    or -999.0
                )
                - horizon
            )
            <= 1e-6
            else 1
        ),
    )

    for row in ordered:
        source = truth_source_for_mode(
            row,
            mode,
        )

        valid = recursively_find_alias(
            source,
            (
                "valid",
                "future_valid",
                "receiver_valid",
            ),
        )

        valid = select_horizon_value(
            valid,
            hidx,
            horizon,
        )

        if valid is False:
            return None

        az = recursively_find_alias(
            source,
            (
                "receiver_azimuth_rad",
                "azimuth_rad",
                "truth_azimuth_rad",
            ),
        )

        el = recursively_find_alias(
            source,
            (
                "receiver_elevation_rad",
                "elevation_rad",
                "truth_elevation_rad",
            ),
        )

        az = select_horizon_value(
            az,
            hidx,
            horizon,
        )

        el = select_horizon_value(
            el,
            hidx,
            horizon,
        )

        if (
            az is not None
            and el is not None
            and np.isscalar(az)
            and np.isscalar(el)
        ):
            return (
                float(az),
                float(el),
            )

        receiver_point = recursively_find_alias(
            source,
            (
                "receiver_point_H0_m",
                "receiver_position_H0_m",
                "receiver_truth_H0_m",
                "future_receiver_H0_m",
            ),
        )

        receiver_point = select_horizon_value(
            receiver_point,
            hidx,
            horizon,
        )

        if receiver_point is not None:
            arr = np.asarray(
                receiver_point,
                dtype=float,
            )

            if arr.shape == (3,):
                return point_to_angles(
                    arr
                )

        # Generic future actor center.
        center = recursively_find_alias(
            row,
            (
                "future_center_H0_m",
                "future_position_H0_m",
                "future_positions_H0_m",
                "future_centers_H0_m",
                "future_actor_center_H0_m",
            ),
        )

        center = select_horizon_value(
            center,
            hidx,
            horizon,
        )

        if center is None:
            continue

        center = np.asarray(
            center,
            dtype=float,
        )

        if center.shape != (3,):
            continue

        if mode == "centroid":
            return point_to_angles(
                center
            )

        heading = recursively_find_alias(
            row,
            (
                "future_heading_H0_rad",
                "future_heading_h0_rad",
                "future_yaw_H0_rad",
                "future_yaw_h0_rad",
            ),
        )

        heading = select_horizon_value(
            heading,
            hidx,
            horizon,
        )

        if heading is None:
            continue

        geometry = (
            decision[
                "causal_actor_geometry"
            ]
        )

        length = float(
            geometry["length_m"]
        )

        if mode == "known":
            offset = np.asarray(
                [
                    -length / 2.0,
                    0.0,
                    0.0,
                ],
                dtype=float,
            )

        elif mode == "uncertain":
            # A realized uncertain receiver placement MUST
            # have been frozen pre-formal. We do not invent
            # a new evaluator draw after seeing outcomes.
            offset = recursively_find_alias(
                row,
                (
                    "realized_receiver_offset_body_m",
                    "uncertain_receiver_offset_body_m",
                    "frozen_receiver_offset_body_m",
                ),
            )

            if offset is None:
                continue

            offset = np.asarray(
                offset,
                dtype=float,
            )

            if offset.shape != (3,):
                continue

        else:
            continue

        point = (
            center
            + rotation_z(
                float(heading)
            )
            @ offset
        )

        return point_to_angles(
            point
        )

    return None

==============================================================================
resolve_truth_binding | lines 2467-2603
==============================================================================
def resolve_truth_binding(
    decision_keys: set[tuple[str, str]],
) -> tuple[Path, dict[
    tuple[str, str],
    list[dict],
]]:
    global FORMAL_TRUTH_OPENED

    require(
        DECISION_LEDGER_SEALED,
        (
            "Evaluator truth access attempted "
            "before decision-ledger seal."
        ),
    )

    FORMAL_TRUTH_OPENED = True

    event(
        "EVALUATOR_TRUTH_BOUNDARY_OPENED",
        after_decision_seal=True,
    )

    valid: list[
        tuple[
            Path,
            str,
            dict[tuple[str, str], list[dict]],
        ]
    ] = []

    for path in candidate_v2_paths(
        truth_phase=True
    ):
        try:
            rows = load_records(path)
        except Exception:
            continue

        grouped: dict[
            tuple[str, str],
            list[dict],
        ] = defaultdict(list)

        for row in rows:
            sid = recursively_find_alias(
                row,
                ("scenario_id",),
            )

            pid = recursively_find_alias(
                row,
                ("prediction_id",),
            )

            if sid is None or pid is None:
                continue

            key = (
                str(sid),
                str(pid),
            )

            if key in decision_keys:
                grouped[key].append(row)

        if not grouped:
            continue

        # Must contain actual evaluator/future endpoint data.
        sample_text = canonical_json(
            [
                json_safe(x)
                for values in list(
                    grouped.values()
                )[:5]
                for x in values[:2]
            ]
        ).lower()

        if not any(
            token in sample_text
            for token in (
                "future",
                "truth",
                "receiver_azimuth",
                "receiver_point",
                "receiver_position",
            )
        ):
            continue

        valid.append(
            (
                path,
                sha256_file(path),
                grouped,
            )
        )

    require(
        len(valid) > 0,
        (
            "No frozen V2 evaluator-truth binding "
            "could be resolved after sealing decisions."
        ),
    )

    by_sha: dict[
        str,
        list,
    ] = defaultdict(list)

    for item in valid:
        by_sha[item[1]].append(item)

    require(
        len(by_sha) == 1,
        (
            "Multiple scientifically distinct evaluator "
            f"truth bindings found: {[str(x[0]) for x in valid]}"
        ),
    )

    group = next(
        iter(by_sha.values())
    )

    chosen = sorted(
        group,
        key=lambda x: str(x[0]),
    )[0]

    return (
        chosen[0],
        chosen[2],
    )

==============================================================================
evaluate_sealed_decisions | lines 2994-3507
==============================================================================
def evaluate_sealed_decisions(
    decisions: list[dict],
    truth: dict[
        tuple[str, str],
        list[dict],
    ],
    protocol: dict,
) -> tuple[list[dict], dict]:

    rows: list[dict] = []

    for decision in decisions:
        key = (
            decision["scenario_id"],
            decision["prediction_id"],
        )

        truth_rows = truth.get(
            key,
            [],
        )

        truth_angle = (
            truth_point_or_angle(
                truth_rows,
                decision,
            )
        )

        if truth_angle is None:
            rows.append(
                {
                    "scenario_id": key[0],
                    "prediction_id": key[1],
                    "receiver_mode": (
                        decision[
                            "receiver_mode"
                        ]
                    ),
                    "codebook_size": (
                        decision[
                            "codebook_size"
                        ]
                    ),
                    "horizon_s": (
                        decision["horizon_s"]
                    ),
                    "requested_mass": (
                        decision[
                            "requested_mass"
                        ]
                    ),
                    "future_endpoint_valid": (
                        False
                    ),
                }
            )

            continue

        true_azimuth, true_elevation = (
            truth_angle
        )

        selected_hit = any(
            beam_contains(
                beam,
                true_azimuth,
            )
            for beam
            in decision["selected_beams"]
        )

        charged_beams = [
            probe["beam"]
            for probe
            in decision[
                "charged_probes"
            ]
        ]

        plan_hit = any(
            beam_contains(
                beam,
                true_azimuth,
            )
            for beam in charged_beams
        )

        charged = int(
            decision[
                "charged_probe_count"
            ]
        )

        require(
            charged == len(charged_beams),
            "Evaluator attempted hidden/free beam.",
        )

        optical_results = [
            frozen_optical_chain(
                beam,
                true_azimuth,
                true_elevation,
                charged,
            )
            for beam in charged_beams
        ]

        require(
            len(optical_results) == charged,
            (
                "Optical evaluator count != "
                "charged probe count."
            ),
        )

        # Best realized link is selected ONLY among
        # beams present in the sealed charged plan.
        best_optical = max(
            optical_results,
            key=lambda x: (
                float(
                    x[
                        "effective_rate_bps"
                    ]
                ),
                float(
                    x[
                        "optical_gain"
                    ]
                ),
            ),
        )

        rows.append(
            {
                "scenario_id": key[0],
                "prediction_id": key[1],
                "receiver_mode": (
                    decision["receiver_mode"]
                ),
                "codebook_size": (
                    int(
                        decision[
                            "codebook_size"
                        ]
                    )
                ),
                "horizon_s": (
                    float(
                        decision[
                            "horizon_s"
                        ]
                    )
                ),
                "requested_mass": (
                    float(
                        decision[
                            "requested_mass"
                        ]
                    )
                ),
                "future_endpoint_valid": True,
                "truth_azimuth_rad": (
                    true_azimuth
                ),
                "truth_elevation_rad": (
                    true_elevation
                ),
                "mass_covering_set_hit": (
                    bool(selected_hit)
                ),
                "actual_charged_plan_hit": (
                    bool(plan_hit)
                ),
                "charged_probe_count": (
                    charged
                ),
                "free_probe_count": 0,
                "probing_overhead_fraction": (
                    charged
                    / int(
                        decision[
                            "codebook_size"
                        ]
                    )
                ),
                "outside_support_probability": (
                    decision[
                        "posterior"
                    ][
                        "outside_support_probability"
                    ]
                ),
                "best_charged_optical_link": (
                    best_optical
                ),
            }
        )

    expected_modes = list(
        protocol[
            "receiver_geometry"
        ]["modes"]
    )

    expected_codebooks = [
        int(x)
        for x
        in protocol["codebooks"]["sizes"]
    ]

    expected_q = [
        float(x)
        for x
        in protocol[
            "adaptive_TopK"
        ]["coverage_targets"]
    ]

    horizons = sorted(
        {
            float(x["horizon_s"])
            for x in decisions
        }
    )

    grouped: dict[
        tuple[str, int, float, float],
        list[dict],
    ] = defaultdict(list)

    for row in rows:
        grouped[
            (
                row["receiver_mode"],
                int(
                    row["codebook_size"]
                ),
                float(row["horizon_s"]),
                float(
                    row["requested_mass"]
                ),
            )
        ].append(row)

    strata = []

    coverage_all = True
    overhead_all = True
    latency_all = True

    for mode in expected_modes:
        for size in expected_codebooks:
            for horizon in horizons:
                for q in expected_q:
                    key = (
                        mode,
                        size,
                        horizon,
                        q,
                    )

                    group = grouped.get(
                        key,
                        [],
                    )

                    valid = [
                        r
                        for r in group
                        if r.get(
                            "future_endpoint_valid"
                        )
                    ]

                    n = len(valid)

                    if n == 0:
                        empirical = None
                        mean_overhead = None
                        mean_probe_latency = None

                        coverage_pass = False
                        overhead_pass = False
                        latency_pass = False

                    else:
                        hits = sum(
                            bool(
                                r[
                                    "mass_covering_set_hit"
                                ]
                            )
                            for r in valid
                        )

                        empirical = (
                            hits / n
                        )

                        mean_overhead = float(
                            np.mean(
                                [
                                    r[
                                        "probing_overhead_fraction"
                                    ]
                                    for r in valid
                                ]
                            )
                        )

                        mean_probe_latency = float(
                            np.mean(
                                [
                                    r[
                                        "best_charged_optical_link"
                                    ][
                                        "beam_probing_latency_s"
                                    ]
                                    for r in valid
                                ]
                            )
                        )

                        # No tolerance invented after outcome:
                        # strict empirical >= requested q.
                        coverage_pass = (
                            empirical >= q
                        )

                        # Exhaustive baseline fraction = 1.
                        overhead_pass = (
                            mean_overhead < 1.0
                        )

                        latency_pass = (
                            math.isfinite(
                                mean_probe_latency
                            )
                            and mean_probe_latency
                            >= 0.0
                        )

                    coverage_all &= (
                        coverage_pass
                    )

                    overhead_all &= (
                        overhead_pass
                    )

                    latency_all &= (
                        latency_pass
                    )

                    strata.append(
                        {
                            "receiver_mode": mode,
                            "codebook_size": size,
                            "horizon_s": horizon,
                            "requested_mass": q,
                            "valid_endpoints": n,
                            "empirical_coverage": (
                                empirical
                            ),
                            "coverage_pass": (
                                coverage_pass
                            ),
                            "mean_actual_charged_overhead_fraction": (
                                mean_overhead
                            ),
                            "overhead_reduction_vs_exhaustive_pass": (
                                overhead_pass
                            ),
                            "mean_beam_probing_latency_s": (
                                mean_probe_latency
                            ),
                            "latency_pass": (
                                latency_pass
                            ),
                        }
                    )

    valid_rows = [
        r
        for r in rows
        if r.get(
            "future_endpoint_valid"
        )
    ]

    no_free_probes = (
        len(valid_rows) > 0
        and all(
            int(
                r[
                    "free_probe_count"
                ]
            )
            == 0
            for r in valid_rows
        )
    )

    optical_complete = (
        len(valid_rows) > 0
    )

    optical_fields = (
        "optical_gain",
        "received_power_normalized",
        "snr_linear",
        "snr_db",
        "DPSK_BER",
        "effective_rate_bps",
        "beam_probing_latency_s",
    )

    for row in valid_rows:
        link = row[
            "best_charged_optical_link"
        ]

        for field in optical_fields:
            if field not in link:
                optical_complete = False
                continue

            value = float(
                link[field]
            )

            if field != "snr_db":
                if not math.isfinite(value):
                    optical_complete = False

    summary = {
        "valid_evaluator_rows": (
            len(valid_rows)
        ),
        "total_decision_rows": (
            len(decisions)
        ),
        "strata": strata,
        "requested_coverage_all_strata_pass": (
            coverage_all
        ),
        "overhead_reduction_vs_exhaustive_all_strata_pass": (
            overhead_all
        ),
        "latency_all_strata_pass": (
            latency_all
        ),
        "no_free_probes": (
            no_free_probes
        ),
        "full_optical_chain_complete": (
            optical_complete
        ),
        "recovery_event_counts": {
            "local_neighbor": sum(
                any(
                    (
                        p["beam"].get(
                            "provenance"
                        )
                        == "local_neighbor_recovery"
                    )
                    for p in d[
                        "charged_probes"
                    ]
                )
                for d in decisions
            ),
            "widened_fallback": sum(
                any(
                    (
                        p["beam"].get(
                            "provenance"
                        )
                        == "widened_fallback"
                    )
                    for p in d[
                        "charged_probes"
                    ]
                )
                for d in decisions
            ),
            "exhaustive_loss_of_lock": sum(
                any(
                    (
                        p["beam"].get(
                            "provenance"
                        )
                        == "exhaustive_loss_of_lock"
                    )
                    for p in d[
                        "charged_probes"
                    ]
                )
                for d in decisions
            ),
        },
        "note": (
            "Recovery mechanisms are structurally mandatory; "
            "a zero formal occurrence is not itself a failure "
            "when the frozen regression exercises the mechanism."
        ),
    }

    return rows, summary
