Traceback (most recent call last):
  File "/home/agni/waymo/iscai_stage6/scripts/repair_block68_part2b_part1_grid_binding_v2.py", line 1369, in <module>
    main()
    ~~~~^^
  File "/home/agni/waymo/iscai_stage6/scripts/repair_block68_part2b_part1_grid_binding_v2.py", line 922, in main
    require(
    ~~~~~~~^
        EXPECTED_BINDING_SHA
        ^^^^^^^^^^^^^^^^^^^^
    ...<5 lines>...
        ),
        ^^
    )
    ^
  File "/home/agni/waymo/iscai_stage6/scripts/repair_block68_part2b_part1_grid_binding_v2.py", line 438, in require
    raise RuntimeError(message)
RuntimeError: Replacement function does not seal frozen binding SHA.
============================================================
BLOCK 6.8 PART2B PART1 GRID PATCH V2
WHOLE-RUNNER SHA SEALED / AST FUNCTION REPLACEMENT
============================================================

===== A. EXACT PRE-PATCH STATE =====
runner pre-patch SHA = EXACT PASS
grid binding SHA     = EXACT PASS
scientific grid      = ALREADY FROZEN

===== B. SCIENTIFIC OUTPUT BOUNDARY =====
reactive maps       = ABSENT
decision ledger     = ABSENT
freeze report       = ABSENT
performance outcomes= NOT READ
future truth        = NOT READ

===== C. AST PATCH TARGET =====
resolve_grid count    = 1
resolve_grid lines    = 461..722
old function SHA256   = 2a32646a82709818a1e62fdc7dc1b816cba2ab0b8b44c4c504b63724b987c2cd
brittle string gate   = REMOVED

===== D. VERIFIED BACKUP =====
backup SHA256 = EXACT PASS

===== E. BUILD SINGLE-FUNCTION PATCH =====

============================================================
BLOCK 6.8 PART2B PART1 GRID PATCH V2 = BLOCKED
============================================================
exception = RuntimeError Replacement function does not seal frozen binding SHA.


scientific parameter edit = NO
reactive performance      = NOT READ
predictive performance    = NOT READ
future truth              = NOT READ
P_occ content             = NOT OPENED
exact NI deltas           = NOT COMPUTED
formal evaluation         = NO
Do not manually edit scientific modules.
terminal remains open = YES
