========================================================================
BLOCK 6.5 PART2B — CLASS-AGNOSTIC GAMMA FREEZE + REAL MASK SMOKE
========================================================================

===== A. IMMUTABLE UPSTREAM SEAL =====
Part1 predictive-mask module   = EXACT PASS
Part1 contract                 = EXACT PASS
Part1 report                   = EXACT PASS
gamma preregistration          = EXACT PASS
exhaustive gamma curve         = EXACT PASS
Part2A report                  = EXACT PASS
Block6.4 numeric freeze        = EXACT PASS
Block6.4 handoff               = EXACT PASS
frozen N=8192 counts           = EXACT PASS
convergence report             = EXACT PASS
identity-safe posterior        = EXACT PASS

===== B. GAMMA PREREGISTRATION GATE =====
gamma scope          = CLASS-AGNOSTIC BASELINE
gamma                = 0.5
threshold            = STRICT >
P_occ == gamma       = INACTIVE
selection            = PREREGISTERED / NOT POSTHOC
curve validation     = GLOBAL MINIMIZER PASS
tied minimizers      = 2 | prereg resolves choice

===== C. CLASS-AGNOSTIC GAMMA FREEZE =====
gamma freeze = /home/agni/waymo/iscai_stage6/configs/block65_class_agnostic_gamma_freeze.json
gamma freeze SHA256 = e307a217d45c044588f6fd32257291c6ae95ef8c86bf305de69ebab7a45a5992
class-aware gamma frozen = NO

===== D. REAL CAUSAL PLAN / FALLBACK PRESERVATION =====
scenario              = b85e1bd6cc8e74c0
causal ADB boxes      = 9
matched actors        = 6
reactive fallback box indices = (1, 3, 8)
unmatched predictors  = 21
matched actor classes = ('TYPE_VEHICLE', 'TYPE_VEHICLE', 'TYPE_VEHICLE', 'TYPE_VEHICLE', 'TYPE_VEHICLE', 'TYPE_VEHICLE')
future GT             = NO
perfect identity      = NO

===== E. REAL N=8192 OCCUPANCY BINDING =====
actor 0 | prediction=s3trk-000004 | positive P_occ cells=0
actor 1 | prediction=s3trk-000007 | positive P_occ cells=0
actor 2 | prediction=s3trk-000010 | positive P_occ cells=38865
actor 3 | prediction=s3trk-000016 | positive P_occ cells=0
actor 4 | prediction=s3trk-000019 | positive P_occ cells=45422
actor 5 | prediction=s3trk-000024 | positive P_occ cells=0

===== F. PUBLIC CLASS-AGNOSTIC MASK SMOKE =====
public per-actor parity      = EXACT PASS
public multi-actor parity    = EXACT PASS
P_occ == 0.5 cell count      = 0
strict equality handling     = PASS
actor mask cells             = (0, 0, 183, 0, 1190, 0)
union cells by horizon       = (933, 440, 0, 0)
union cells total            = 1373
horizon 0.5s mask active     = False
horizon 1.0s mask active     = False
final illumination composition = NO

===== G. REAL MASK ARTIFACTS =====
actor masks = /home/agni/waymo/iscai_stage6/artifacts/block65/block65_gamma0p5_real_actor_masks.npy
actor masks SHA256 = 9eb0ba3738dcbfd24d0d5ddcf1474f301cc08162b22fc109ecccf28af70c89c4
union mask = /home/agni/waymo/iscai_stage6/artifacts/block65/block65_gamma0p5_real_union_mask.npy
union mask SHA256 = c707d3417106528d6604e65e963f4e4a269c7b8beaf1023a7fa6b06de21c4e60

===== H. FRESH STAGE6 REGRESSION =====
.................................................................................................................................................
----------------------------------------------------------------------
Ran 145 tests in 0.175s

OK
fresh regression = PASS | 145

===== I. BLOCK6.5 PART2B REPORT =====
report = /home/agni/waymo/iscai_stage6/reports/block65_part2b_gamma_freeze_real_mask_smoke.json
report SHA256 = 2473921ce335057599b1235c9dcbc6f0495cf7736de4fbfad202c9493c45b179

===== J. BLOCK6.5 FREEZE MANIFEST =====
freeze manifest = /home/agni/waymo/iscai_stage6/artifacts/block65/block65_class_agnostic_gamma_freeze_manifest.json
freeze SHA256 = ef9f4a5ca484001c90a0d456644076846551f11a360193c01c29bfbf1279aea9

===== K. BLOCK6.5 → BLOCK6.6 HANDOFF =====
handoff = /home/agni/waymo/iscai_stage6/artifacts/block65/block65_to_block66_handoff.json
handoff SHA256 = 124aaedfb39867109a5ddbf5dc7ef243188df798e5ac19b4b289418ec5ffe700

========================================================================
BLOCK 6.5 PART2B — FINAL
========================================================================
STATUS = PASS_BLOCK65_CLASS_AGNOSTIC_MASK_BASELINE_FROZEN
gamma scope              = CLASS-AGNOSTIC BASELINE ONLY
gamma                    = 0.5 | FROZEN
threshold                = STRICT P_occ > 0.5
posthoc selection        = NO
MC N / seed              = 8192 / 20260821
real matched actors      = 6
reactive fallback boxes  = (1, 3, 8)
real predictive union    = (933, 440, 0, 0)
real predictive cells    = 1373
horizon 0.5s / 1.0s      = 0 / 0 MASK CELLS
treated as software error= NO
reactive L(theta,r) changed = NO
final intensity composition = NO
class-aware gamma frozen = NO
class-aware floors/margins= NO
formal evaluation        = NO
formal outcomes read     = NO
new MC sampling          = NO
model forward            = NO
training/recalibration   = NO / NO
fresh Stage6 regression  = PASS | 145
gamma freeze SHA256      = e307a217d45c044588f6fd32257291c6ae95ef8c86bf305de69ebab7a45a5992
actor mask SHA256        = 9eb0ba3738dcbfd24d0d5ddcf1474f301cc08162b22fc109ecccf28af70c89c4
union mask SHA256        = c707d3417106528d6604e65e963f4e4a269c7b8beaf1023a7fa6b06de21c4e60
report SHA256            = 2473921ce335057599b1235c9dcbc6f0495cf7736de4fbfad202c9493c45b179
freeze SHA256            = ef9f4a5ca484001c90a0d456644076846551f11a360193c01c29bfbf1279aea9
handoff SHA256           = 124aaedfb39867109a5ddbf5dc7ef243188df798e5ac19b4b289418ec5ffe700
NEXT = BLOCK6.6 CLASS-AWARE DEVELOPMENT COHORT + POLICY PREREGISTRATION
terminal remains open = YES
========================================================================
